Archive member included to satisfy reference by file (symbol)

c:/users/abdul/onedrive/documents/toolchain-gd32v-v202-win/compiler/bin/../lib/gcc/riscv64-unknown-elf/8.3.0/rv32imac/ilp32\libgcc.a(divdf3.o)
                              build/systick.o (__divdf3)
c:/users/abdul/onedrive/documents/toolchain-gd32v-v202-win/compiler/bin/../lib/gcc/riscv64-unknown-elf/8.3.0/rv32imac/ilp32\libgcc.a(ledf2.o)
                              build/systick.o (__ltdf2)
c:/users/abdul/onedrive/documents/toolchain-gd32v-v202-win/compiler/bin/../lib/gcc/riscv64-unknown-elf/8.3.0/rv32imac/ilp32\libgcc.a(muldf3.o)
                              build/systick.o (__muldf3)
c:/users/abdul/onedrive/documents/toolchain-gd32v-v202-win/compiler/bin/../lib/gcc/riscv64-unknown-elf/8.3.0/rv32imac/ilp32\libgcc.a(floatunsidf.o)
                              build/systick.o (__floatunsidf)
c:/users/abdul/onedrive/documents/toolchain-gd32v-v202-win/compiler/bin/../lib/gcc/riscv64-unknown-elf/8.3.0/rv32imac/ilp32\libgcc.a(floatundidf.o)
                              build/systick.o (__floatundidf)
c:/users/abdul/onedrive/documents/toolchain-gd32v-v202-win/compiler/bin/../lib/gcc/riscv64-unknown-elf/8.3.0/rv32imac/ilp32\libgcc.a(divsf3.o)
                              build/main.o (__divsf3)
c:/users/abdul/onedrive/documents/toolchain-gd32v-v202-win/compiler/bin/../lib/gcc/riscv64-unknown-elf/8.3.0/rv32imac/ilp32\libgcc.a(gesf2.o)
                              build/main.o (__gtsf2)
c:/users/abdul/onedrive/documents/toolchain-gd32v-v202-win/compiler/bin/../lib/gcc/riscv64-unknown-elf/8.3.0/rv32imac/ilp32\libgcc.a(lesf2.o)
                              build/main.o (__ltsf2)
c:/users/abdul/onedrive/documents/toolchain-gd32v-v202-win/compiler/bin/../lib/gcc/riscv64-unknown-elf/8.3.0/rv32imac/ilp32\libgcc.a(mulsf3.o)
                              build/main.o (__mulsf3)
c:/users/abdul/onedrive/documents/toolchain-gd32v-v202-win/compiler/bin/../lib/gcc/riscv64-unknown-elf/8.3.0/rv32imac/ilp32\libgcc.a(subsf3.o)
                              build/main.o (__subsf3)
c:/users/abdul/onedrive/documents/toolchain-gd32v-v202-win/compiler/bin/../lib/gcc/riscv64-unknown-elf/8.3.0/rv32imac/ilp32\libgcc.a(fixsfsi.o)
                              build/main.o (__fixsfsi)
c:/users/abdul/onedrive/documents/toolchain-gd32v-v202-win/compiler/bin/../lib/gcc/riscv64-unknown-elf/8.3.0/rv32imac/ilp32\libgcc.a(floatsisf.o)
                              build/main.o (__floatsisf)
c:/users/abdul/onedrive/documents/toolchain-gd32v-v202-win/compiler/bin/../lib/gcc/riscv64-unknown-elf/8.3.0/rv32imac/ilp32\libgcc.a(_lshrdi3.o)
                              c:/users/abdul/onedrive/documents/toolchain-gd32v-v202-win/compiler/bin/../lib/gcc/riscv64-unknown-elf/8.3.0/rv32imac/ilp32\libgcc.a(floatundidf.o) (__lshrdi3)
c:/users/abdul/onedrive/documents/toolchain-gd32v-v202-win/compiler/bin/../lib/gcc/riscv64-unknown-elf/8.3.0/rv32imac/ilp32\libgcc.a(_ashldi3.o)
                              c:/users/abdul/onedrive/documents/toolchain-gd32v-v202-win/compiler/bin/../lib/gcc/riscv64-unknown-elf/8.3.0/rv32imac/ilp32\libgcc.a(floatundidf.o) (__ashldi3)
c:/users/abdul/onedrive/documents/toolchain-gd32v-v202-win/compiler/bin/../lib/gcc/riscv64-unknown-elf/8.3.0/rv32imac/ilp32\libgcc.a(_clzsi2.o)
                              c:/users/abdul/onedrive/documents/toolchain-gd32v-v202-win/compiler/bin/../lib/gcc/riscv64-unknown-elf/8.3.0/rv32imac/ilp32\libgcc.a(divdf3.o) (__clzsi2)
c:/users/abdul/onedrive/documents/toolchain-gd32v-v202-win/compiler/bin/../lib/gcc/riscv64-unknown-elf/8.3.0/rv32imac/ilp32\libgcc.a(_clz.o)
                              c:/users/abdul/onedrive/documents/toolchain-gd32v-v202-win/compiler/bin/../lib/gcc/riscv64-unknown-elf/8.3.0/rv32imac/ilp32\libgcc.a(_clzsi2.o) (__clz_tab)
c:/users/abdul/onedrive/documents/toolchain-gd32v-v202-win/compiler/bin/../lib/gcc/riscv64-unknown-elf/8.3.0/../../../../riscv64-unknown-elf/lib/rv32imac/ilp32\libc_nano.a(lib_a-atexit.o)
                              build/start.o (atexit)
c:/users/abdul/onedrive/documents/toolchain-gd32v-v202-win/compiler/bin/../lib/gcc/riscv64-unknown-elf/8.3.0/../../../../riscv64-unknown-elf/lib/rv32imac/ilp32\libc_nano.a(lib_a-exit.o)
                              build/start.o (exit)
c:/users/abdul/onedrive/documents/toolchain-gd32v-v202-win/compiler/bin/../lib/gcc/riscv64-unknown-elf/8.3.0/../../../../riscv64-unknown-elf/lib/rv32imac/ilp32\libc_nano.a(lib_a-fflush.o)
                              build/main.o (fflush)
c:/users/abdul/onedrive/documents/toolchain-gd32v-v202-win/compiler/bin/../lib/gcc/riscv64-unknown-elf/8.3.0/../../../../riscv64-unknown-elf/lib/rv32imac/ilp32\libc_nano.a(lib_a-findfp.o)
                              c:/users/abdul/onedrive/documents/toolchain-gd32v-v202-win/compiler/bin/../lib/gcc/riscv64-unknown-elf/8.3.0/../../../../riscv64-unknown-elf/lib/rv32imac/ilp32\libc_nano.a(lib_a-fflush.o) (__sinit)
[...]
Memory Configuration

Name             Origin             Length             Attributes
flash            0x0000000008000000 0x0000000000020000 axrl !w
ram              0x0000000020000000 0x0000000000008000 axw !rl
*default*        0x0000000000000000 0xffffffffffffffff

Linker script and memory map

LOAD build/gd32vf103_adc.o
LOAD build/gd32vf103_bkp.o
LOAD build/gd32vf103_can.o
LOAD build/gd32vf103_crc.o
LOAD build/gd32vf103_dac.o
LOAD build/gd32vf103_dbg.o
LOAD build/gd32vf103_dma.o
LOAD build/gd32vf103_eclic.o
LOAD build/gd32vf103_exmc.o
LOAD build/gd32vf103_exti.o
LOAD build/gd32vf103_fmc.o
LOAD build/gd32vf103_fwdgt.o
LOAD build/gd32vf103_gpio.o
LOAD build/gd32vf103_i2c.o
LOAD build/gd32vf103_pmu.o
LOAD build/gd32vf103_rcu.o
LOAD build/gd32vf103_rtc.o
LOAD build/gd32vf103_spi.o
LOAD build/gd32vf103_timer.o
LOAD build/gd32vf103_usart.o
LOAD build/gd32vf103_wwdgt.o
LOAD build/system_gd32vf103.o
LOAD build/_exit.o
LOAD build/close.o
LOAD build/fstat.o
LOAD build/isatty.o
LOAD build/lseek.o
LOAD build/read.o
LOAD build/sbrk.o
LOAD build/write.o
LOAD build/write_hex.o
LOAD build/n200_func.o
LOAD build/handlers.o
LOAD build/init.o
LOAD build/cdc_acm_core.o
LOAD build/drv_usb_core.o
LOAD build/drv_usb_dev.o
LOAD build/drv_usbd_int.o
LOAD build/gd32vf103_hw.o
LOAD build/gd32vf103_usb_it.o
LOAD build/usb_delay.o
LOAD build/usb_serial_if.o
LOAD build/usbd_core.o
LOAD build/usbd_enum.o
LOAD build/usbd_transc.o
LOAD build/weak.o
LOAD build/adc.o
LOAD build/lioonewire.o
LOAD build/main.o
LOAD build/systick.o
LOAD build/start.o
LOAD build/entry.o
LOAD c:/users/abdul/onedrive/documents/toolchain-gd32v-v202-win/compiler/bin/../lib/gcc/riscv64-unknown-elf/8.3.0/rv32imac/ilp32\libgcc.a
LOAD c:/users/abdul/onedrive/documents/toolchain-gd32v-v202-win/compiler/bin/../lib/gcc/riscv64-unknown-elf/8.3.0/../../../../riscv64-unknown-elf/lib/rv32imac/ilp32\libc_nano.a
LOAD c:/users/abdul/onedrive/documents/toolchain-gd32v-v202-win/compiler/bin/../lib/gcc/riscv64-unknown-elf/8.3.0/rv32imac/ilp32\libgcc.a
START GROUP
LOAD c:/users/abdul/onedrive/documents/toolchain-gd32v-v202-win/compiler/bin/../lib/gcc/riscv64-unknown-elf/8.3.0/rv32imac/ilp32\libgcc.a
LOAD c:/users/abdul/onedrive/documents/toolchain-gd32v-v202-win/compiler/bin/../lib/gcc/riscv64-unknown-elf/8.3.0/../../../../riscv64-unknown-elf/lib/rv32imac/ilp32\libc_nano.a
LOAD c:/users/abdul/onedrive/documents/toolchain-gd32v-v202-win/compiler/bin/../lib/gcc/riscv64-unknown-elf/8.3.0/../../../../riscv64-unknown-elf/lib/rv32imac/ilp32\libgloss_nano.a
END GROUP
                0x0000000000001000                __stack_size = DEFINED (__stack_size)?__stack_size:0x1000
                0x0000000000000000                __dbg_stack_size = DEFINED (__dbg_stack_size)?__dbg_stack_size:0x0

.init           0x0000000008000000      0x254
 *(SORT_NONE(.init))
 .init          0x0000000008000000      0x254 build/start.o
                0x000000000800015c                _start
                0x0000000008000246                disable_mcycle_minstret
                0x000000000800024c                enable_mcycle_minstret

.ilalign        0x0000000008000254        0x0
                0x0000000008000254                . = ALIGN (0x4)
                [!provide]                        PROVIDE (_ilm_lma = .)

.ialign         0x0000000008000254        0x0
                [!provide]                        PROVIDE (_ilm = .)

.text           0x0000000008000280     0x6108
 *(.rodata .rodata.*)
 .rodata        0x0000000008000280       0x10 build/gd32vf103_rcu.o
 .rodata._exit.str1.4
                0x0000000008000290       0x1f build/_exit.o
                                         0x23 (size before relaxing)
 *fill*         0x00000000080002af        0x1 
 .rodata.write_hex.str1.4
                0x00000000080002b0        0x3 build/write_hex.o
 *fill*         0x00000000080002b3        0x1 
 .rodata.handle_nmi.str1.4
                0x00000000080002b4        0x5 build/handlers.o
 *fill*         0x00000000080002b9        0x3 
 .rodata.handle_trap.str1.4
                0x00000000080002bc        0x6 build/handlers.o
 *fill*         0x00000000080002c2        0x2 
 .rodata.__compound_literal.0
                0x00000000080002c4       0x18 build/cdc_acm_core.o
 .rodata.__compound_literal.1
                0x00000000080002dc       0x3a build/cdc_acm_core.o
 *fill*         0x0000000008000316        0x2 
 .rodata.__compound_literal.2
                0x0000000008000318       0x30 build/cdc_acm_core.o
 .rodata.device_descriptor
                0x0000000008000348       0x12 build/cdc_acm_core.o
                0x0000000008000348                device_descriptor
 *fill*         0x000000000800035a        0x2 
 .rodata.usbd_strings
                0x000000000800035c       0x10 build/cdc_acm_core.o
                0x000000000800035c                usbd_strings
 .rodata.ep_type
                0x000000000800036c       0x10 build/usbd_core.o
                0x000000000800036c                ep_type
 .rodata._std_dev_req
                0x000000000800037c       0x34 build/usbd_enum.o
 .rodata        0x00000000080003b0       0x4e build/main.o
 *fill*         0x00000000080003fe        0x2 
 .rodata.delay_1ms.cst8
                0x0000000008000400        0x8 build/systick.o
 .rodata.delay_1us.cst8
                0x0000000008000408        0x8 build/systick.o
 .rodata        0x0000000008000410       0x3c c:/users/abdul/onedrive/documents/toolchain-gd32v-v202-win/compiler/bin/../lib/gcc/riscv64-unknown-elf/8.3.0/rv32imac/ilp32\libgcc.a(divdf3.o)
 .rodata        0x000000000800044c       0x3c c:/users/abdul/onedrive/documents/toolchain-gd32v-v202-win/compiler/bin/../lib/gcc/riscv64-unknown-elf/8.3.0/rv32imac/ilp32\libgcc.a(muldf3.o)
 .rodata        0x0000000008000488       0x3c c:/users/abdul/onedrive/documents/toolchain-gd32v-v202-win/compiler/bin/../lib/gcc/riscv64-unknown-elf/8.3.0/rv32imac/ilp32\libgcc.a(mulsf3.o)
 .rodata        0x00000000080004c4      0x100 c:/users/abdul/onedrive/documents/toolchain-gd32v-v202-win/compiler/bin/../lib/gcc/riscv64-unknown-elf/8.3.0/rv32imac/ilp32\libgcc.a(_clz.o)
                0x00000000080004c4                __clz_tab
 .rodata.__sf_fake_stderr
                0x00000000080005c4       0x20 c:/users/abdul/onedrive/documents/toolchain-gd32v-v202-win/compiler/bin/../lib/gcc/riscv64-unknown-elf/8.3.0/../../../../riscv64-unknown-elf/lib/rv32imac/ilp32\libc_nano.a(lib_a-findfp.o)
                0x00000000080005c4                __sf_fake_stderr
 .rodata.__sf_fake_stdin
                0x00000000080005e4       0x20 c:/users/abdul/onedrive/documents/toolchain-gd32v-v202-win/compiler/bin/../lib/gcc/riscv64-unknown-elf/8.3.0/../../../../riscv64-unknown-elf/lib/rv32imac/ilp32\libc_nano.a(lib_a-findfp.o)
                0x00000000080005e4                __sf_fake_stdin
 .rodata.__sf_fake_stdout
                0x0000000008000604       0x20 c:/users/abdul/onedrive/documents/toolchain-gd32v-v202-win/compiler/bin/../lib/gcc/riscv64-unknown-elf/8.3.0/../../../../riscv64-unknown-elf/lib/rv32imac/ilp32\libc_nano.a(lib_a-findfp.o)
                0x0000000008000604                __sf_fake_stdout
 .rodata._vfprintf_r.str1.4
                0x0000000008000624       0x13 c:/users/abdul/onedrive/documents/toolchain-gd32v-v202-win/compiler/bin/../lib/gcc/riscv64-unknown-elf/8.3.0/../../../../riscv64-unknown-elf/lib/rv32imac/ilp32\libc_nano.a(lib_a-nano-vfprintf.o)
 *fill*         0x0000000008000637        0x1 
 .rodata._printf_i.str1.4
                0x0000000008000638       0x28 c:/users/abdul/onedrive/documents/toolchain-gd32v-v202-win/compiler/bin/../lib/gcc/riscv64-unknown-elf/8.3.0/../../../../riscv64-unknown-elf/lib/rv32imac/ilp32\libc_nano.a(lib_a-nano-vfprintf_i.o)
                                         0x25 (size before relaxing)
 *(.text.unlikely .text.unlikely.*)
 *(.text.startup .text.startup.*)
 .text.startup.main
                0x0000000008000660       0x60 build/main.o
                0x0000000008000660                main
 *(.text .text.*)
 .text.adc_deinit
                0x00000000080006c0       0x50 build/gd32vf103_adc.o
                0x00000000080006c0                adc_deinit
 .text.adc_mode_config
                0x0000000008000710       0x20 build/gd32vf103_adc.o
                0x0000000008000710                adc_mode_config
 .text.adc_special_function_config
                0x0000000008000730       0x48 build/gd32vf103_adc.o
                0x0000000008000730                adc_special_function_config
 .text.adc_data_alignment_config
                0x0000000008000778       0x1a build/gd32vf103_adc.o
                0x0000000008000778                adc_data_alignment_config
 .text.adc_enable
                0x0000000008000792       0x10 build/gd32vf103_adc.o
                0x0000000008000792                adc_enable
 .text.adc_calibration_enable
                0x00000000080007a2       0x22 build/gd32vf103_adc.o
                0x00000000080007a2                adc_calibration_enable
 .text.adc_tempsensor_vrefint_enable
                0x00000000080007c4       0x14 build/gd32vf103_adc.o
                0x00000000080007c4                adc_tempsensor_vrefint_enable
 .text.adc_dma_mode_enable
                0x00000000080007d8        0xa build/gd32vf103_adc.o
                0x00000000080007d8                adc_dma_mode_enable
 .text.adc_channel_length_config
                0x00000000080007e2       0x4a build/gd32vf103_adc.o
                0x00000000080007e2                adc_channel_length_config
 .text.adc_regular_channel_config
                0x000000000800082c       0xbe build/gd32vf103_adc.o
                0x000000000800082c                adc_regular_channel_config
 .text.adc_inserted_channel_config
                0x00000000080008ea       0x76 build/gd32vf103_adc.o
                0x00000000080008ea                adc_inserted_channel_config
 .text.adc_external_trigger_source_config
                0x0000000008000960       0x34 build/gd32vf103_adc.o
                0x0000000008000960                adc_external_trigger_source_config
 .text.adc_external_trigger_config
                0x0000000008000994       0x3a build/gd32vf103_adc.o
                0x0000000008000994                adc_external_trigger_config
 .text.adc_software_trigger_enable
                0x00000000080009ce       0x20 build/gd32vf103_adc.o
                0x00000000080009ce                adc_software_trigger_enable
 .text.dma_deinit
                0x00000000080009ee       0x44 build/gd32vf103_dma.o
                0x00000000080009ee                dma_deinit
 .text.dma_init
                0x0000000008000a32       0x8c build/gd32vf103_dma.o
                0x0000000008000a32                dma_init
 .text.dma_circulation_enable
                0x0000000008000abe       0x26 build/gd32vf103_dma.o
                0x0000000008000abe                dma_circulation_enable
 .text.dma_channel_enable
                0x0000000008000ae4       0x26 build/gd32vf103_dma.o
                0x0000000008000ae4                dma_channel_enable
 .text.eclic_global_interrupt_enable
                0x0000000008000b0a        0x6 build/gd32vf103_eclic.o
                0x0000000008000b0a                eclic_global_interrupt_enable
 .text.eclic_priority_group_set
                0x0000000008000b10        0x8 build/gd32vf103_eclic.o
                0x0000000008000b10                eclic_priority_group_set
 .text.eclic_irq_enable
                0x0000000008000b18       0x34 build/gd32vf103_eclic.o
                0x0000000008000b18                eclic_irq_enable
 .text.exti_init
                0x0000000008000b4c       0xa0 build/gd32vf103_exti.o
                0x0000000008000b4c                exti_init
 .text.exti_interrupt_enable
                0x0000000008000bec       0x10 build/gd32vf103_exti.o
                0x0000000008000bec                exti_interrupt_enable
 .text.exti_interrupt_flag_clear
                0x0000000008000bfc        0xa build/gd32vf103_exti.o
                0x0000000008000bfc                exti_interrupt_flag_clear
 .text.gpio_init
                0x0000000008000c06       0xa4 build/gd32vf103_gpio.o
                0x0000000008000c06                gpio_init
 .text.gpio_bit_set
                0x0000000008000caa        0x4 build/gd32vf103_gpio.o
                0x0000000008000caa                gpio_bit_set
 .text.gpio_bit_reset
                0x0000000008000cae        0x4 build/gd32vf103_gpio.o
                0x0000000008000cae                gpio_bit_reset
 .text.gpio_input_bit_get
                0x0000000008000cb2        0xa build/gd32vf103_gpio.o
                0x0000000008000cb2                gpio_input_bit_get
 .text.rcu_periph_clock_enable
                0x0000000008000cbc       0x18 build/gd32vf103_rcu.o
                0x0000000008000cbc                rcu_periph_clock_enable
 .text.rcu_periph_reset_enable
                0x0000000008000cd4       0x18 build/gd32vf103_rcu.o
                0x0000000008000cd4                rcu_periph_reset_enable
 .text.rcu_periph_reset_disable
                0x0000000008000cec       0x1c build/gd32vf103_rcu.o
                0x0000000008000cec                rcu_periph_reset_disable
 .text.rcu_adc_clock_config
                0x0000000008000d08       0x40 build/gd32vf103_rcu.o
                0x0000000008000d08                rcu_adc_clock_config
 .text.rcu_usb_clock_config
                0x0000000008000d48       0x14 build/gd32vf103_rcu.o
                0x0000000008000d48                rcu_usb_clock_config
 .text.rcu_clock_freq_get
                0x0000000008000d5c      0x13a build/gd32vf103_rcu.o
                0x0000000008000d5c                rcu_clock_freq_get
 .text.timer_deinit
                0x0000000008000e96       0xd2 build/gd32vf103_timer.o
                0x0000000008000e96                timer_deinit
 .text.timer_init
                0x0000000008000f68       0x8e build/gd32vf103_timer.o
                0x0000000008000f68                timer_init
 .text.timer_enable
                0x0000000008000ff6        0xa build/gd32vf103_timer.o
                0x0000000008000ff6                timer_enable
 .text.SystemInit
                0x0000000008001000      0x11c build/system_gd32vf103.o
                0x0000000008001000                SystemInit
 .text.SystemCoreClockUpdate
                0x000000000800111c       0xca build/system_gd32vf103.o
                0x000000000800111c                SystemCoreClockUpdate
 .text._exit    0x00000000080011e6       0x4c build/_exit.o
                0x00000000080011e6                _exit
 .text._close   0x0000000008001232        0x4 build/close.o
                0x0000000008001232                _close
 .text._fstat   0x0000000008001236       0x22 build/fstat.o
                0x0000000008001236                _fstat
 .text._isatty  0x0000000008001258        0x8 build/isatty.o
                0x0000000008001258                _isatty
 .text._lseek   0x0000000008001260       0x1a build/lseek.o
                0x0000000008001260                _lseek
 .text._read    0x000000000800127a        0x4 build/read.o
                0x000000000800127a                _read
 .text._sbrk    0x000000000800127e       0x2e build/sbrk.o
                0x000000000800127e                _sbrk
 .text.write_hex
                0x00000000080012ac       0x7c build/write_hex.o
                0x00000000080012ac                write_hex
 .text.get_timer_value
                0x0000000008001328       0x10 build/n200_func.o
                0x0000000008001328                get_timer_value
 .text.eclic_init
                0x0000000008001338       0x22 build/n200_func.o
                0x0000000008001338                eclic_init
 .text.eclic_enable_interrupt
                0x000000000800135a       0x12 build/n200_func.o
                0x000000000800135a                eclic_enable_interrupt
 .text.eclic_set_nlbits
                0x000000000800136c       0x18 build/n200_func.o
                0x000000000800136c                eclic_set_nlbits
 .text.eclic_get_nlbits
                0x0000000008001384        0xe build/n200_func.o
                0x0000000008001384                eclic_get_nlbits
 .text.eclic_set_irq_lvl_abs
                0x0000000008001392       0x58 build/n200_func.o
                0x0000000008001392                eclic_set_irq_lvl_abs
 .text.eclic_set_irq_priority
                0x00000000080013ea       0x52 build/n200_func.o
                0x00000000080013ea                eclic_set_irq_priority
 .text.eclic_mode_enable
                0x000000000800143c       0x12 build/n200_func.o
                0x000000000800143c                eclic_mode_enable
 .text.handle_nmi
                0x000000000800144e       0x22 build/handlers.o
                0x000000000800144e                handle_nmi
 .text.handle_trap
                0x0000000008001470       0x38 build/handlers.o
                0x0000000008001470                handle_trap
 .text._init    0x00000000080014a8       0x2c build/init.o
                0x00000000080014a8                _init
 .text._fini    0x00000000080014d4        0x2 build/init.o
                0x00000000080014d4                _fini
 .text.cdc_acm_init
                0x00000000080014d6       0x46 build/cdc_acm_core.o
                0x00000000080014d6                cdc_acm_init
 .text.cdc_acm_deinit
                0x000000000800151c       0x38 build/cdc_acm_core.o
                0x000000000800151c                cdc_acm_deinit
 .text.cdc_acm_data_out_handler
                0x0000000008001554       0x4c build/cdc_acm_core.o
                0x0000000008001554                cdc_acm_data_out_handler
 .text.cdc_acm_data_in_handler
                0x00000000080015a0       0x40 build/cdc_acm_core.o
                0x00000000080015a0                cdc_acm_data_in_handler
 .text.cdc_acm_req_handler
                0x00000000080015e0       0xa4 build/cdc_acm_core.o
                0x00000000080015e0                cdc_acm_req_handler
 .text.cdc_acm_EP0_RxReady
                0x0000000008001684       0x5e build/cdc_acm_core.o
                0x0000000008001684                cdc_acm_EP0_RxReady
 .text.usb_basic_init
                0x00000000080016e2       0xe8 build/drv_usb_core.o
                0x00000000080016e2                usb_basic_init
 .text.usb_core_init
                0x00000000080017ca       0xca build/drv_usb_core.o
                0x00000000080017ca                usb_core_init
 .text.usb_txfifo_write
                0x0000000008001894       0x3a build/drv_usb_core.o
                0x0000000008001894                usb_txfifo_write
 .text.usb_rxfifo_read
                0x00000000080018ce       0x32 build/drv_usb_core.o
                0x00000000080018ce                usb_rxfifo_read
 .text.usb_txfifo_flush
                0x0000000008001900       0x28 build/drv_usb_core.o
                0x0000000008001900                usb_txfifo_flush
 .text.usb_rxfifo_flush
                0x0000000008001928       0x22 build/drv_usb_core.o
                0x0000000008001928                usb_rxfifo_flush
 .text.usb_devint_enable
                0x000000000800194a       0x3e build/drv_usb_dev.o
                0x000000000800194a                usb_devint_enable
 .text.usb_devcore_init
                0x0000000008001988      0x10e build/drv_usb_dev.o
                0x0000000008001988                usb_devcore_init
 .text.usb_dev_disconnect
                0x0000000008001a96        0xc build/drv_usb_dev.o
                0x0000000008001a96                usb_dev_disconnect
 .text.usb_dev_connect
                0x0000000008001aa2        0xa build/drv_usb_dev.o
                0x0000000008001aa2                usb_dev_connect
 .text.usb_devaddr_set
                0x0000000008001aac       0x14 build/drv_usb_dev.o
                0x0000000008001aac                usb_devaddr_set
 .text.usb_transc_active
                0x0000000008001ac0       0x9e build/drv_usb_dev.o
                0x0000000008001ac0                usb_transc_active
 .text.usb_transc_deactivate
                0x0000000008001b5e       0x46 build/drv_usb_dev.o
                0x0000000008001b5e                usb_transc_deactivate
 .text.usb_transc_inxfer
                0x0000000008001ba4       0xea build/drv_usb_dev.o
                0x0000000008001ba4                usb_transc_inxfer
 .text.usb_transc_outxfer
                0x0000000008001c8e       0x8c build/drv_usb_dev.o
                0x0000000008001c8e                usb_transc_outxfer
 .text.usb_transc_stall
                0x0000000008001d1a       0x3a build/drv_usb_dev.o
                0x0000000008001d1a                usb_transc_stall
 .text.usb_transc_clrstall
                0x0000000008001d54       0x46 build/drv_usb_dev.o
                0x0000000008001d54                usb_transc_clrstall
 .text.usb_oepintnum_read
                0x0000000008001d9a       0x10 build/drv_usb_dev.o
                0x0000000008001d9a                usb_oepintnum_read
 .text.usb_oepintr_read
                0x0000000008001daa       0x12 build/drv_usb_dev.o
                0x0000000008001daa                usb_oepintr_read
 .text.usb_iepintnum_read
                0x0000000008001dbc        0xe build/drv_usb_dev.o
                0x0000000008001dbc                usb_iepintnum_read
 .text.usb_iepintr_read
                0x0000000008001dca       0x20 build/drv_usb_dev.o
                0x0000000008001dca                usb_iepintr_read
 .text.usb_ctlep_startout
                0x0000000008001dea       0x26 build/drv_usb_dev.o
                0x0000000008001dea                usb_ctlep_startout
 .text.usb_clock_active
                0x0000000008001e10       0x1a build/drv_usb_dev.o
                0x0000000008001e10                usb_clock_active
 .text.usbd_isr
                0x0000000008001e2a      0x140 build/drv_usbd_int.o
                0x0000000008001e2a                usbd_isr
 .text.usbd_int_epout
                0x0000000008001f6a       0xfe build/drv_usbd_int.o
 .text.usbd_int_epin
                0x0000000008002068       0xbc build/drv_usbd_int.o
 .text.usbd_int_rxfifo
                0x0000000008002124       0xc6 build/drv_usbd_int.o
 .text.usbd_int_reset
                0x00000000080021ea       0xd2 build/drv_usbd_int.o
 .text.usbd_int_enumfinish
                0x00000000080022bc       0x68 build/drv_usbd_int.o
 .text.usbd_emptytxfifo_write
                0x0000000008002324       0xe6 build/drv_usbd_int.o
 .text.usb_rcu_config
                0x000000000800240a       0x7e build/gd32vf103_hw.o
                0x000000000800240a                usb_rcu_config
 .text.usb_intr_config
                0x0000000008002488       0x5c build/gd32vf103_hw.o
                0x0000000008002488                usb_intr_config
 .text.usb_timer_init
                0x00000000080024e4        0x2 build/gd32vf103_hw.o
                0x00000000080024e4                usb_timer_init
 .text.usb_udelay
                0x00000000080024e6        0x8 build/gd32vf103_hw.o
                0x00000000080024e6                usb_udelay
 .text.usb_mdelay
                0x00000000080024ee        0x8 build/gd32vf103_hw.o
                0x00000000080024ee                usb_mdelay
 .text.USBFS_IRQHandler
                0x00000000080024f6       0x10 build/gd32vf103_usb_it.o
                0x00000000080024f6                USBFS_IRQHandler
 .text.USBFS_WKUP_IRQHandler
                0x0000000008002506       0x56 build/gd32vf103_usb_it.o
                0x0000000008002506                USBFS_WKUP_IRQHandler
 .text.usb_delay_1ms
                0x000000000800255c       0x72 build/usb_delay.o
                0x000000000800255c                usb_delay_1ms
 .text.usb_delay_1us
                0x00000000080025ce       0x74 build/usb_delay.o
                0x00000000080025ce                usb_delay_1us
 .text.configure_usb_serial
                0x0000000008002642       0x58 build/usb_serial_if.o
                0x0000000008002642                configure_usb_serial
 .text.usb_serial_available
                0x000000000800269a       0x14 build/usb_serial_if.o
                0x000000000800269a                usb_serial_available
 .text._write   0x00000000080026ae       0xb0 build/usb_serial_if.o
                0x00000000080026ae                _write
 .text.set_usb_clock_96m_hxtal
                0x000000000800275e       0xee build/usb_serial_if.o
                0x000000000800275e                set_usb_clock_96m_hxtal
 .text.usbd_ep_setup
                0x000000000800284c       0x9a build/usbd_core.o
                0x000000000800284c                usbd_ep_setup
 .text.usbd_ep_clear
                0x00000000080028e6       0x3a build/usbd_core.o
                0x00000000080028e6                usbd_ep_clear
 .text.usbd_ep_recev
                0x0000000008002920       0x40 build/usbd_core.o
                0x0000000008002920                usbd_ep_recev
 .text.usbd_ep_send
                0x0000000008002960       0x40 build/usbd_core.o
                0x0000000008002960                usbd_ep_send
 .text.usbd_ep_stall
                0x00000000080029a0       0x40 build/usbd_core.o
                0x00000000080029a0                usbd_ep_stall
 .text.usbd_ep_stall_clear
                0x00000000080029e0       0x3e build/usbd_core.o
                0x00000000080029e0                usbd_ep_stall_clear
 .text.usbd_addr_set
                0x0000000008002a1e        0x8 build/usbd_core.o
                0x0000000008002a1e                usbd_addr_set
 .text.usbd_rxcount_get
                0x0000000008002a26        0xe build/usbd_core.o
                0x0000000008002a26                usbd_rxcount_get
 .text.usbd_connect
                0x0000000008002a34       0x1a build/usbd_core.o
                0x0000000008002a34                usbd_connect
 .text.usbd_disconnect
                0x0000000008002a4e       0x1a build/usbd_core.o
                0x0000000008002a4e                usbd_disconnect
 .text.usbd_init
                0x0000000008002a68       0x5a build/usbd_core.o
                0x0000000008002a68                usbd_init
 .text._usb_std_reserved
                0x0000000008002ac2        0x4 build/usbd_enum.o
 .text._usb_dev_desc_get
                0x0000000008002ac6        0xe build/usbd_enum.o
 .text._usb_config_desc_get
                0x0000000008002ad4        0xe build/usbd_enum.o
 .text._usb_str_desc_get
                0x0000000008002ae2       0x14 build/usbd_enum.o
 .text._usb_std_getdescriptor
                0x0000000008002af6       0xfa build/usbd_enum.o
 .text._usb_std_setconfiguration
                0x0000000008002bf0       0xa8 build/usbd_enum.o
 .text._usb_std_getstatus
                0x0000000008002c98       0xba build/usbd_enum.o
 .text._usb_std_getconfiguration
                0x0000000008002d52       0x3c build/usbd_enum.o
 .text._usb_std_getinterface
                0x0000000008002d8e       0x2c build/usbd_enum.o
 .text._usb_std_setinterface
                0x0000000008002dba       0x2a build/usbd_enum.o
 .text._usb_std_setaddress
                0x0000000008002de4       0x64 build/usbd_enum.o
 .text._usb_std_setfeature
                0x0000000008002e48       0x80 build/usbd_enum.o
 .text._usb_std_clearfeature
                0x0000000008002ec8       0x98 build/usbd_enum.o
 .text._usb_std_setdescriptor
                0x0000000008002f60        0x4 build/usbd_enum.o
 .text._usb_std_synchframe
                0x0000000008002f64        0x4 build/usbd_enum.o
 .text.usbd_standard_request
                0x0000000008002f68       0x18 build/usbd_enum.o
                0x0000000008002f68                usbd_standard_request
 .text.usbd_class_request
                0x0000000008002f80       0x2c build/usbd_enum.o
                0x0000000008002f80                usbd_class_request
 .text.usbd_vendor_request
                0x0000000008002fac        0x4 build/usbd_enum.o
                0x0000000008002fac                usbd_vendor_request
 .text.usbd_enum_error
                0x0000000008002fb0       0x30 build/usbd_enum.o
                0x0000000008002fb0                usbd_enum_error
 .text.usbd_ctl_send
                0x0000000008002fe0       0x38 build/usbd_transc.o
                0x0000000008002fe0                usbd_ctl_send
 .text.usbd_ctl_recev
                0x0000000008003018       0x38 build/usbd_transc.o
                0x0000000008003018                usbd_ctl_recev
 .text.usbd_ctl_status_send
                0x0000000008003050       0x30 build/usbd_transc.o
                0x0000000008003050                usbd_ctl_status_send
 .text.usbd_ctl_status_recev
                0x0000000008003080       0x30 build/usbd_transc.o
                0x0000000008003080                usbd_ctl_status_recev
 .text.usbd_setup_transc
                0x00000000080030b0       0x94 build/usbd_transc.o
                0x00000000080030b0                usbd_setup_transc
 .text.usbd_out_transc
                0x0000000008003144       0xe6 build/usbd_transc.o
                0x0000000008003144                usbd_out_transc
 .text.usbd_in_transc
                0x000000000800322a      0x10c build/usbd_transc.o
                0x000000000800322a                usbd_in_transc
 .text.ADC3powerUpInit
                0x0000000008003336      0x1d2 build/adc.o
                0x0000000008003336                ADC3powerUpInit
 .text.dpin_drive
                0x0000000008003508       0x14 build/lioonewire.o
                0x0000000008003508                dpin_drive
 .text.dpin_release
                0x000000000800351c       0x14 build/lioonewire.o
                0x000000000800351c                dpin_release
 .text.dpin_sample
                0x0000000008003530       0x22 build/lioonewire.o
                0x0000000008003530                dpin_sample
 .text.lio_init_OW
                0x0000000008003552       0x2c build/lioonewire.o
                0x0000000008003552                lio_init_OW
 .text.lio_OW_write_bit
                0x000000000800357e       0x50 build/lioonewire.o
                0x000000000800357e                lio_OW_write_bit
 .text.lio_OW_read_bit
                0x00000000080035ce       0x4a build/lioonewire.o
                0x00000000080035ce                lio_OW_read_bit
 .text.lio_OW_read_byte
                0x0000000008003618       0x34 build/lioonewire.o
                0x0000000008003618                lio_OW_read_byte
 .text.lio_OW_write_byte
                0x000000000800364c       0x28 build/lioonewire.o
                0x000000000800364c                lio_OW_write_byte
 .text.lio_OW_touch_reset
                0x0000000008003674       0x58 build/lioonewire.o
                0x0000000008003674                lio_OW_touch_reset
 .text.lio_read_temp
                0x00000000080036cc       0xc8 build/lioonewire.o
                0x00000000080036cc                lio_read_temp
 .text.init_timer_settings
                0x0000000008003794       0x4a build/main.o
                0x0000000008003794                init_timer_settings
 .text.print_temp_value
                0x00000000080037de       0xa4 build/main.o
                0x00000000080037de                print_temp_value
 .text.delay_1ms
                0x0000000008003882       0xce build/systick.o
                0x0000000008003882                delay_1ms
 .text.delay_1us
                0x0000000008003950       0xce build/systick.o
                0x0000000008003950                delay_1us
 *fill*         0x0000000008003a1e       0x22 
 .text.trap     0x0000000008003a40       0x82 build/entry.o
                0x0000000008003a40                trap_entry
 *fill*         0x0000000008003ac2        0x2 
 .text.irq      0x0000000008003ac4       0x72 build/entry.o
                0x0000000008003ac4                irq_entry
 .text          0x0000000008003b36      0x546 c:/users/abdul/onedrive/documents/toolchain-gd32v-v202-win/compiler/bin/../lib/gcc/riscv64-unknown-elf/8.3.0/rv32imac/ilp32\libgcc.a(divdf3.o)
                0x0000000008003b36                __divdf3
 .text          0x000000000800407c       0xa4 c:/users/abdul/onedrive/documents/toolchain-gd32v-v202-win/compiler/bin/../lib/gcc/riscv64-unknown-elf/8.3.0/rv32imac/ilp32\libgcc.a(ledf2.o)
                0x000000000800407c                __ledf2
                0x000000000800407c                __ltdf2
 .text          0x0000000008004120      0x44c c:/users/abdul/onedrive/documents/toolchain-gd32v-v202-win/compiler/bin/../lib/gcc/riscv64-unknown-elf/8.3.0/rv32imac/ilp32\libgcc.a(muldf3.o)
                0x0000000008004120                __muldf3
 .text          0x000000000800456c       0x56 c:/users/abdul/onedrive/documents/toolchain-gd32v-v202-win/compiler/bin/../lib/gcc/riscv64-unknown-elf/8.3.0/rv32imac/ilp32\libgcc.a(floatunsidf.o)
                0x000000000800456c                __floatunsidf
 .text          0x00000000080045c2      0x166 c:/users/abdul/onedrive/documents/toolchain-gd32v-v202-win/compiler/bin/../lib/gcc/riscv64-unknown-elf/8.3.0/rv32imac/ilp32\libgcc.a(floatundidf.o)
                0x00000000080045c2                __floatundidf
 .text          0x0000000008004728      0x228 c:/users/abdul/onedrive/documents/toolchain-gd32v-v202-win/compiler/bin/../lib/gcc/riscv64-unknown-elf/8.3.0/rv32imac/ilp32\libgcc.a(mulsf3.o)
                0x0000000008004728                __mulsf3
 .text          0x0000000008004950      0x322 c:/users/abdul/onedrive/documents/toolchain-gd32v-v202-win/compiler/bin/../lib/gcc/riscv64-unknown-elf/8.3.0/rv32imac/ilp32\libgcc.a(subsf3.o)
                0x0000000008004950                __subsf3
 .text          0x0000000008004c72       0x60 c:/users/abdul/onedrive/documents/toolchain-gd32v-v202-win/compiler/bin/../lib/gcc/riscv64-unknown-elf/8.3.0/rv32imac/ilp32\libgcc.a(fixsfsi.o)
                0x0000000008004c72                __fixsfsi
 .text          0x0000000008004cd2       0xc0 c:/users/abdul/onedrive/documents/toolchain-gd32v-v202-win/compiler/bin/../lib/gcc/riscv64-unknown-elf/8.3.0/rv32imac/ilp32\libgcc.a(floatsisf.o)
                0x0000000008004cd2                __floatsisf
 .text          0x0000000008004d92       0x2a c:/users/abdul/onedrive/documents/toolchain-gd32v-v202-win/compiler/bin/../lib/gcc/riscv64-unknown-elf/8.3.0/rv32imac/ilp32\libgcc.a(_lshrdi3.o)
                0x0000000008004d92                __lshrdi3
 .text          0x0000000008004dbc       0x2a c:/users/abdul/onedrive/documents/toolchain-gd32v-v202-win/compiler/bin/../lib/gcc/riscv64-unknown-elf/8.3.0/rv32imac/ilp32\libgcc.a(_ashldi3.o)
                0x0000000008004dbc                __ashldi3
 .text          0x0000000008004de6       0x3c c:/users/abdul/onedrive/documents/toolchain-gd32v-v202-win/compiler/bin/../lib/gcc/riscv64-unknown-elf/8.3.0/rv32imac/ilp32\libgcc.a(_clzsi2.o)
                0x0000000008004de6                __clzsi2
 .text.atexit   0x0000000008004e22       0x10 c:/users/abdul/onedrive/documents/toolchain-gd32v-v202-win/compiler/bin/../lib/gcc/riscv64-unknown-elf/8.3.0/../../../../riscv64-unknown-elf/lib/rv32imac/ilp32\libc_nano.a(lib_a-atexit.o)
                0x0000000008004e22                atexit
 .text.exit     0x0000000008004e32       0x36 c:/users/abdul/onedrive/documents/toolchain-gd32v-v202-win/compiler/bin/../lib/gcc/riscv64-unknown-elf/8.3.0/../../../../riscv64-unknown-elf/lib/rv32imac/ilp32\libc_nano.a(lib_a-exit.o)
                0x0000000008004e32                exit
 .text.__sflush_r
                0x0000000008004e68      0x150 c:/users/abdul/onedrive/documents/toolchain-gd32v-v202-win/compiler/bin/../lib/gcc/riscv64-unknown-elf/8.3.0/../../../../riscv64-unknown-elf/lib/rv32imac/ilp32\libc_nano.a(lib_a-fflush.o)
                0x0000000008004e68                __sflush_r
 .text._fflush_r
                0x0000000008004fb8       0x70 c:/users/abdul/onedrive/documents/toolchain-gd32v-v202-win/compiler/bin/../lib/gcc/riscv64-unknown-elf/8.3.0/../../../../riscv64-unknown-elf/lib/rv32imac/ilp32\libc_nano.a(lib_a-fflush.o)
                0x0000000008004fb8                _fflush_r
 .text.fflush   0x0000000008005028       0x30 c:/users/abdul/onedrive/documents/toolchain-gd32v-v202-win/compiler/bin/../lib/gcc/riscv64-unknown-elf/8.3.0/../../../../riscv64-unknown-elf/lib/rv32imac/ilp32\libc_nano.a(lib_a-fflush.o)
                0x0000000008005028                fflush
 .text.std      0x0000000008005058       0x6e c:/users/abdul/onedrive/documents/toolchain-gd32v-v202-win/compiler/bin/../lib/gcc/riscv64-unknown-elf/8.3.0/../../../../riscv64-unknown-elf/lib/rv32imac/ilp32\libc_nano.a(lib_a-findfp.o)
 .text._cleanup_r
                0x00000000080050c6       0x10 c:/users/abdul/onedrive/documents/toolchain-gd32v-v202-win/compiler/bin/../lib/gcc/riscv64-unknown-elf/8.3.0/../../../../riscv64-unknown-elf/lib/rv32imac/ilp32\libc_nano.a(lib_a-findfp.o)
                0x00000000080050c6                _cleanup_r
 .text.__sfmoreglue
                0x00000000080050d6       0x50 c:/users/abdul/onedrive/documents/toolchain-gd32v-v202-win/compiler/bin/../lib/gcc/riscv64-unknown-elf/8.3.0/../../../../riscv64-unknown-elf/lib/rv32imac/ilp32\libc_nano.a(lib_a-findfp.o)
                0x00000000080050d6                __sfmoreglue
 .text.__sinit  0x0000000008005126       0x8e c:/users/abdul/onedrive/documents/toolchain-gd32v-v202-win/compiler/bin/../lib/gcc/riscv64-unknown-elf/8.3.0/../../../../riscv64-unknown-elf/lib/rv32imac/ilp32\libc_nano.a(lib_a-findfp.o)
                0x0000000008005126                __sinit
 .text.__sfp    0x00000000080051b4       0xb0 c:/users/abdul/onedrive/documents/toolchain-gd32v-v202-win/compiler/bin/../lib/gcc/riscv64-unknown-elf/8.3.0/../../../../riscv64-unknown-elf/lib/rv32imac/ilp32\libc_nano.a(lib_a-findfp.o)
                0x00000000080051b4                __sfp
 .text.__libc_fini_array
                0x0000000008005264       0x38 c:/users/abdul/onedrive/documents/toolchain-gd32v-v202-win/compiler/bin/../lib/gcc/riscv64-unknown-elf/8.3.0/../../../../riscv64-unknown-elf/lib/rv32imac/ilp32\libc_nano.a(lib_a-fini.o)
                0x0000000008005264                __libc_fini_array
 .text._fwalk_reent
                0x000000000800529c       0x6c c:/users/abdul/onedrive/documents/toolchain-gd32v-v202-win/compiler/bin/../lib/gcc/riscv64-unknown-elf/8.3.0/../../../../riscv64-unknown-elf/lib/rv32imac/ilp32\libc_nano.a(lib_a-fwalk.o)
                0x000000000800529c                _fwalk_reent
 .text.__libc_init_array
                0x0000000008005308       0x6a c:/users/abdul/onedrive/documents/toolchain-gd32v-v202-win/compiler/bin/../lib/gcc/riscv64-unknown-elf/8.3.0/../../../../riscv64-unknown-elf/lib/rv32imac/ilp32\libc_nano.a(lib_a-init.o)
                0x0000000008005308                __libc_init_array
 .text          0x0000000008005372       0x16 c:/users/abdul/onedrive/documents/toolchain-gd32v-v202-win/compiler/bin/../lib/gcc/riscv64-unknown-elf/8.3.0/../../../../riscv64-unknown-elf/lib/rv32imac/ilp32\libc_nano.a(lib_a-memcpy-asm.o)
                0x0000000008005372                memcpy
 .text          0x0000000008005388       0x10 c:/users/abdul/onedrive/documents/toolchain-gd32v-v202-win/compiler/bin/../lib/gcc/riscv64-unknown-elf/8.3.0/../../../../riscv64-unknown-elf/lib/rv32imac/ilp32\libc_nano.a(lib_a-memset.o)
                0x0000000008005388                memset
 .text._free_r  0x0000000008005398       0xb8 c:/users/abdul/onedrive/documents/toolchain-gd32v-v202-win/compiler/bin/../lib/gcc/riscv64-unknown-elf/8.3.0/../../../../riscv64-unknown-elf/lib/rv32imac/ilp32\libc_nano.a(lib_a-nano-freer.o)
                0x0000000008005398                _free_r
 .text._malloc_r
                0x0000000008005450      0x102 c:/users/abdul/onedrive/documents/toolchain-gd32v-v202-win/compiler/bin/../lib/gcc/riscv64-unknown-elf/8.3.0/../../../../riscv64-unknown-elf/lib/rv32imac/ilp32\libc_nano.a(lib_a-nano-mallocr.o)
                0x0000000008005450                _malloc_r
 .text.printf   0x0000000008005552       0x4e c:/users/abdul/onedrive/documents/toolchain-gd32v-v202-win/compiler/bin/../lib/gcc/riscv64-unknown-elf/8.3.0/../../../../riscv64-unknown-elf/lib/rv32imac/ilp32\libc_nano.a(lib_a-printf.o)
                0x0000000008005552                iprintf
                0x0000000008005552                printf
 .text._sbrk_r  0x00000000080055a0       0x36 c:/users/abdul/onedrive/documents/toolchain-gd32v-v202-win/compiler/bin/../lib/gcc/riscv64-unknown-elf/8.3.0/../../../../riscv64-unknown-elf/lib/rv32imac/ilp32\libc_nano.a(lib_a-sbrkr.o)
                0x00000000080055a0                _sbrk_r
 .text.__sread  0x00000000080055d6       0x36 c:/users/abdul/onedrive/documents/toolchain-gd32v-v202-win/compiler/bin/../lib/gcc/riscv64-unknown-elf/8.3.0/../../../../riscv64-unknown-elf/lib/rv32imac/ilp32\libc_nano.a(lib_a-stdio.o)
                0x00000000080055d6                __sread
 .text.__swrite
                0x000000000800560c       0x5a c:/users/abdul/onedrive/documents/toolchain-gd32v-v202-win/compiler/bin/../lib/gcc/riscv64-unknown-elf/8.3.0/../../../../riscv64-unknown-elf/lib/rv32imac/ilp32\libc_nano.a(lib_a-stdio.o)
                0x000000000800560c                __swrite
 .text.__sseek  0x0000000008005666       0x3c c:/users/abdul/onedrive/documents/toolchain-gd32v-v202-win/compiler/bin/../lib/gcc/riscv64-unknown-elf/8.3.0/../../../../riscv64-unknown-elf/lib/rv32imac/ilp32\libc_nano.a(lib_a-stdio.o)
                0x0000000008005666                __sseek
 .text.__sclose
                0x00000000080056a2        0xc c:/users/abdul/onedrive/documents/toolchain-gd32v-v202-win/compiler/bin/../lib/gcc/riscv64-unknown-elf/8.3.0/../../../../riscv64-unknown-elf/lib/rv32imac/ilp32\libc_nano.a(lib_a-stdio.o)
                0x00000000080056a2                __sclose
 .text.isatty   0x00000000080056ae        0x8 c:/users/abdul/onedrive/documents/toolchain-gd32v-v202-win/compiler/bin/../lib/gcc/riscv64-unknown-elf/8.3.0/../../../../riscv64-unknown-elf/lib/rv32imac/ilp32\libc_nano.a(lib_a-sysisatty.o)
                0x00000000080056ae                isatty
 .text.write    0x00000000080056b6       0x18 c:/users/abdul/onedrive/documents/toolchain-gd32v-v202-win/compiler/bin/../lib/gcc/riscv64-unknown-elf/8.3.0/../../../../riscv64-unknown-elf/lib/rv32imac/ilp32\libc_nano.a(lib_a-syswrite.o)
                0x00000000080056b6                write
 .text._write_r
                0x00000000080056ce       0x3a c:/users/abdul/onedrive/documents/toolchain-gd32v-v202-win/compiler/bin/../lib/gcc/riscv64-unknown-elf/8.3.0/../../../../riscv64-unknown-elf/lib/rv32imac/ilp32\libc_nano.a(lib_a-writer.o)
                0x00000000080056ce                _write_r
 .text.__register_exitproc
                0x0000000008005708       0x8c c:/users/abdul/onedrive/documents/toolchain-gd32v-v202-win/compiler/bin/../lib/gcc/riscv64-unknown-elf/8.3.0/../../../../riscv64-unknown-elf/lib/rv32imac/ilp32\libc_nano.a(lib_a-__atexit.o)
                0x0000000008005708                __register_exitproc
 .text.__call_exitprocs
                0x0000000008005794       0xc8 c:/users/abdul/onedrive/documents/toolchain-gd32v-v202-win/compiler/bin/../lib/gcc/riscv64-unknown-elf/8.3.0/../../../../riscv64-unknown-elf/lib/rv32imac/ilp32\libc_nano.a(lib_a-__call_atexit.o)
                0x0000000008005794                __call_exitprocs
 .text._close_r
                0x000000000800585c       0x36 c:/users/abdul/onedrive/documents/toolchain-gd32v-v202-win/compiler/bin/../lib/gcc/riscv64-unknown-elf/8.3.0/../../../../riscv64-unknown-elf/lib/rv32imac/ilp32\libc_nano.a(lib_a-closer.o)
                0x000000000800585c                _close_r
 .text._lseek_r
                0x0000000008005892       0x3a c:/users/abdul/onedrive/documents/toolchain-gd32v-v202-win/compiler/bin/../lib/gcc/riscv64-unknown-elf/8.3.0/../../../../riscv64-unknown-elf/lib/rv32imac/ilp32\libc_nano.a(lib_a-lseekr.o)
                0x0000000008005892                _lseek_r
 .text.__malloc_lock
                0x00000000080058cc        0x2 c:/users/abdul/onedrive/documents/toolchain-gd32v-v202-win/compiler/bin/../lib/gcc/riscv64-unknown-elf/8.3.0/../../../../riscv64-unknown-elf/lib/rv32imac/ilp32\libc_nano.a(lib_a-mlock.o)
                0x00000000080058cc                __malloc_lock
 .text.__malloc_unlock
                0x00000000080058ce        0x2 c:/users/abdul/onedrive/documents/toolchain-gd32v-v202-win/compiler/bin/../lib/gcc/riscv64-unknown-elf/8.3.0/../../../../riscv64-unknown-elf/lib/rv32imac/ilp32\libc_nano.a(lib_a-mlock.o)
                0x00000000080058ce                __malloc_unlock
 .text.__sfputc_r
                0x00000000080058d0       0x2e c:/users/abdul/onedrive/documents/toolchain-gd32v-v202-win/compiler/bin/../lib/gcc/riscv64-unknown-elf/8.3.0/../../../../riscv64-unknown-elf/lib/rv32imac/ilp32\libc_nano.a(lib_a-nano-vfprintf.o)
 .text.__sfputs_r
                0x00000000080058fe       0x48 c:/users/abdul/onedrive/documents/toolchain-gd32v-v202-win/compiler/bin/../lib/gcc/riscv64-unknown-elf/8.3.0/../../../../riscv64-unknown-elf/lib/rv32imac/ilp32\libc_nano.a(lib_a-nano-vfprintf.o)
                0x00000000080058fe                __sfputs_r
 .text._vfprintf_r
                0x0000000008005946      0x2c0 c:/users/abdul/onedrive/documents/toolchain-gd32v-v202-win/compiler/bin/../lib/gcc/riscv64-unknown-elf/8.3.0/../../../../riscv64-unknown-elf/lib/rv32imac/ilp32\libc_nano.a(lib_a-nano-vfprintf.o)
                0x0000000008005946                _vfprintf_r
                0x0000000008005946                _vfiprintf_r
 .text._read_r  0x0000000008005c06       0x3a c:/users/abdul/onedrive/documents/toolchain-gd32v-v202-win/compiler/bin/../lib/gcc/riscv64-unknown-elf/8.3.0/../../../../riscv64-unknown-elf/lib/rv32imac/ilp32\libc_nano.a(lib_a-readr.o)
                0x0000000008005c06                _read_r
 .text.__swbuf_r
                0x0000000008005c40       0xd8 c:/users/abdul/onedrive/documents/toolchain-gd32v-v202-win/compiler/bin/../lib/gcc/riscv64-unknown-elf/8.3.0/../../../../riscv64-unknown-elf/lib/rv32imac/ilp32\libc_nano.a(lib_a-wbuf.o)
                0x0000000008005c40                __swbuf_r
 .text.__swsetup_r
                0x0000000008005d18      0x122 c:/users/abdul/onedrive/documents/toolchain-gd32v-v202-win/compiler/bin/../lib/gcc/riscv64-unknown-elf/8.3.0/../../../../riscv64-unknown-elf/lib/rv32imac/ilp32\libc_nano.a(lib_a-wsetup.o)
                0x0000000008005d18                __swsetup_r
 .text.__swhatbuf_r
                0x0000000008005e3a       0x5e c:/users/abdul/onedrive/documents/toolchain-gd32v-v202-win/compiler/bin/../lib/gcc/riscv64-unknown-elf/8.3.0/../../../../riscv64-unknown-elf/lib/rv32imac/ilp32\libc_nano.a(lib_a-makebuf.o)
                0x0000000008005e3a                __swhatbuf_r
 .text.__smakebuf_r
                0x0000000008005e98       0xae c:/users/abdul/onedrive/documents/toolchain-gd32v-v202-win/compiler/bin/../lib/gcc/riscv64-unknown-elf/8.3.0/../../../../riscv64-unknown-elf/lib/rv32imac/ilp32\libc_nano.a(lib_a-makebuf.o)
                0x0000000008005e98                __smakebuf_r
 .text.memchr   0x0000000008005f46       0x1a c:/users/abdul/onedrive/documents/toolchain-gd32v-v202-win/compiler/bin/../lib/gcc/riscv64-unknown-elf/8.3.0/../../../../riscv64-unknown-elf/lib/rv32imac/ilp32\libc_nano.a(lib_a-memchr.o)
                0x0000000008005f46                memchr
 .text._printf_common
                0x0000000008005f60      0x10c c:/users/abdul/onedrive/documents/toolchain-gd32v-v202-win/compiler/bin/../lib/gcc/riscv64-unknown-elf/8.3.0/../../../../riscv64-unknown-elf/lib/rv32imac/ilp32\libc_nano.a(lib_a-nano-vfprintf_i.o)
                0x0000000008005f60                _printf_common
 .text._printf_i
                0x000000000800606c      0x2ae c:/users/abdul/onedrive/documents/toolchain-gd32v-v202-win/compiler/bin/../lib/gcc/riscv64-unknown-elf/8.3.0/../../../../riscv64-unknown-elf/lib/rv32imac/ilp32\libc_nano.a(lib_a-nano-vfprintf_i.o)
                0x000000000800606c                _printf_i
 .text._fstat_r
                0x000000000800631a       0x38 c:/users/abdul/onedrive/documents/toolchain-gd32v-v202-win/compiler/bin/../lib/gcc/riscv64-unknown-elf/8.3.0/../../../../riscv64-unknown-elf/lib/rv32imac/ilp32\libc_nano.a(lib_a-fstatr.o)
                0x000000000800631a                _fstat_r
 .text._isatty_r
                0x0000000008006352       0x36 c:/users/abdul/onedrive/documents/toolchain-gd32v-v202-win/compiler/bin/../lib/gcc/riscv64-unknown-elf/8.3.0/../../../../riscv64-unknown-elf/lib/rv32imac/ilp32\libc_nano.a(lib_a-isattyr.o)
                0x0000000008006352                _isatty_r
 *(.gnu.linkonce.t.*)

.sdata2.usbd_language_id_desc
                0x0000000008006388        0x4
 .sdata2.usbd_language_id_desc
                0x0000000008006388        0x4 build/cdc_acm_core.o
                0x0000000008006388                usbd_language_id_desc

.sdata2.EP0_MAXLEN
                0x000000000800638c        0x4
 .sdata2.EP0_MAXLEN
                0x000000000800638c        0x4 build/drv_usb_dev.o

.sdata2.USB_SPEED
                0x0000000008006390        0x4
 .sdata2.USB_SPEED
                0x0000000008006390        0x4 build/drv_usbd_int.o

.sdata2._global_impure_ptr
                0x0000000008006394        0x4
 .sdata2._global_impure_ptr
                0x0000000008006394        0x4 c:/users/abdul/onedrive/documents/toolchain-gd32v-v202-win/compiler/bin/../lib/gcc/riscv64-unknown-elf/8.3.0/../../../../riscv64-unknown-elf/lib/rv32imac/ilp32\libc_nano.a(lib_a-impure.o)
                0x0000000008006394                _global_impure_ptr

.rela.dyn       0x0000000008006398        0x0
 .rela.text._sbrk
                0x0000000008006398        0x0 build/gd32vf103_adc.o
 .rela.sdata.curbrk.1524
                0x0000000008006398        0x0 build/gd32vf103_adc.o
 .rela.text.handle_trap
                0x0000000008006398        0x0 build/gd32vf103_adc.o
 .rela.text.cdc_acm_req_handler
                0x0000000008006398        0x0 build/gd32vf103_adc.o
 .rela.text.cdc_acm_EP0_RxReady
                0x0000000008006398        0x0 build/gd32vf103_adc.o
 .rela.text.usb_rcu_config
                0x0000000008006398        0x0 build/gd32vf103_adc.o
 .rela.text.ADC3powerUpInit
                0x0000000008006398        0x0 build/gd32vf103_adc.o
 .rela.init     0x0000000008006398        0x0 build/gd32vf103_adc.o
 .rela.text.trap
                0x0000000008006398        0x0 build/gd32vf103_adc.o
 .rela.text.__libc_fini_array
                0x0000000008006398        0x0 build/gd32vf103_adc.o
 .rela.text.__libc_init_array
                0x0000000008006398        0x0 build/gd32vf103_adc.o
 .rela.text._sbrk_r
                0x0000000008006398        0x0 build/gd32vf103_adc.o
 .rela.text._write_r
                0x0000000008006398        0x0 build/gd32vf103_adc.o
 .rela.text.__register_exitproc
                0x0000000008006398        0x0 build/gd32vf103_adc.o
 .rela.text._close_r
                0x0000000008006398        0x0 build/gd32vf103_adc.o
 .rela.text._lseek_r
                0x0000000008006398        0x0 build/gd32vf103_adc.o
 .rela.text._vfprintf_r
                0x0000000008006398        0x0 build/gd32vf103_adc.o
 .rela.text._read_r
                0x0000000008006398        0x0 build/gd32vf103_adc.o
 .rela.text._fstat_r
                0x0000000008006398        0x0 build/gd32vf103_adc.o
 .rela.text._isatty_r
                0x0000000008006398        0x0 build/gd32vf103_adc.o

.fini
 *(SORT_NONE(.fini))
                0x0000000008006398                . = ALIGN (0x4)
                [!provide]                        PROVIDE (__etext = .)
                [!provide]                        PROVIDE (_etext = .)
                [!provide]                        PROVIDE (etext = .)
                [!provide]                        PROVIDE (_eilm = .)

.preinit_array  0x0000000008006398        0x0
                0x0000000008006398                PROVIDE (__preinit_array_start = .)
 *(.preinit_array)
                0x0000000008006398                PROVIDE (__preinit_array_end = .)

.init_array     0x0000000008006398        0x0
                0x0000000008006398                PROVIDE (__init_array_start = .)
 *(SORT_BY_INIT_PRIORITY(.init_array.*) SORT_BY_INIT_PRIORITY(.ctors.*))
 *(.init_array EXCLUDE_FILE(*crtend?.o *crtend.o *crtbegin?.o *crtbegin.o) .ctors)
                0x0000000008006398                PROVIDE (__init_array_end = .)

.fini_array     0x0000000008006398        0x0
                0x0000000008006398                PROVIDE (__fini_array_start = .)
 *(SORT_BY_INIT_PRIORITY(.fini_array.*) SORT_BY_INIT_PRIORITY(.dtors.*))
 *(.fini_array EXCLUDE_FILE(*crtend?.o *crtend.o *crtbegin?.o *crtbegin.o) .dtors)
                0x0000000008006398                PROVIDE (__fini_array_end = .)

.ctors
 *crtbegin.o(.ctors)
 *crtbegin?.o(.ctors)
 *(EXCLUDE_FILE(*crtend?.o *crtend.o) .ctors)
 *(SORT_BY_NAME(.ctors.*))
 *(.ctors)

.dtors
 *crtbegin.o(.dtors)
 *crtbegin?.o(.dtors)
 *(EXCLUDE_FILE(*crtend?.o *crtend.o) .dtors)
 *(SORT_BY_NAME(.dtors.*))
 *(.dtors)
                0x0000000008006398                . = ALIGN (0x4)
                [!provide]                        PROVIDE (_eilm = .)

.lalign         0x0000000008006398        0x0
                0x0000000008006398                . = ALIGN (0x4)
                0x0000000008006398                PROVIDE (_data_lma = .)

.dalign         0x0000000020000000        0x0 load address 0x0000000008006398
                0x0000000020000000                . = ALIGN (0x4)
                0x0000000020000000                PROVIDE (_data = .)

.data           0x0000000020000000      0x520 load address 0x0000000008006398
 *(.rdata)
 *(.gnu.linkonce.r.*)
 *(.data .data.*)
 .data.configuration_descriptor
                0x0000000020000000       0x43 build/cdc_acm_core.o
                0x0000000020000000                configuration_descriptor
 *fill*         0x0000000020000043        0x1 
 .data.usbd_cdc_cb
                0x0000000020000044       0x24 build/cdc_acm_core.o
                0x0000000020000044                usbd_cdc_cb
 .data.USB_OTG_dev
                0x0000000020000068      0x434 build/usb_serial_if.o
                0x0000000020000068                USB_OTG_dev
 .data.impure_data
                0x000000002000049c       0x60 c:/users/abdul/onedrive/documents/toolchain-gd32v-v202-win/compiler/bin/../lib/gcc/riscv64-unknown-elf/8.3.0/../../../../riscv64-unknown-elf/lib/rv32imac/ilp32\libc_nano.a(lib_a-impure.o)
 *(.gnu.linkonce.d.*)
                0x0000000020000500                . = ALIGN (0x8)
 *fill*         0x00000000200004fc        0x4 
                0x0000000020000d00                PROVIDE (__global_pointer$ = (. + 0x800))
 *(.sdata .sdata.*)
 .sdata.SystemCoreClock
                0x0000000020000500        0x4 build/system_gd32vf103.o
                0x0000000020000500                SystemCoreClock
 .sdata.curbrk.1524
                0x0000000020000504        0x4 build/sbrk.o
 .sdata.cdc_cmd
                0x0000000020000508        0x4 build/cdc_acm_core.o
 .sdata.linecoding
                0x000000002000050c        0x8 build/cdc_acm_core.o
                0x000000002000050c                linecoding
 .sdata.packet_receive
                0x0000000020000514        0x1 build/cdc_acm_core.o
                0x0000000020000514                packet_receive
 .sdata.packet_sent
                0x0000000020000515        0x1 build/cdc_acm_core.o
                0x0000000020000515                packet_sent
 *fill*         0x0000000020000516        0x2 
 .sdata.first_read
                0x0000000020000518        0x4 build/lioonewire.o
                0x0000000020000518                first_read
 .sdata._impure_ptr
                0x000000002000051c        0x4 c:/users/abdul/onedrive/documents/toolchain-gd32v-v202-win/compiler/bin/../lib/gcc/riscv64-unknown-elf/8.3.0/../../../../riscv64-unknown-elf/lib/rv32imac/ilp32\libc_nano.a(lib_a-impure.o)
                0x000000002000051c                _impure_ptr
 *(.gnu.linkonce.s.*)
                0x0000000020000520                . = ALIGN (0x8)
 *(.srodata.cst16)
 *(.srodata.cst8)
 *(.srodata.cst4)
 *(.srodata.cst2)
 *(.srodata .srodata.*)
                0x0000000020000520                . = ALIGN (0x4)
                0x0000000020000520                PROVIDE (_edata = .)
                [!provide]                        PROVIDE (edata = .)
                [!provide]                        PROVIDE (_fbss = .)
                0x0000000020000520                PROVIDE (__bss_start = .)

.bss            0x0000000020000520      0x308
 *(.sbss*)
 .sbss.receive_length
                0x0000000020000520        0x4 build/cdc_acm_core.o
                0x0000000020000520                receive_length
 .sbss.rx_custom_cb
                0x0000000020000524        0x4 build/cdc_acm_core.o
                0x0000000020000524                rx_custom_cb
 .sbss.usb_serial_connected
                0x0000000020000528        0x4 build/cdc_acm_core.o
 .sbss.setupc_flag
                0x000000002000052c        0x1 build/drv_usbd_int.o
                0x000000002000052c                setupc_flag
 *fill*         0x000000002000052d        0x3 
 .sbss.usbfs_prescaler
                0x0000000020000530        0x4 build/gd32vf103_hw.o
                0x0000000020000530                usbfs_prescaler
 .sbss.config.4766
                0x0000000020000534        0x1 build/usbd_enum.o
 *fill*         0x0000000020000535        0x3 
 .sbss.status.4696
                0x0000000020000538        0x2 build/usbd_enum.o
 *fill*         0x000000002000053a        0x2 
 .sbss.__malloc_free_list
                0x000000002000053c        0x4 c:/users/abdul/onedrive/documents/toolchain-gd32v-v202-win/compiler/bin/../lib/gcc/riscv64-unknown-elf/8.3.0/../../../../riscv64-unknown-elf/lib/rv32imac/ilp32\libc_nano.a(lib_a-nano-mallocr.o)
                0x000000002000053c                __malloc_free_list
 .sbss.__malloc_sbrk_start
                0x0000000020000540        0x4 c:/users/abdul/onedrive/documents/toolchain-gd32v-v202-win/compiler/bin/../lib/gcc/riscv64-unknown-elf/8.3.0/../../../../riscv64-unknown-elf/lib/rv32imac/ilp32\libc_nano.a(lib_a-nano-mallocr.o)
                0x0000000020000540                __malloc_sbrk_start
 .sbss._global_atexit
                0x0000000020000544        0x4 c:/users/abdul/onedrive/documents/toolchain-gd32v-v202-win/compiler/bin/../lib/gcc/riscv64-unknown-elf/8.3.0/../../../../riscv64-unknown-elf/lib/rv32imac/ilp32\libc_nano.a(lib_a-__call_atexit.o)
                0x0000000020000544                _global_atexit
 *(.gnu.linkonce.sb.*)
 *(.bss .bss.*)
 .bss.tx_buffer
                0x0000000020000548      0x200 build/usb_serial_if.o
                0x0000000020000548                tx_buffer
 .bss._global_atexit0
                0x0000000020000748       0x8c c:/users/abdul/onedrive/documents/toolchain-gd32v-v202-win/compiler/bin/../lib/gcc/riscv64-unknown-elf/8.3.0/../../../../riscv64-unknown-elf/lib/rv32imac/ilp32\libc_nano.a(lib_a-__atexit.o)
 *(.gnu.linkonce.b.*)
 *(COMMON)
 COMMON         0x00000000200007d4       0x48 build/cdc_acm_core.o
                0x00000000200007d4                usb_data_buffer
                0x0000000020000814                usb_cmd_buffer
 COMMON         0x000000002000081c        0x4 build/gd32vf103_hw.o
                0x000000002000081c                timer_prescaler
 COMMON         0x0000000020000820        0x4 build/adc.o
                0x0000000020000820                adc_values
 COMMON         0x0000000020000824        0x4 c:/users/abdul/onedrive/documents/toolchain-gd32v-v202-win/compiler/bin/../lib/gcc/riscv64-unknown-elf/8.3.0/../../../../riscv64-unknown-elf/lib/rv32imac/ilp32\libc_nano.a(lib_a-reent.o)
                0x0000000020000824                errno
                0x0000000020000828                . = ALIGN (0x4)
                0x0000000020000828                . = ALIGN (0x8)
                0x0000000020000828                PROVIDE (_end = .)
                [!provide]                        PROVIDE (end = .)

.stack          0x0000000020007000     0x1000 load address 0x0000000020000828
                0x0000000020007000                PROVIDE (_heap_end = .)
                0x0000000000001000                . = __stack_size
 *fill*         0x0000000020007000     0x1000 
                0x0000000020008000                PROVIDE (_sp = .)
                0x0000000000001000                . = (__dbg_stack_size + __stack_size)
                [!provide]                        PROVIDE (_dbg_sp = .)
OUTPUT(build/gd32vf103.elf elf32-littleriscv)

.debug_info     0x0000000000000000    0x22535
 .debug_info    0x0000000000000000      0xb98 build/gd32vf103_adc.o
 .debug_info    0x0000000000000b98      0xe20 build/gd32vf103_dma.o
 .debug_info    0x00000000000019b8      0x2ac build/gd32vf103_eclic.o
 .debug_info    0x0000000000001c64      0x3e9 build/gd32vf103_exti.o
 .debug_info    0x000000000000204d      0x6f6 build/gd32vf103_gpio.o
 .debug_info    0x0000000000002743      0xf51 build/gd32vf103_rcu.o
 .debug_info    0x0000000000003694     0x16ec build/gd32vf103_timer.o
 .debug_info    0x0000000000004d80      0x203 build/system_gd32vf103.o
 .debug_info    0x0000000000004f83      0x1d3 build/_exit.o
 .debug_info    0x0000000000005156      0xacd build/close.o
 .debug_info    0x0000000000005c23      0xd59 build/fstat.o
 .debug_info    0x000000000000697c      0x108 build/isatty.o
 .debug_info    0x0000000000006a84      0xb29 build/lseek.o
 .debug_info    0x00000000000075ad      0xb01 build/read.o
 .debug_info    0x00000000000080ae       0xd0 build/sbrk.o
 .debug_info    0x000000000000817e      0x1bb build/write_hex.o
 .debug_info    0x0000000000008339     0x18a2 build/n200_func.o
 .debug_info    0x0000000000009bdb      0xb4f build/handlers.o
 .debug_info    0x000000000000a72a      0xcb0 build/init.o
 .debug_info    0x000000000000b3da     0x21a4 build/cdc_acm_core.o
 .debug_info    0x000000000000d57e      0xb4e build/drv_usb_core.o
 .debug_info    0x000000000000e0cc     0x13ce build/drv_usb_dev.o
 .debug_info    0x000000000000f49a     0x12e8 build/drv_usbd_int.o
 .debug_info    0x0000000000010782     0x10bb build/gd32vf103_hw.o
 .debug_info    0x000000000001183d     0x1cb4 build/gd32vf103_usb_it.o
 .debug_info    0x00000000000134f1      0x1a9 build/usb_delay.o
 .debug_info    0x000000000001369a     0x1e9b build/usb_serial_if.o
 .debug_info    0x0000000000015535     0x1304 build/usbd_core.o
 .debug_info    0x0000000000016839     0x2128 build/usbd_enum.o
 .debug_info    0x0000000000018961     0x1a23 build/usbd_transc.o
 .debug_info    0x000000000001a384      0x767 build/adc.o
 .debug_info    0x000000000001aaeb      0x6eb build/lioonewire.o
 .debug_info    0x000000000001b1d6     0x1f3b build/main.o
 .debug_info    0x000000000001d111      0x1a9 build/systick.o
 .debug_info    0x000000000001d2ba       0x26 build/start.o
 .debug_info    0x000000000001d2e0       0x22 build/entry.o
 .debug_info    0x000000000001d302      0x734 c:/users/abdul/onedrive/documents/toolchain-gd32v-v202-win/compiler/bin/../lib/gcc/riscv64-unknown-elf/8.3.0/rv32imac/ilp32\libgcc.a(divdf3.o)
 .debug_info    0x000000000001da36      0x286 c:/users/abdul/onedrive/documents/toolchain-gd32v-v202-win/compiler/bin/../lib/gcc/riscv64-unknown-elf/8.3.0/rv32imac/ilp32\libgcc.a(ledf2.o)
 .debug_info    0x000000000001dcbc      0x76c c:/users/abdul/onedrive/documents/toolchain-gd32v-v202-win/compiler/bin/../lib/gcc/riscv64-unknown-elf/8.3.0/rv32imac/ilp32\libgcc.a(muldf3.o)
 .debug_info    0x000000000001e428      0x2af c:/users/abdul/onedrive/documents/toolchain-gd32v-v202-win/compiler/bin/../lib/gcc/riscv64-unknown-elf/8.3.0/rv32imac/ilp32\libgcc.a(floatunsidf.o)
 .debug_info    0x000000000001e6d7      0x2e8 c:/users/abdul/onedrive/documents/toolchain-gd32v-v202-win/compiler/bin/../lib/gcc/riscv64-unknown-elf/8.3.0/rv32imac/ilp32\libgcc.a(floatundidf.o)
 .debug_info    0x000000000001e9bf      0x3ac c:/users/abdul/onedrive/documents/toolchain-gd32v-v202-win/compiler/bin/../lib/gcc/riscv64-unknown-elf/8.3.0/rv32imac/ilp32\libgcc.a(mulsf3.o)
 .debug_info    0x000000000001ed6b      0x351 c:/users/abdul/onedrive/documents/toolchain-gd32v-v202-win/compiler/bin/../lib/gcc/riscv64-unknown-elf/8.3.0/rv32imac/ilp32\libgcc.a(subsf3.o)
 .debug_info    0x000000000001f0bc      0x1f7 c:/users/abdul/onedrive/documents/toolchain-gd32v-v202-win/compiler/bin/../lib/gcc/riscv64-unknown-elf/8.3.0/rv32imac/ilp32\libgcc.a(fixsfsi.o)
 .debug_info    0x000000000001f2b3      0x25d c:/users/abdul/onedrive/documents/toolchain-gd32v-v202-win/compiler/bin/../lib/gcc/riscv64-unknown-elf/8.3.0/rv32imac/ilp32\libgcc.a(floatsisf.o)
 .debug_info    0x000000000001f510      0xc72 c:/users/abdul/onedrive/documents/toolchain-gd32v-v202-win/compiler/bin/../lib/gcc/riscv64-unknown-elf/8.3.0/rv32imac/ilp32\libgcc.a(_lshrdi3.o)
 .debug_info    0x0000000000020182      0xc72 c:/users/abdul/onedrive/documents/toolchain-gd32v-v202-win/compiler/bin/../lib/gcc/riscv64-unknown-elf/8.3.0/rv32imac/ilp32\libgcc.a(_ashldi3.o)
 .debug_info    0x0000000000020df4      0xbd7 c:/users/abdul/onedrive/documents/toolchain-gd32v-v202-win/compiler/bin/../lib/gcc/riscv64-unknown-elf/8.3.0/rv32imac/ilp32\libgcc.a(_clzsi2.o)
 .debug_info    0x00000000000219cb      0xb6a c:/users/abdul/onedrive/documents/toolchain-gd32v-v202-win/compiler/bin/../lib/gcc/riscv64-unknown-elf/8.3.0/rv32imac/ilp32\libgcc.a(_clz.o)

.debug_abbrev   0x0000000000000000     0x62f1
 .debug_abbrev  0x0000000000000000      0x216 build/gd32vf103_adc.o
 .debug_abbrev  0x0000000000000216      0x20f build/gd32vf103_dma.o
 .debug_abbrev  0x0000000000000425      0x112 build/gd32vf103_eclic.o
 .debug_abbrev  0x0000000000000537      0x15c build/gd32vf103_exti.o
 .debug_abbrev  0x0000000000000693      0x228 build/gd32vf103_gpio.o
 .debug_abbrev  0x00000000000008bb      0x259 build/gd32vf103_rcu.o
 .debug_abbrev  0x0000000000000b14      0x2c1 build/gd32vf103_timer.o
 .debug_abbrev  0x0000000000000dd5       0xe0 build/system_gd32vf103.o
 .debug_abbrev  0x0000000000000eb5       0xec build/_exit.o
 .debug_abbrev  0x0000000000000fa1      0x1eb build/close.o
 .debug_abbrev  0x000000000000118c      0x218 build/fstat.o
 .debug_abbrev  0x00000000000013a4       0x75 build/isatty.o
 .debug_abbrev  0x0000000000001419      0x218 build/lseek.o
 .debug_abbrev  0x0000000000001631      0x1fc build/read.o
 .debug_abbrev  0x000000000000182d       0xac build/sbrk.o
 .debug_abbrev  0x00000000000018d9       0xfa build/write_hex.o
 .debug_abbrev  0x00000000000019d3      0x4db build/n200_func.o
 .debug_abbrev  0x0000000000001eae      0x234 build/handlers.o
 .debug_abbrev  0x00000000000020e2      0x22b build/init.o
 .debug_abbrev  0x000000000000230d      0x3f7 build/cdc_acm_core.o
 .debug_abbrev  0x0000000000002704      0x2a9 build/drv_usb_core.o
 .debug_abbrev  0x00000000000029ad      0x335 build/drv_usb_dev.o
 .debug_abbrev  0x0000000000002ce2      0x305 build/drv_usbd_int.o
 .debug_abbrev  0x0000000000002fe7      0x318 build/gd32vf103_hw.o
 .debug_abbrev  0x00000000000032ff      0x2a8 build/gd32vf103_usb_it.o
 .debug_abbrev  0x00000000000035a7       0xcb build/usb_delay.o
 .debug_abbrev  0x0000000000003672      0x3b3 build/usb_serial_if.o
 .debug_abbrev  0x0000000000003a25      0x2a8 build/usbd_core.o
 .debug_abbrev  0x0000000000003ccd      0x511 build/usbd_enum.o
 .debug_abbrev  0x00000000000041de      0x2ab build/usbd_transc.o
 .debug_abbrev  0x0000000000004489      0x170 build/adc.o
 .debug_abbrev  0x00000000000045f9      0x206 build/lioonewire.o
 .debug_abbrev  0x00000000000047ff      0x2f2 build/main.o
 .debug_abbrev  0x0000000000004af1       0xcb build/systick.o
 .debug_abbrev  0x0000000000004bbc       0x14 build/start.o
 .debug_abbrev  0x0000000000004bd0       0x12 build/entry.o
 .debug_abbrev  0x0000000000004be2      0x187 c:/users/abdul/onedrive/documents/toolchain-gd32v-v202-win/compiler/bin/../lib/gcc/riscv64-unknown-elf/8.3.0/rv32imac/ilp32\libgcc.a(divdf3.o)
 .debug_abbrev  0x0000000000004d69      0x199 c:/users/abdul/onedrive/documents/toolchain-gd32v-v202-win/compiler/bin/../lib/gcc/riscv64-unknown-elf/8.3.0/rv32imac/ilp32\libgcc.a(ledf2.o)
 .debug_abbrev  0x0000000000004f02      0x197 c:/users/abdul/onedrive/documents/toolchain-gd32v-v202-win/compiler/bin/../lib/gcc/riscv64-unknown-elf/8.3.0/rv32imac/ilp32\libgcc.a(muldf3.o)
 .debug_abbrev  0x0000000000005099      0x178 c:/users/abdul/onedrive/documents/toolchain-gd32v-v202-win/compiler/bin/../lib/gcc/riscv64-unknown-elf/8.3.0/rv32imac/ilp32\libgcc.a(floatunsidf.o)
 .debug_abbrev  0x0000000000005211      0x19f c:/users/abdul/onedrive/documents/toolchain-gd32v-v202-win/compiler/bin/../lib/gcc/riscv64-unknown-elf/8.3.0/rv32imac/ilp32\libgcc.a(floatundidf.o)
 .debug_abbrev  0x00000000000053b0      0x17a c:/users/abdul/onedrive/documents/toolchain-gd32v-v202-win/compiler/bin/../lib/gcc/riscv64-unknown-elf/8.3.0/rv32imac/ilp32\libgcc.a(mulsf3.o)
 .debug_abbrev  0x000000000000552a      0x191 c:/users/abdul/onedrive/documents/toolchain-gd32v-v202-win/compiler/bin/../lib/gcc/riscv64-unknown-elf/8.3.0/rv32imac/ilp32\libgcc.a(subsf3.o)
 .debug_abbrev  0x00000000000056bb      0x18a c:/users/abdul/onedrive/documents/toolchain-gd32v-v202-win/compiler/bin/../lib/gcc/riscv64-unknown-elf/8.3.0/rv32imac/ilp32\libgcc.a(fixsfsi.o)
 .debug_abbrev  0x0000000000005845      0x198 c:/users/abdul/onedrive/documents/toolchain-gd32v-v202-win/compiler/bin/../lib/gcc/riscv64-unknown-elf/8.3.0/rv32imac/ilp32\libgcc.a(floatsisf.o)
 .debug_abbrev  0x00000000000059dd      0x275 c:/users/abdul/onedrive/documents/toolchain-gd32v-v202-win/compiler/bin/../lib/gcc/riscv64-unknown-elf/8.3.0/rv32imac/ilp32\libgcc.a(_lshrdi3.o)
 .debug_abbrev  0x0000000000005c52      0x275 c:/users/abdul/onedrive/documents/toolchain-gd32v-v202-win/compiler/bin/../lib/gcc/riscv64-unknown-elf/8.3.0/rv32imac/ilp32\libgcc.a(_ashldi3.o)
 .debug_abbrev  0x0000000000005ec7      0x242 c:/users/abdul/onedrive/documents/toolchain-gd32v-v202-win/compiler/bin/../lib/gcc/riscv64-unknown-elf/8.3.0/rv32imac/ilp32\libgcc.a(_clzsi2.o)
 .debug_abbrev  0x0000000000006109      0x1e8 c:/users/abdul/onedrive/documents/toolchain-gd32v-v202-win/compiler/bin/../lib/gcc/riscv64-unknown-elf/8.3.0/rv32imac/ilp32\libgcc.a(_clz.o)

.debug_loc      0x0000000000000000     0xbe1d
 .debug_loc     0x0000000000000000      0x7d6 build/gd32vf103_adc.o
 .debug_loc     0x00000000000007d6      0xd54 build/gd32vf103_dma.o
 .debug_loc     0x000000000000152a       0xe7 build/gd32vf103_eclic.o
 .debug_loc     0x0000000000001611      0x1c8 build/gd32vf103_exti.o
 .debug_loc     0x00000000000017d9      0x4ba build/gd32vf103_gpio.o
 .debug_loc     0x0000000000001c93      0xcf4 build/gd32vf103_rcu.o
 .debug_loc     0x0000000000002987      0xef4 build/gd32vf103_timer.o
 .debug_loc     0x000000000000387b      0x173 build/system_gd32vf103.o
 .debug_loc     0x00000000000039ee       0x3e build/_exit.o
 .debug_loc     0x0000000000003a2c       0x21 build/close.o
 .debug_loc     0x0000000000003a4d       0x90 build/fstat.o
 .debug_loc     0x0000000000003add       0x2e build/isatty.o
 .debug_loc     0x0000000000003b0b       0x8f build/lseek.o
 .debug_loc     0x0000000000003b9a       0x21 build/read.o
 .debug_loc     0x0000000000003bbb       0x21 build/sbrk.o
 .debug_loc     0x0000000000003bdc      0x101 build/write_hex.o
 .debug_loc     0x0000000000003cdd      0xa1d build/n200_func.o
 .debug_loc     0x00000000000046fa       0x7f build/handlers.o
 .debug_loc     0x0000000000004779       0x2c build/init.o
 .debug_loc     0x00000000000047a5      0x3df build/cdc_acm_core.o
 .debug_loc     0x0000000000004b84      0x53e build/drv_usb_core.o
 .debug_loc     0x00000000000050c2      0x83b build/drv_usb_dev.o
 .debug_loc     0x00000000000058fd      0x69a build/drv_usbd_int.o
 .debug_loc     0x0000000000005f97      0x106 build/gd32vf103_hw.o
 .debug_loc     0x000000000000609d       0x2c build/gd32vf103_usb_it.o
 .debug_loc     0x00000000000060c9      0x130 build/usb_delay.o
 .debug_loc     0x00000000000061f9      0x2a3 build/usb_serial_if.o
 .debug_loc     0x000000000000649c      0x730 build/usbd_core.o
 .debug_loc     0x0000000000006bcc      0xb83 build/usbd_enum.o
 .debug_loc     0x000000000000774f      0x4ec build/usbd_transc.o
 .debug_loc     0x0000000000007c3b       0x58 build/adc.o
 .debug_loc     0x0000000000007c93      0x2d5 build/lioonewire.o
 .debug_loc     0x0000000000007f68      0x1fb build/main.o
 .debug_loc     0x0000000000008163      0x110 build/systick.o
 .debug_loc     0x0000000000008273     0x129b c:/users/abdul/onedrive/documents/toolchain-gd32v-v202-win/compiler/bin/../lib/gcc/riscv64-unknown-elf/8.3.0/rv32imac/ilp32\libgcc.a(divdf3.o)
 .debug_loc     0x000000000000950e      0x156 c:/users/abdul/onedrive/documents/toolchain-gd32v-v202-win/compiler/bin/../lib/gcc/riscv64-unknown-elf/8.3.0/rv32imac/ilp32\libgcc.a(ledf2.o)
 .debug_loc     0x0000000000009664      0xd6e c:/users/abdul/onedrive/documents/toolchain-gd32v-v202-win/compiler/bin/../lib/gcc/riscv64-unknown-elf/8.3.0/rv32imac/ilp32\libgcc.a(muldf3.o)
 .debug_loc     0x000000000000a3d2      0x15c c:/users/abdul/onedrive/documents/toolchain-gd32v-v202-win/compiler/bin/../lib/gcc/riscv64-unknown-elf/8.3.0/rv32imac/ilp32\libgcc.a(floatunsidf.o)
 .debug_loc     0x000000000000a52e      0x2ec c:/users/abdul/onedrive/documents/toolchain-gd32v-v202-win/compiler/bin/../lib/gcc/riscv64-unknown-elf/8.3.0/rv32imac/ilp32\libgcc.a(floatundidf.o)
 .debug_loc     0x000000000000a81a      0x5e4 c:/users/abdul/onedrive/documents/toolchain-gd32v-v202-win/compiler/bin/../lib/gcc/riscv64-unknown-elf/8.3.0/rv32imac/ilp32\libgcc.a(mulsf3.o)
 .debug_loc     0x000000000000adfe      0xbdf c:/users/abdul/onedrive/documents/toolchain-gd32v-v202-win/compiler/bin/../lib/gcc/riscv64-unknown-elf/8.3.0/rv32imac/ilp32\libgcc.a(subsf3.o)
 .debug_loc     0x000000000000b9dd      0x12d c:/users/abdul/onedrive/documents/toolchain-gd32v-v202-win/compiler/bin/../lib/gcc/riscv64-unknown-elf/8.3.0/rv32imac/ilp32\libgcc.a(fixsfsi.o)
 .debug_loc     0x000000000000bb0a      0x1ac c:/users/abdul/onedrive/documents/toolchain-gd32v-v202-win/compiler/bin/../lib/gcc/riscv64-unknown-elf/8.3.0/rv32imac/ilp32\libgcc.a(floatsisf.o)
 .debug_loc     0x000000000000bcb6       0x7e c:/users/abdul/onedrive/documents/toolchain-gd32v-v202-win/compiler/bin/../lib/gcc/riscv64-unknown-elf/8.3.0/rv32imac/ilp32\libgcc.a(_lshrdi3.o)
 .debug_loc     0x000000000000bd34       0x7e c:/users/abdul/onedrive/documents/toolchain-gd32v-v202-win/compiler/bin/../lib/gcc/riscv64-unknown-elf/8.3.0/rv32imac/ilp32\libgcc.a(_ashldi3.o)
 .debug_loc     0x000000000000bdb2       0x6b c:/users/abdul/onedrive/documents/toolchain-gd32v-v202-win/compiler/bin/../lib/gcc/riscv64-unknown-elf/8.3.0/rv32imac/ilp32\libgcc.a(_clzsi2.o)

.debug_aranges  0x0000000000000000     0x10c0
 .debug_aranges
                0x0000000000000000      0x140 build/gd32vf103_adc.o
 .debug_aranges
                0x0000000000000140       0xe8 build/gd32vf103_dma.o
 .debug_aranges
                0x0000000000000228       0x50 build/gd32vf103_eclic.o
 .debug_aranges
                0x0000000000000278       0x70 build/gd32vf103_exti.o
 .debug_aranges
                0x00000000000002e8       0xa0 build/gd32vf103_gpio.o
 .debug_aranges
                0x0000000000000388      0x160 build/gd32vf103_rcu.o
 .debug_aranges
                0x00000000000004e8      0x240 build/gd32vf103_timer.o
 .debug_aranges
                0x0000000000000728       0x28 build/system_gd32vf103.o
 .debug_aranges
                0x0000000000000750       0x20 build/_exit.o
 .debug_aranges
                0x0000000000000770       0x20 build/close.o
 .debug_aranges
                0x0000000000000790       0x20 build/fstat.o
 .debug_aranges
                0x00000000000007b0       0x20 build/isatty.o
 .debug_aranges
                0x00000000000007d0       0x20 build/lseek.o
 .debug_aranges
                0x00000000000007f0       0x20 build/read.o
 .debug_aranges
                0x0000000000000810       0x20 build/sbrk.o
 .debug_aranges
                0x0000000000000830       0x20 build/write_hex.o
 .debug_aranges
                0x0000000000000850      0x140 build/n200_func.o
 .debug_aranges
                0x0000000000000990       0x28 build/handlers.o
 .debug_aranges
                0x00000000000009b8       0x28 build/init.o
 .debug_aranges
                0x00000000000009e0       0x68 build/cdc_acm_core.o
 .debug_aranges
                0x0000000000000a48       0x48 build/drv_usb_core.o
 .debug_aranges
                0x0000000000000a90       0xc8 build/drv_usb_dev.o
 .debug_aranges
                0x0000000000000b58       0x58 build/drv_usbd_int.o
 .debug_aranges
                0x0000000000000bb0       0x40 build/gd32vf103_hw.o
 .debug_aranges
                0x0000000000000bf0       0x28 build/gd32vf103_usb_it.o
 .debug_aranges
                0x0000000000000c18       0x28 build/usb_delay.o
 .debug_aranges
                0x0000000000000c40       0x48 build/usb_serial_if.o
 .debug_aranges
                0x0000000000000c88       0x78 build/usbd_core.o
 .debug_aranges
                0x0000000000000d00       0xa8 build/usbd_enum.o
 .debug_aranges
                0x0000000000000da8       0x50 build/usbd_transc.o
 .debug_aranges
                0x0000000000000df8       0x20 build/adc.o
 .debug_aranges
                0x0000000000000e18       0x68 build/lioonewire.o
 .debug_aranges
                0x0000000000000e80       0x38 build/main.o
 .debug_aranges
                0x0000000000000eb8       0x28 build/systick.o
 .debug_aranges
                0x0000000000000ee0       0x20 build/start.o
 .debug_aranges
                0x0000000000000f00       0x28 build/entry.o
 .debug_aranges
                0x0000000000000f28       0x20 c:/users/abdul/onedrive/documents/toolchain-gd32v-v202-win/compiler/bin/../lib/gcc/riscv64-unknown-elf/8.3.0/rv32imac/ilp32\libgcc.a(divdf3.o)
 .debug_aranges
                0x0000000000000f48       0x20 c:/users/abdul/onedrive/documents/toolchain-gd32v-v202-win/compiler/bin/../lib/gcc/riscv64-unknown-elf/8.3.0/rv32imac/ilp32\libgcc.a(ledf2.o)
 .debug_aranges
                0x0000000000000f68       0x20 c:/users/abdul/onedrive/documents/toolchain-gd32v-v202-win/compiler/bin/../lib/gcc/riscv64-unknown-elf/8.3.0/rv32imac/ilp32\libgcc.a(muldf3.o)
 .debug_aranges
                0x0000000000000f88       0x20 c:/users/abdul/onedrive/documents/toolchain-gd32v-v202-win/compiler/bin/../lib/gcc/riscv64-unknown-elf/8.3.0/rv32imac/ilp32\libgcc.a(floatunsidf.o)
 .debug_aranges
                0x0000000000000fa8       0x20 c:/users/abdul/onedrive/documents/toolchain-gd32v-v202-win/compiler/bin/../lib/gcc/riscv64-unknown-elf/8.3.0/rv32imac/ilp32\libgcc.a(floatundidf.o)
 .debug_aranges
                0x0000000000000fc8       0x20 c:/users/abdul/onedrive/documents/toolchain-gd32v-v202-win/compiler/bin/../lib/gcc/riscv64-unknown-elf/8.3.0/rv32imac/ilp32\libgcc.a(mulsf3.o)
 .debug_aranges
                0x0000000000000fe8       0x20 c:/users/abdul/onedrive/documents/toolchain-gd32v-v202-win/compiler/bin/../lib/gcc/riscv64-unknown-elf/8.3.0/rv32imac/ilp32\libgcc.a(subsf3.o)
 .debug_aranges
                0x0000000000001008       0x20 c:/users/abdul/onedrive/documents/toolchain-gd32v-v202-win/compiler/bin/../lib/gcc/riscv64-unknown-elf/8.3.0/rv32imac/ilp32\libgcc.a(fixsfsi.o)
 .debug_aranges
                0x0000000000001028       0x20 c:/users/abdul/onedrive/documents/toolchain-gd32v-v202-win/compiler/bin/../lib/gcc/riscv64-unknown-elf/8.3.0/rv32imac/ilp32\libgcc.a(floatsisf.o)
 .debug_aranges
                0x0000000000001048       0x20 c:/users/abdul/onedrive/documents/toolchain-gd32v-v202-win/compiler/bin/../lib/gcc/riscv64-unknown-elf/8.3.0/rv32imac/ilp32\libgcc.a(_lshrdi3.o)
 .debug_aranges
                0x0000000000001068       0x20 c:/users/abdul/onedrive/documents/toolchain-gd32v-v202-win/compiler/bin/../lib/gcc/riscv64-unknown-elf/8.3.0/rv32imac/ilp32\libgcc.a(_ashldi3.o)
 .debug_aranges
                0x0000000000001088       0x20 c:/users/abdul/onedrive/documents/toolchain-gd32v-v202-win/compiler/bin/../lib/gcc/riscv64-unknown-elf/8.3.0/rv32imac/ilp32\libgcc.a(_clzsi2.o)
 .debug_aranges
                0x00000000000010a8       0x18 c:/users/abdul/onedrive/documents/toolchain-gd32v-v202-win/compiler/bin/../lib/gcc/riscv64-unknown-elf/8.3.0/rv32imac/ilp32\libgcc.a(_clz.o)

.debug_ranges   0x0000000000000000     0x1730
 .debug_ranges  0x0000000000000000      0x130 build/gd32vf103_adc.o
 .debug_ranges  0x0000000000000130       0xd8 build/gd32vf103_dma.o
 .debug_ranges  0x0000000000000208       0x40 build/gd32vf103_eclic.o
 .debug_ranges  0x0000000000000248       0x60 build/gd32vf103_exti.o
 .debug_ranges  0x00000000000002a8       0x90 build/gd32vf103_gpio.o
 .debug_ranges  0x0000000000000338      0x150 build/gd32vf103_rcu.o
 .debug_ranges  0x0000000000000488      0x270 build/gd32vf103_timer.o
 .debug_ranges  0x00000000000006f8       0x18 build/system_gd32vf103.o
 .debug_ranges  0x0000000000000710       0x10 build/_exit.o
 .debug_ranges  0x0000000000000720       0x10 build/close.o
 .debug_ranges  0x0000000000000730       0x10 build/fstat.o
 .debug_ranges  0x0000000000000740       0x10 build/isatty.o
 .debug_ranges  0x0000000000000750       0x10 build/lseek.o
 .debug_ranges  0x0000000000000760       0x10 build/read.o
 .debug_ranges  0x0000000000000770       0x10 build/sbrk.o
 .debug_ranges  0x0000000000000780       0x30 build/write_hex.o
 .debug_ranges  0x00000000000007b0      0x240 build/n200_func.o
 .debug_ranges  0x00000000000009f0       0x18 build/handlers.o
 .debug_ranges  0x0000000000000a08       0x18 build/init.o
 .debug_ranges  0x0000000000000a20       0x88 build/cdc_acm_core.o
 .debug_ranges  0x0000000000000aa8       0x38 build/drv_usb_core.o
 .debug_ranges  0x0000000000000ae0       0xd0 build/drv_usb_dev.o
 .debug_ranges  0x0000000000000bb0       0xc0 build/drv_usbd_int.o
 .debug_ranges  0x0000000000000c70       0x30 build/gd32vf103_hw.o
 .debug_ranges  0x0000000000000ca0       0x18 build/gd32vf103_usb_it.o
 .debug_ranges  0x0000000000000cb8       0x18 build/usb_delay.o
 .debug_ranges  0x0000000000000cd0       0x88 build/usb_serial_if.o
 .debug_ranges  0x0000000000000d58       0x68 build/usbd_core.o
 .debug_ranges  0x0000000000000dc0      0x150 build/usbd_enum.o
 .debug_ranges  0x0000000000000f10       0x40 build/usbd_transc.o
 .debug_ranges  0x0000000000000f50       0x10 build/adc.o
 .debug_ranges  0x0000000000000f60       0x88 build/lioonewire.o
 .debug_ranges  0x0000000000000fe8       0x28 build/main.o
 .debug_ranges  0x0000000000001010       0x18 build/systick.o
 .debug_ranges  0x0000000000001028       0x20 build/entry.o
 .debug_ranges  0x0000000000001048      0x180 c:/users/abdul/onedrive/documents/toolchain-gd32v-v202-win/compiler/bin/../lib/gcc/riscv64-unknown-elf/8.3.0/rv32imac/ilp32\libgcc.a(divdf3.o)
 .debug_ranges  0x00000000000011c8       0x68 c:/users/abdul/onedrive/documents/toolchain-gd32v-v202-win/compiler/bin/../lib/gcc/riscv64-unknown-elf/8.3.0/rv32imac/ilp32\libgcc.a(ledf2.o)
 .debug_ranges  0x0000000000001230      0x1c0 c:/users/abdul/onedrive/documents/toolchain-gd32v-v202-win/compiler/bin/../lib/gcc/riscv64-unknown-elf/8.3.0/rv32imac/ilp32\libgcc.a(muldf3.o)
 .debug_ranges  0x00000000000013f0       0x68 c:/users/abdul/onedrive/documents/toolchain-gd32v-v202-win/compiler/bin/../lib/gcc/riscv64-unknown-elf/8.3.0/rv32imac/ilp32\libgcc.a(floatunsidf.o)
 .debug_ranges  0x0000000000001458       0x68 c:/users/abdul/onedrive/documents/toolchain-gd32v-v202-win/compiler/bin/../lib/gcc/riscv64-unknown-elf/8.3.0/rv32imac/ilp32\libgcc.a(floatundidf.o)
 .debug_ranges  0x00000000000014c0       0xa8 c:/users/abdul/onedrive/documents/toolchain-gd32v-v202-win/compiler/bin/../lib/gcc/riscv64-unknown-elf/8.3.0/rv32imac/ilp32\libgcc.a(mulsf3.o)
 .debug_ranges  0x0000000000001568      0x140 c:/users/abdul/onedrive/documents/toolchain-gd32v-v202-win/compiler/bin/../lib/gcc/riscv64-unknown-elf/8.3.0/rv32imac/ilp32\libgcc.a(subsf3.o)
 .debug_ranges  0x00000000000016a8       0x18 c:/users/abdul/onedrive/documents/toolchain-gd32v-v202-win/compiler/bin/../lib/gcc/riscv64-unknown-elf/8.3.0/rv32imac/ilp32\libgcc.a(fixsfsi.o)
 .debug_ranges  0x00000000000016c0       0x50 c:/users/abdul/onedrive/documents/toolchain-gd32v-v202-win/compiler/bin/../lib/gcc/riscv64-unknown-elf/8.3.0/rv32imac/ilp32\libgcc.a(floatsisf.o)
 .debug_ranges  0x0000000000001710       0x20 c:/users/abdul/onedrive/documents/toolchain-gd32v-v202-win/compiler/bin/../lib/gcc/riscv64-unknown-elf/8.3.0/rv32imac/ilp32\libgcc.a(_clzsi2.o)

.debug_line     0x0000000000000000    0x17661
 .debug_line    0x0000000000000000     0x14a3 build/gd32vf103_adc.o
 .debug_line    0x00000000000014a3     0x112f build/gd32vf103_dma.o
 .debug_line    0x00000000000025d2      0x34e build/gd32vf103_eclic.o
 .debug_line    0x0000000000002920      0x59c build/gd32vf103_exti.o
 .debug_line    0x0000000000002ebc      0xb32 build/gd32vf103_gpio.o
 .debug_line    0x00000000000039ee     0x1525 build/gd32vf103_rcu.o
 .debug_line    0x0000000000004f13     0x2b11 build/gd32vf103_timer.o
 .debug_line    0x0000000000007a24      0x6c7 build/system_gd32vf103.o
 .debug_line    0x00000000000080eb      0x151 build/_exit.o
 .debug_line    0x000000000000823c      0x190 build/close.o
 .debug_line    0x00000000000083cc      0x2e1 build/fstat.o
 .debug_line    0x00000000000086ad       0xdf build/isatty.o
 .debug_line    0x000000000000878c      0x1b1 build/lseek.o
 .debug_line    0x000000000000893d      0x19c build/read.o
 .debug_line    0x0000000000008ad9      0x141 build/sbrk.o
 .debug_line    0x0000000000008c1a      0x24f build/write_hex.o
 .debug_line    0x0000000000008e69     0x12e9 build/n200_func.o
 .debug_line    0x000000000000a152      0x284 build/handlers.o
 .debug_line    0x000000000000a3d6      0x2c7 build/init.o
 .debug_line    0x000000000000a69d      0x7d5 build/cdc_acm_core.o
 .debug_line    0x000000000000ae72      0x91f build/drv_usb_core.o
 .debug_line    0x000000000000b791     0x1549 build/drv_usb_dev.o
 .debug_line    0x000000000000ccda     0x1051 build/drv_usbd_int.o
 .debug_line    0x000000000000dd2b      0x531 build/gd32vf103_hw.o
 .debug_line    0x000000000000e25c      0x40b build/gd32vf103_usb_it.o
 .debug_line    0x000000000000e667      0x369 build/usb_delay.o
 .debug_line    0x000000000000e9d0      0xa50 build/usb_serial_if.o
 .debug_line    0x000000000000f420      0x804 build/usbd_core.o
 .debug_line    0x000000000000fc24     0x1084 build/usbd_enum.o
 .debug_line    0x0000000000010ca8      0x893 build/usbd_transc.o
 .debug_line    0x000000000001153b      0x3c3 build/adc.o
 .debug_line    0x00000000000118fe      0x614 build/lioonewire.o
 .debug_line    0x0000000000011f12      0x713 build/main.o
 .debug_line    0x0000000000012625      0x3a0 build/systick.o
 .debug_line    0x00000000000129c5      0x189 build/start.o
 .debug_line    0x0000000000012b4e       0xe5 build/entry.o
 .debug_line    0x0000000000012c33      0xe35 c:/users/abdul/onedrive/documents/toolchain-gd32v-v202-win/compiler/bin/../lib/gcc/riscv64-unknown-elf/8.3.0/rv32imac/ilp32\libgcc.a(divdf3.o)
 .debug_line    0x0000000000013a68      0x303 c:/users/abdul/onedrive/documents/toolchain-gd32v-v202-win/compiler/bin/../lib/gcc/riscv64-unknown-elf/8.3.0/rv32imac/ilp32\libgcc.a(ledf2.o)
 .debug_line    0x0000000000013d6b      0xbf8 c:/users/abdul/onedrive/documents/toolchain-gd32v-v202-win/compiler/bin/../lib/gcc/riscv64-unknown-elf/8.3.0/rv32imac/ilp32\libgcc.a(muldf3.o)
 .debug_line    0x0000000000014963      0x239 c:/users/abdul/onedrive/documents/toolchain-gd32v-v202-win/compiler/bin/../lib/gcc/riscv64-unknown-elf/8.3.0/rv32imac/ilp32\libgcc.a(floatunsidf.o)
 .debug_line    0x0000000000014b9c      0x3f5 c:/users/abdul/onedrive/documents/toolchain-gd32v-v202-win/compiler/bin/../lib/gcc/riscv64-unknown-elf/8.3.0/rv32imac/ilp32\libgcc.a(floatundidf.o)
 .debug_line    0x0000000000014f91      0x666 c:/users/abdul/onedrive/documents/toolchain-gd32v-v202-win/compiler/bin/../lib/gcc/riscv64-unknown-elf/8.3.0/rv32imac/ilp32\libgcc.a(mulsf3.o)
 .debug_line    0x00000000000155f7      0x97e c:/users/abdul/onedrive/documents/toolchain-gd32v-v202-win/compiler/bin/../lib/gcc/riscv64-unknown-elf/8.3.0/rv32imac/ilp32\libgcc.a(subsf3.o)
 .debug_line    0x0000000000015f75      0x207 c:/users/abdul/onedrive/documents/toolchain-gd32v-v202-win/compiler/bin/../lib/gcc/riscv64-unknown-elf/8.3.0/rv32imac/ilp32\libgcc.a(fixsfsi.o)
 .debug_line    0x000000000001617c      0x2fb c:/users/abdul/onedrive/documents/toolchain-gd32v-v202-win/compiler/bin/../lib/gcc/riscv64-unknown-elf/8.3.0/rv32imac/ilp32\libgcc.a(floatsisf.o)
 .debug_line    0x0000000000016477      0x4c4 c:/users/abdul/onedrive/documents/toolchain-gd32v-v202-win/compiler/bin/../lib/gcc/riscv64-unknown-elf/8.3.0/rv32imac/ilp32\libgcc.a(_lshrdi3.o)
 .debug_line    0x000000000001693b      0x4c4 c:/users/abdul/onedrive/documents/toolchain-gd32v-v202-win/compiler/bin/../lib/gcc/riscv64-unknown-elf/8.3.0/rv32imac/ilp32\libgcc.a(_ashldi3.o)
 .debug_line    0x0000000000016dff      0x472 c:/users/abdul/onedrive/documents/toolchain-gd32v-v202-win/compiler/bin/../lib/gcc/riscv64-unknown-elf/8.3.0/rv32imac/ilp32\libgcc.a(_clzsi2.o)
 .debug_line    0x0000000000017271      0x3f0 c:/users/abdul/onedrive/documents/toolchain-gd32v-v202-win/compiler/bin/../lib/gcc/riscv64-unknown-elf/8.3.0/rv32imac/ilp32\libgcc.a(_clz.o)

.debug_str      0x0000000000000000     0x5d3d
 .debug_str     0x0000000000000000      0x854 build/gd32vf103_adc.o
                                        0x8cd (size before relaxing)
 .debug_str     0x0000000000000854      0x3bc build/gd32vf103_dma.o
                                        0x5b4 (size before relaxing)
 .debug_str     0x0000000000000c10      0x167 build/gd32vf103_eclic.o
                                        0x311 (size before relaxing)
 .debug_str     0x0000000000000d77      0x27e build/gd32vf103_exti.o
                                        0x41c (size before relaxing)
 .debug_str     0x0000000000000ff5      0x1ea build/gd32vf103_gpio.o
                                        0x5b5 (size before relaxing)
 .debug_str     0x00000000000011df      0xa74 build/gd32vf103_rcu.o
                                        0xe34 (size before relaxing)
 .debug_str     0x0000000000001c53      0xb01 build/gd32vf103_timer.o
                                        0xef9 (size before relaxing)
 .debug_str     0x0000000000002754       0xa6 build/system_gd32vf103.o
                                        0x287 (size before relaxing)
 .debug_str     0x00000000000027fa       0x63 build/_exit.o
                                        0x1f6 (size before relaxing)
 .debug_str     0x000000000000285d      0x3d5 build/close.o
                                        0x5c0 (size before relaxing)
 .debug_str     0x0000000000002c32      0x146 build/fstat.o
                                        0x738 (size before relaxing)
 .debug_str     0x0000000000002d78       0x2e build/isatty.o
                                        0x1c4 (size before relaxing)
 .debug_str     0x0000000000002da6       0x2c build/lseek.o
                                        0x5dc (size before relaxing)
 .debug_str     0x0000000000002dd2       0x24 build/read.o
                                        0x5ce (size before relaxing)
 .debug_str     0x0000000000002df6       0x4a build/sbrk.o
                                        0x162 (size before relaxing)
 .debug_str     0x0000000000002e40       0x37 build/write_hex.o
                                        0x1ef (size before relaxing)
 .debug_str     0x0000000000002e77      0x317 build/n200_func.o
                                        0x993 (size before relaxing)
 .debug_str     0x000000000000318e       0x58 build/handlers.o
                                        0x5ec (size before relaxing)
 .debug_str     0x00000000000031e6      0x3e7 build/init.o
                                        0x9bc (size before relaxing)
 .debug_str     0x00000000000035cd      0xc62 build/cdc_acm_core.o
                                       0x1319 (size before relaxing)
 .debug_str     0x000000000000422f      0x299 build/drv_usb_core.o
                                        0x743 (size before relaxing)
 .debug_str     0x00000000000044c8      0x28a build/drv_usb_dev.o
                                        0xa39 (size before relaxing)
 .debug_str     0x0000000000004752      0x1ef build/drv_usbd_int.o
                                        0xa8e (size before relaxing)
 .debug_str     0x0000000000004941       0xbe build/gd32vf103_hw.o
                                        0xcff (size before relaxing)
 .debug_str     0x00000000000049ff       0x6d build/gd32vf103_usb_it.o
                                       0x1267 (size before relaxing)
 .debug_str     0x0000000000004a6c       0x1b build/usb_delay.o
                                        0x201 (size before relaxing)
 .debug_str     0x0000000000004a87       0xb7 build/usb_serial_if.o
                                       0x11f9 (size before relaxing)
 .debug_str     0x0000000000004b3e       0xd1 build/usbd_core.o
                                        0xabf (size before relaxing)
 .debug_str     0x0000000000004c0f      0x3b0 build/usbd_enum.o
                                       0x108b (size before relaxing)
 .debug_str     0x0000000000004fbf       0x6d build/usbd_transc.o
                                        0xd44 (size before relaxing)
 .debug_str     0x000000000000502c       0x2e build/adc.o
                                        0x5ca (size before relaxing)
 .debug_str     0x000000000000505a       0xc5 build/lioonewire.o
                                        0x43c (size before relaxing)
 .debug_str     0x000000000000511f       0xcd build/main.o
                                       0x1323 (size before relaxing)
 .debug_str     0x00000000000051ec        0xa build/systick.o
                                        0x1e8 (size before relaxing)
 .debug_str     0x00000000000051f6       0x37 build/start.o
                                         0x83 (size before relaxing)
 .debug_str     0x000000000000522d       0x2b build/entry.o
                                         0x83 (size before relaxing)
 .debug_str     0x0000000000005258      0x3c7 c:/users/abdul/onedrive/documents/toolchain-gd32v-v202-win/compiler/bin/../lib/gcc/riscv64-unknown-elf/8.3.0/rv32imac/ilp32\libgcc.a(divdf3.o)
                                        0x452 (size before relaxing)