GAS LISTING C:\Users\abdul\AppData\Local\Temp\ccN9puu7.s 			page 1


   1              		.file	"lioonewire.c"
   2              		.option nopic
   3              		.attribute arch, "rv32i2p0_m2p0_a2p0_c2p0"
   4              		.attribute unaligned_access, 0
   5              		.attribute stack_align, 16
   6              		.text
   7              	.Ltext0:
   8              		.cfi_sections	.debug_frame
   9              		.section	.text.delay_us,"ax",@progbits
  10              		.align	1
  12              	delay_us:
  13              	.LFB2:
  14              		.file 1 "lioonewire.c"
   1:lioonewire.c  **** //Egen tick-delay
   2:lioonewire.c  **** /*
   3:lioonewire.c  ****  * File:   onewire.c
   4:lioonewire.c  ****  * Author: remahl
   5:lioonewire.c  ****  * Modified: tick_delay replaced with inline us delay for GD32VF103 @ 108MHz
   6:lioonewire.c  ****  */
   7:lioonewire.c  **** 
   8:lioonewire.c  **** #include <stdint.h>
   9:lioonewire.c  **** #include "lioonewire.h"
  10:lioonewire.c  **** #include "gd32vf103.h"
  11:lioonewire.c  **** #include "usb_delay.h"
  12:lioonewire.c  **** 
  13:lioonewire.c  **** #define SKIP_ROM            0xCC
  14:lioonewire.c  **** #define WRITE_SCRATCH_PAD   0x4E
  15:lioonewire.c  **** #define READ_SCRATCH_PAD    0xBE
  16:lioonewire.c  **** #define START_CONVERSION    0x44
  17:lioonewire.c  **** #define COPY_SCRATCHPAD     0x48
  18:lioonewire.c  **** #define RECALL_EEPROM       0xB8
  19:lioonewire.c  **** #define READ_POWER_SUPPLY   0xB4
  20:lioonewire.c  **** 
  21:lioonewire.c  **** #define CONFIG_9BIT         0x1F
  22:lioonewire.c  **** #define CONFIG_10BIT        0x3F
  23:lioonewire.c  **** #define CONFIG_11BIT        0x5F
  24:lioonewire.c  **** #define CONFIG_12BIT        0x7F
  25:lioonewire.c  **** 
  26:lioonewire.c  **** // 1-Wire timing i mikrosekunder (enligt DS18B20 datablad)
  27:lioonewire.c  **** #define T_A 6
  28:lioonewire.c  **** #define T_B 64
  29:lioonewire.c  **** #define T_C 60
  30:lioonewire.c  **** #define T_D 10
  31:lioonewire.c  **** #define T_E 9
  32:lioonewire.c  **** #define T_F 55
  33:lioonewire.c  **** #define T_G 0
  34:lioonewire.c  **** #define T_H 480
  35:lioonewire.c  **** #define T_I 70
  36:lioonewire.c  **** #define T_J 410
  37:lioonewire.c  **** 
  38:lioonewire.c  **** #define DPIN  GPIO_PIN_5
  39:lioonewire.c  **** #define DPORT GPIOB
  40:lioonewire.c  **** 
  41:lioonewire.c  **** // ── Mikrosekundsdelay kalibrerad för GD32VF103, 108MHz ──────────
  42:lioonewire.c  **** // ~108 iterationer per mikrosekund
  43:lioonewire.c  **** static void delay_us(uint32_t us)
  44:lioonewire.c  **** {
GAS LISTING C:\Users\abdul\AppData\Local\Temp\ccN9puu7.s 			page 2


  15              		.loc 1 44 1
  16              		.cfi_startproc
  17              	.LVL0:
  45:lioonewire.c  ****     for (volatile uint32_t i = 0; i < us * 8; i++) {
  18              		.loc 1 45 5
  19              	.LBB2:
  20              		.loc 1 45 10
  21              	.LBE2:
  44:lioonewire.c  ****     for (volatile uint32_t i = 0; i < us * 8; i++) {
  22              		.loc 1 44 1 is_stmt 0
  23 0000 4111     		addi	sp,sp,-16
  24              	.LCFI0:
  25              		.cfi_def_cfa_offset 16
  26              	.LBB3:
  27              		.loc 1 45 28
  28 0002 02C6     		sw	zero,12(sp)
  29              		.loc 1 45 42
  30 0004 0E05     		slli	a0,a0,3
  31              	.LVL1:
  32              	.L2:
  33              		.loc 1 45 37 discriminator 1
  34 0006 B247     		lw	a5,12(sp)
  35              		.loc 1 45 5 discriminator 1
  36 0008 63E4A700 		bgtu	a0,a5,.L3
  37              	.LBE3:
  46:lioonewire.c  ****         __asm__("nop");
  47:lioonewire.c  ****     }
  48:lioonewire.c  **** }
  38              		.loc 1 48 1
  39 000c 4101     		addi	sp,sp,16
  40              	.LCFI1:
  41              		.cfi_remember_state
  42              		.cfi_def_cfa_offset 0
  43 000e 8280     		jr	ra
  44              	.L3:
  45              	.LCFI2:
  46              		.cfi_restore_state
  47              	.LBB4:
  46:lioonewire.c  ****         __asm__("nop");
  48              		.loc 1 46 9 is_stmt 1 discriminator 3
  49              	 #APP
  50              	# 46 "lioonewire.c" 1
  45:lioonewire.c  ****         __asm__("nop");
  51              		nop
  52              	# 0 "" 2
  53              		.loc 1 45 48 is_stmt 0 discriminator 3
  54              	 #NO_APP
  55 0012 B247     		lw	a5,12(sp)
  56 0014 8507     		addi	a5,a5,1
  57 0016 3EC6     		sw	a5,12(sp)
  58 0018 FDB7     		j	.L2
  59              	.LBE4:
  60              		.cfi_endproc
  61              	.LFE2:
  63              		.section	.text.dpin_drive,"ax",@progbits
  64              		.align	1
  65              		.globl	dpin_drive
GAS LISTING C:\Users\abdul\AppData\Local\Temp\ccN9puu7.s 			page 3


  67              	dpin_drive:
  68              	.LFB3:
  49:lioonewire.c  **** 
  50:lioonewire.c  **** void dpin_drive() {
  69              		.loc 1 50 19 is_stmt 1
  70              		.cfi_startproc
  51:lioonewire.c  ****     gpio_bit_reset(DPORT, DPIN);
  71              		.loc 1 51 5
  72 0000 37150140 		li	a0,1073811456
  73 0004 93050002 		li	a1,32
  74 0008 130505C0 		addi	a0,a0,-1024
  75 000c 17030000 		tail	gpio_bit_reset
  75      67000300 
  76              	.LVL2:
  77              		.cfi_endproc
  78              	.LFE3:
  80              		.section	.text.dpin_release,"ax",@progbits
  81              		.align	1
  82              		.globl	dpin_release
  84              	dpin_release:
  85              	.LFB4:
  52:lioonewire.c  **** }
  53:lioonewire.c  **** 
  54:lioonewire.c  **** void dpin_release() {
  86              		.loc 1 54 21
  87              		.cfi_startproc
  55:lioonewire.c  ****     gpio_bit_set(DPORT, DPIN);
  88              		.loc 1 55 5
  89 0000 37150140 		li	a0,1073811456
  90 0004 93050002 		li	a1,32
  91 0008 130505C0 		addi	a0,a0,-1024
  92 000c 17030000 		tail	gpio_bit_set
  92      67000300 
  93              	.LVL3:
  94              		.cfi_endproc
  95              	.LFE4:
  97              		.section	.text.dpin_sample,"ax",@progbits
  98              		.align	1
  99              		.globl	dpin_sample
 101              	dpin_sample:
 102              	.LFB5:
  56:lioonewire.c  **** }
  57:lioonewire.c  **** 
  58:lioonewire.c  **** uint8_t dpin_sample() {
 103              		.loc 1 58 23
 104              		.cfi_startproc
  59:lioonewire.c  ****     return gpio_input_bit_get(DPORT, DPIN);
 105              		.loc 1 59 5
 106              		.loc 1 59 12 is_stmt 0
 107 0000 37150140 		li	a0,1073811456
  58:lioonewire.c  ****     return gpio_input_bit_get(DPORT, DPIN);
 108              		.loc 1 58 23
 109 0004 4111     		addi	sp,sp,-16
 110              	.LCFI3:
 111              		.cfi_def_cfa_offset 16
 112              		.loc 1 59 12
 113 0006 93050002 		li	a1,32
GAS LISTING C:\Users\abdul\AppData\Local\Temp\ccN9puu7.s 			page 4


 114 000a 130505C0 		addi	a0,a0,-1024
  58:lioonewire.c  ****     return gpio_input_bit_get(DPORT, DPIN);
 115              		.loc 1 58 23
 116 000e 06C6     		sw	ra,12(sp)
 117              		.cfi_offset 1, -4
 118              		.loc 1 59 12
 119 0010 97000000 		call	gpio_input_bit_get
 119      E7800000 
 120              	.LVL4:
  60:lioonewire.c  **** }
 121              		.loc 1 60 1
 122 0018 B240     		lw	ra,12(sp)
 123              		.cfi_restore 1
 124 001a 1375F50F 		andi	a0,a0,0xff
 125 001e 4101     		addi	sp,sp,16
 126              	.LCFI4:
 127              		.cfi_def_cfa_offset 0
 128 0020 8280     		jr	ra
 129              		.cfi_endproc
 130              	.LFE5:
 132              		.section	.text.lio_init_OW,"ax",@progbits
 133              		.align	1
 134              		.globl	lio_init_OW
 136              	lio_init_OW:
 137              	.LFB6:
  61:lioonewire.c  **** 
  62:lioonewire.c  **** int first_read = 1;
  63:lioonewire.c  **** 
  64:lioonewire.c  **** void lio_init_OW() {
 138              		.loc 1 64 20 is_stmt 1
 139              		.cfi_startproc
  65:lioonewire.c  ****     rcu_periph_clock_enable(RCU_GPIOB);
 140              		.loc 1 65 5
  64:lioonewire.c  ****     rcu_periph_clock_enable(RCU_GPIOB);
 141              		.loc 1 64 20 is_stmt 0
 142 0000 4111     		addi	sp,sp,-16
 143              	.LCFI5:
 144              		.cfi_def_cfa_offset 16
 145              		.loc 1 65 5
 146 0002 13053060 		li	a0,1539
  64:lioonewire.c  ****     rcu_periph_clock_enable(RCU_GPIOB);
 147              		.loc 1 64 20
 148 0006 06C6     		sw	ra,12(sp)
 149              		.cfi_offset 1, -4
 150              		.loc 1 65 5
 151 0008 97000000 		call	rcu_periph_clock_enable
 151      E7800000 
 152              	.LVL5:
  66:lioonewire.c  ****     gpio_init(DPORT, GPIO_MODE_OUT_OD, GPIO_OSPEED_50MHZ, DPIN);
 153              		.loc 1 66 5 is_stmt 1
  67:lioonewire.c  **** }
 154              		.loc 1 67 1 is_stmt 0
 155 0010 B240     		lw	ra,12(sp)
 156              		.cfi_restore 1
  66:lioonewire.c  ****     gpio_init(DPORT, GPIO_MODE_OUT_OD, GPIO_OSPEED_50MHZ, DPIN);
 157              		.loc 1 66 5
 158 0012 37150140 		li	a0,1073811456
GAS LISTING C:\Users\abdul\AppData\Local\Temp\ccN9puu7.s 			page 5


 159              		.loc 1 67 1
  66:lioonewire.c  ****     gpio_init(DPORT, GPIO_MODE_OUT_OD, GPIO_OSPEED_50MHZ, DPIN);
 160              		.loc 1 66 5
 161 0016 93060002 		li	a3,32
 162 001a 0D46     		li	a2,3
 163 001c D145     		li	a1,20
 164 001e 130505C0 		addi	a0,a0,-1024
 165              		.loc 1 67 1
 166 0022 4101     		addi	sp,sp,16
 167              	.LCFI6:
 168              		.cfi_def_cfa_offset 0
  66:lioonewire.c  ****     gpio_init(DPORT, GPIO_MODE_OUT_OD, GPIO_OSPEED_50MHZ, DPIN);
 169              		.loc 1 66 5
 170 0024 17030000 		tail	gpio_init
 170      67000300 
 171              	.LVL6:
 172              		.cfi_endproc
 173              	.LFE6:
 175              		.section	.text.lio_OW_write_bit,"ax",@progbits
 176              		.align	1
 177              		.globl	lio_OW_write_bit
 179              	lio_OW_write_bit:
 180              	.LFB7:
  68:lioonewire.c  **** 
  69:lioonewire.c  **** void lio_OW_write_bit(uint8_t val) {
 181              		.loc 1 69 36 is_stmt 1
 182              		.cfi_startproc
 183              	.LVL7:
  70:lioonewire.c  ****     if (val) {
 184              		.loc 1 70 5
  69:lioonewire.c  ****     if (val) {
 185              		.loc 1 69 36 is_stmt 0
 186 0000 4111     		addi	sp,sp,-16
 187              	.LCFI7:
 188              		.cfi_def_cfa_offset 16
 189 0002 06C6     		sw	ra,12(sp)
 190              		.cfi_offset 1, -4
 191              		.loc 1 70 8
 192 0004 15C5     		beq	a0,zero,.L12
 193              	.LVL8:
 194              	.LBB7:
 195              	.LBB8:
  71:lioonewire.c  ****         dpin_drive();
 196              		.loc 1 71 9 is_stmt 1
 197 0006 97000000 		call	dpin_drive
 197      E7800000 
 198              	.LVL9:
  72:lioonewire.c  ****         delay_us(T_A);
 199              		.loc 1 72 9
 200 000e 1945     		li	a0,6
 201 0010 97000000 		call	delay_us
 201      E7800000 
 202              	.LVL10:
  73:lioonewire.c  ****         dpin_release();
 203              		.loc 1 73 9
 204 0018 97000000 		call	dpin_release
 204      E7800000 
GAS LISTING C:\Users\abdul\AppData\Local\Temp\ccN9puu7.s 			page 6


 205              	.LVL11:
  74:lioonewire.c  ****         delay_us(T_B);
 206              		.loc 1 74 9
 207 0020 13050004 		li	a0,64
 208              	.L14:
 209              	.LBE8:
 210              	.LBE7:
  75:lioonewire.c  ****     } else {
  76:lioonewire.c  ****         dpin_drive();
  77:lioonewire.c  ****         delay_us(T_C);
  78:lioonewire.c  ****         dpin_release();
  79:lioonewire.c  ****         delay_us(T_D);
  80:lioonewire.c  ****     }
  81:lioonewire.c  **** }
 211              		.loc 1 81 1 is_stmt 0
 212 0024 B240     		lw	ra,12(sp)
 213              		.cfi_remember_state
 214              		.cfi_restore 1
 215 0026 4101     		addi	sp,sp,16
 216              	.LCFI8:
 217              		.cfi_def_cfa_offset 0
  79:lioonewire.c  ****     }
 218              		.loc 1 79 9
 219 0028 17030000 		tail	delay_us
 219      67000300 
 220              	.LVL12:
 221              	.L12:
 222              	.LCFI9:
 223              		.cfi_restore_state
  76:lioonewire.c  ****         delay_us(T_C);
 224              		.loc 1 76 9 is_stmt 1
 225 0030 97000000 		call	dpin_drive
 225      E7800000 
 226              	.LVL13:
  77:lioonewire.c  ****         dpin_release();
 227              		.loc 1 77 9
 228 0038 1305C003 		li	a0,60
 229 003c 97000000 		call	delay_us
 229      E7800000 
 230              	.LVL14:
  78:lioonewire.c  ****         delay_us(T_D);
 231              		.loc 1 78 9
 232 0044 97000000 		call	dpin_release
 232      E7800000 
 233              	.LVL15:
  79:lioonewire.c  ****     }
 234              		.loc 1 79 9
 235 004c 2945     		li	a0,10
 236 004e D9BF     		j	.L14
 237              		.cfi_endproc
 238              	.LFE7:
 240              		.section	.text.lio_OW_read_bit,"ax",@progbits
 241              		.align	1
 242              		.globl	lio_OW_read_bit
 244              	lio_OW_read_bit:
 245              	.LFB8:
  82:lioonewire.c  **** 
GAS LISTING C:\Users\abdul\AppData\Local\Temp\ccN9puu7.s 			page 7


  83:lioonewire.c  **** uint8_t lio_OW_read_bit() {
 246              		.loc 1 83 27
 247              		.cfi_startproc
  84:lioonewire.c  ****     uint8_t res = 0;
 248              		.loc 1 84 5
 249              	.LVL16:
  85:lioonewire.c  ****     dpin_drive();
 250              		.loc 1 85 5
  83:lioonewire.c  ****     uint8_t res = 0;
 251              		.loc 1 83 27 is_stmt 0
 252 0000 4111     		addi	sp,sp,-16
 253              	.LCFI10:
 254              		.cfi_def_cfa_offset 16
 255 0002 06C6     		sw	ra,12(sp)
 256 0004 22C4     		sw	s0,8(sp)
 257              		.cfi_offset 1, -4
 258              		.cfi_offset 8, -8
 259              		.loc 1 85 5
 260 0006 97000000 		call	dpin_drive
 260      E7800000 
 261              	.LVL17:
  86:lioonewire.c  ****     delay_us(T_A);
 262              		.loc 1 86 5 is_stmt 1
 263 000e 1945     		li	a0,6
 264 0010 97000000 		call	delay_us
 264      E7800000 
 265              	.LVL18:
  87:lioonewire.c  ****     dpin_release();
 266              		.loc 1 87 5
 267 0018 97000000 		call	dpin_release
 267      E7800000 
 268              	.LVL19:
  88:lioonewire.c  ****     delay_us(T_E);
 269              		.loc 1 88 5
 270 0020 2545     		li	a0,9
 271 0022 97000000 		call	delay_us
 271      E7800000 
 272              	.LVL20:
  89:lioonewire.c  ****     res = dpin_sample();
 273              		.loc 1 89 5
 274              		.loc 1 89 11 is_stmt 0
 275 002a 97000000 		call	dpin_sample
 275      E7800000 
 276              	.LVL21:
 277 0032 2A84     		mv	s0,a0
 278              	.LVL22:
  90:lioonewire.c  ****     delay_us(T_F);
 279              		.loc 1 90 5 is_stmt 1
 280 0034 13057003 		li	a0,55
 281 0038 97000000 		call	delay_us
 281      E7800000 
 282              	.LVL23:
  91:lioonewire.c  ****     return res;
 283              		.loc 1 91 5
  92:lioonewire.c  **** }
 284              		.loc 1 92 1 is_stmt 0
 285 0040 2285     		mv	a0,s0
GAS LISTING C:\Users\abdul\AppData\Local\Temp\ccN9puu7.s 			page 8


 286 0042 B240     		lw	ra,12(sp)
 287              		.cfi_restore 1
 288 0044 2244     		lw	s0,8(sp)
 289              		.cfi_restore 8
 290              	.LVL24:
 291 0046 4101     		addi	sp,sp,16
 292              	.LCFI11:
 293              		.cfi_def_cfa_offset 0
 294 0048 8280     		jr	ra
 295              		.cfi_endproc
 296              	.LFE8:
 298              		.section	.text.lio_OW_read_byte,"ax",@progbits
 299              		.align	1
 300              		.globl	lio_OW_read_byte
 302              	lio_OW_read_byte:
 303              	.LFB9:
  93:lioonewire.c  **** 
  94:lioonewire.c  **** uint8_t lio_OW_read_byte() {
 304              		.loc 1 94 28 is_stmt 1
 305              		.cfi_startproc
  95:lioonewire.c  ****     uint8_t result = 0;
 306              		.loc 1 95 5
 307              	.LVL25:
  96:lioonewire.c  ****     for (uint8_t i = 0; i < 8; i++) {
 308              		.loc 1 96 5
 309              	.LBB9:
 310              		.loc 1 96 10
 311              	.LBE9:
  94:lioonewire.c  ****     uint8_t result = 0;
 312              		.loc 1 94 28 is_stmt 0
 313 0000 4111     		addi	sp,sp,-16
 314              	.LCFI12:
 315              		.cfi_def_cfa_offset 16
 316 0002 22C4     		sw	s0,8(sp)
 317 0004 26C2     		sw	s1,4(sp)
 318 0006 06C6     		sw	ra,12(sp)
 319              		.cfi_offset 8, -8
 320              		.cfi_offset 9, -12
 321              		.cfi_offset 1, -4
  94:lioonewire.c  ****     uint8_t result = 0;
 322              		.loc 1 94 28
 323 0008 A144     		li	s1,8
  95:lioonewire.c  ****     uint8_t result = 0;
 324              		.loc 1 95 13
 325 000a 0144     		li	s0,0
 326              	.LVL26:
 327              	.L19:
 328              	.LBB10:
  97:lioonewire.c  ****         result >>= 1;
 329              		.loc 1 97 9 is_stmt 1
 330              		.loc 1 97 16 is_stmt 0
 331 000c 0580     		srli	s0,s0,1
 332              	.LVL27:
  98:lioonewire.c  ****         if (lio_OW_read_bit()) result |= 0x80;
 333              		.loc 1 98 9 is_stmt 1
 334              		.loc 1 98 13 is_stmt 0
 335 000e 97000000 		call	lio_OW_read_bit
GAS LISTING C:\Users\abdul\AppData\Local\Temp\ccN9puu7.s 			page 9


 335      E7800000 
 336              	.LVL28:
 337              		.loc 1 98 12
 338 0016 09C5     		beq	a0,zero,.L18
 339              		.loc 1 98 32 is_stmt 1 discriminator 1
 340              		.loc 1 98 39 is_stmt 0 discriminator 1
 341 0018 136404F8 		ori	s0,s0,-128
 342              	.LVL29:
 343 001c 1374F40F 		andi	s0,s0,0xff
 344              	.LVL30:
 345              	.L18:
 346 0020 FD14     		addi	s1,s1,-1
 347              	.LVL31:
 348 0022 93F4F40F 		andi	s1,s1,0xff
  96:lioonewire.c  ****         result >>= 1;
 349              		.loc 1 96 5 discriminator 2
 350 0026 FDF0     		bne	s1,zero,.L19
 351              	.LBE10:
  99:lioonewire.c  ****     }
 100:lioonewire.c  ****     return result;
 352              		.loc 1 100 5 is_stmt 1
 101:lioonewire.c  **** }
 353              		.loc 1 101 1 is_stmt 0
 354 0028 2285     		mv	a0,s0
 355 002a B240     		lw	ra,12(sp)
 356              		.cfi_restore 1
 357 002c 2244     		lw	s0,8(sp)
 358              		.cfi_restore 8
 359              	.LVL32:
 360 002e 9244     		lw	s1,4(sp)
 361              		.cfi_restore 9
 362 0030 4101     		addi	sp,sp,16
 363              	.LCFI13:
 364              		.cfi_def_cfa_offset 0
 365 0032 8280     		jr	ra
 366              		.cfi_endproc
 367              	.LFE9:
 369              		.section	.text.lio_OW_write_byte,"ax",@progbits
 370              		.align	1
 371              		.globl	lio_OW_write_byte
 373              	lio_OW_write_byte:
 374              	.LFB10:
 102:lioonewire.c  **** 
 103:lioonewire.c  **** void lio_OW_write_byte(uint8_t data) {
 375              		.loc 1 103 38 is_stmt 1
 376              		.cfi_startproc
 377              	.LVL33:
 104:lioonewire.c  ****     for (int i = 0; i < 8; i++) {
 378              		.loc 1 104 5
 379              	.LBB11:
 380              		.loc 1 104 10
 381              	.LBE11:
 103:lioonewire.c  ****     for (int i = 0; i < 8; i++) {
 382              		.loc 1 103 38 is_stmt 0
 383 0000 4111     		addi	sp,sp,-16
 384              	.LCFI14:
 385              		.cfi_def_cfa_offset 16
GAS LISTING C:\Users\abdul\AppData\Local\Temp\ccN9puu7.s 			page 10


 386 0002 22C4     		sw	s0,8(sp)
 387 0004 26C2     		sw	s1,4(sp)
 388 0006 06C6     		sw	ra,12(sp)
 389              		.cfi_offset 8, -8
 390              		.cfi_offset 9, -12
 391              		.cfi_offset 1, -4
 103:lioonewire.c  ****     for (int i = 0; i < 8; i++) {
 392              		.loc 1 103 38
 393 0008 AA84     		mv	s1,a0
 394              	.LVL34:
 395 000a 2144     		li	s0,8
 396              	.LVL35:
 397              	.L26:
 398              	.LBB12:
 105:lioonewire.c  ****         lio_OW_write_bit(data & 0x01);
 399              		.loc 1 105 9 is_stmt 1 discriminator 3
 400 000c 13F51400 		andi	a0,s1,1
 401 0010 7D14     		addi	s0,s0,-1
 402              	.LVL36:
 403 0012 97000000 		call	lio_OW_write_bit
 403      E7800000 
 404              	.LVL37:
 106:lioonewire.c  ****         data >>= 1;
 405              		.loc 1 106 9 discriminator 3
 406              		.loc 1 106 14 is_stmt 0 discriminator 3
 407 001a 8580     		srli	s1,s1,1
 408              	.LVL38:
 104:lioonewire.c  ****         lio_OW_write_bit(data & 0x01);
 409              		.loc 1 104 5 discriminator 3
 410 001c 65F8     		bne	s0,zero,.L26
 411              	.LBE12:
 107:lioonewire.c  ****     }
 108:lioonewire.c  **** }
 412              		.loc 1 108 1
 413 001e B240     		lw	ra,12(sp)
 414              		.cfi_restore 1
 415 0020 2244     		lw	s0,8(sp)
 416              		.cfi_restore 8
 417 0022 9244     		lw	s1,4(sp)
 418              		.cfi_restore 9
 419              	.LVL39:
 420 0024 4101     		addi	sp,sp,16
 421              	.LCFI15:
 422              		.cfi_def_cfa_offset 0
 423 0026 8280     		jr	ra
 424              		.cfi_endproc
 425              	.LFE10:
 427              		.section	.text.lio_OW_touch_reset,"ax",@progbits
 428              		.align	1
 429              		.globl	lio_OW_touch_reset
 431              	lio_OW_touch_reset:
 432              	.LFB11:
 109:lioonewire.c  **** 
 110:lioonewire.c  **** uint8_t lio_OW_touch_reset(void) {
 433              		.loc 1 110 34 is_stmt 1
 434              		.cfi_startproc
 111:lioonewire.c  ****     uint8_t res = 0;
GAS LISTING C:\Users\abdul\AppData\Local\Temp\ccN9puu7.s 			page 11


 435              		.loc 1 111 5
 436              	.LVL40:
 112:lioonewire.c  ****     delay_us(T_G);
 437              		.loc 1 112 5
 110:lioonewire.c  ****     uint8_t res = 0;
 438              		.loc 1 110 34 is_stmt 0
 439 0000 4111     		addi	sp,sp,-16
 440              	.LCFI16:
 441              		.cfi_def_cfa_offset 16
 442              		.loc 1 112 5
 443 0002 0145     		li	a0,0
 110:lioonewire.c  ****     uint8_t res = 0;
 444              		.loc 1 110 34
 445 0004 06C6     		sw	ra,12(sp)
 446 0006 22C4     		sw	s0,8(sp)
 447              		.cfi_offset 1, -4
 448              		.cfi_offset 8, -8
 449              		.loc 1 112 5
 450 0008 97000000 		call	delay_us
 450      E7800000 
 451              	.LVL41:
 113:lioonewire.c  ****     dpin_drive();
 452              		.loc 1 113 5 is_stmt 1
 453 0010 97000000 		call	dpin_drive
 453      E7800000 
 454              	.LVL42:
 114:lioonewire.c  ****     delay_us(T_H);
 455              		.loc 1 114 5
 456 0018 1305001E 		li	a0,480
 457 001c 97000000 		call	delay_us
 457      E7800000 
 458              	.LVL43:
 115:lioonewire.c  ****     dpin_release();
 459              		.loc 1 115 5
 460 0024 97000000 		call	dpin_release
 460      E7800000 
 461              	.LVL44:
 116:lioonewire.c  ****     delay_us(T_I);
 462              		.loc 1 116 5
 463 002c 13056004 		li	a0,70
 464 0030 97000000 		call	delay_us
 464      E7800000 
 465              	.LVL45:
 117:lioonewire.c  ****     res = dpin_sample();
 466              		.loc 1 117 5
 467              		.loc 1 117 11 is_stmt 0
 468 0038 97000000 		call	dpin_sample
 468      E7800000 
 469              	.LVL46:
 470 0040 2A84     		mv	s0,a0
 471              	.LVL47:
 118:lioonewire.c  ****     delay_us(T_J);
 472              		.loc 1 118 5 is_stmt 1
 473 0042 1305A019 		li	a0,410
 474 0046 97000000 		call	delay_us
 474      E7800000 
 475              	.LVL48:
GAS LISTING C:\Users\abdul\AppData\Local\Temp\ccN9puu7.s 			page 12


 119:lioonewire.c  ****     return res;
 476              		.loc 1 119 5
 120:lioonewire.c  **** }
 477              		.loc 1 120 1 is_stmt 0
 478 004e 2285     		mv	a0,s0
 479 0050 B240     		lw	ra,12(sp)
 480              		.cfi_restore 1
 481 0052 2244     		lw	s0,8(sp)
 482              		.cfi_restore 8
 483              	.LVL49:
 484 0054 4101     		addi	sp,sp,16
 485              	.LCFI17:
 486              		.cfi_def_cfa_offset 0
 487 0056 8280     		jr	ra
 488              		.cfi_endproc
 489              	.LFE11:
 491              		.section	.text.lio_read_temp,"ax",@progbits
 492              		.align	1
 493              		.globl	lio_read_temp
 495              	lio_read_temp:
 496              	.LFB12:
 121:lioonewire.c  **** 
 122:lioonewire.c  **** int16_t lio_read_temp() {
 497              		.loc 1 122 25 is_stmt 1
 498              		.cfi_startproc
 123:lioonewire.c  ****     uint8_t temp_L, temp_H = 0;
 499              		.loc 1 123 5
 500              	.LVL50:
 124:lioonewire.c  **** 
 125:lioonewire.c  ****     if (first_read) {
 501              		.loc 1 125 5
 122:lioonewire.c  ****     uint8_t temp_L, temp_H = 0;
 502              		.loc 1 122 25 is_stmt 0
 503 0000 4111     		addi	sp,sp,-16
 504              	.LCFI18:
 505              		.cfi_def_cfa_offset 16
 506 0002 22C4     		sw	s0,8(sp)
 507              		.cfi_offset 8, -8
 508              		.loc 1 125 9
 509 0004 37040000 		lui	s0,%hi(.LANCHOR0)
 510 0008 13040400 		addi	s0,s0,%lo(.LANCHOR0)
 511              		.loc 1 125 8
 512 000c 1C40     		lw	a5,0(s0)
 122:lioonewire.c  ****     uint8_t temp_L, temp_H = 0;
 513              		.loc 1 122 25
 514 000e 06C6     		sw	ra,12(sp)
 515              		.cfi_offset 1, -4
 516              		.loc 1 125 8
 517 0010 A9C7     		beq	a5,zero,.L32
 126:lioonewire.c  ****         lio_OW_touch_reset();
 518              		.loc 1 126 9 is_stmt 1
 519 0012 97000000 		call	lio_OW_touch_reset
 519      E7800000 
 520              	.LVL51:
 127:lioonewire.c  ****         lio_OW_write_byte(SKIP_ROM);
 521              		.loc 1 127 9
 522 001a 1305C00C 		li	a0,204
GAS LISTING C:\Users\abdul\AppData\Local\Temp\ccN9puu7.s 			page 13


 523 001e 97000000 		call	lio_OW_write_byte
 523      E7800000 
 524              	.LVL52:
 128:lioonewire.c  ****         lio_OW_write_byte(WRITE_SCRATCH_PAD);
 525              		.loc 1 128 9
 526 0026 1305E004 		li	a0,78
 527 002a 97000000 		call	lio_OW_write_byte
 527      E7800000 
 528              	.LVL53:
 129:lioonewire.c  ****         lio_OW_write_byte(0xFF);
 529              		.loc 1 129 9
 530 0032 1305F00F 		li	a0,255
 531 0036 97000000 		call	lio_OW_write_byte
 531      E7800000 
 532              	.LVL54:
 130:lioonewire.c  ****         lio_OW_write_byte(0xFF);
 533              		.loc 1 130 9
 534 003e 1305F00F 		li	a0,255
 535 0042 97000000 		call	lio_OW_write_byte
 535      E7800000 
 536              	.LVL55:
 131:lioonewire.c  ****         lio_OW_write_byte(CONFIG_12BIT);
 537              		.loc 1 131 9
 538 004a 1305F007 		li	a0,127
 539 004e 97000000 		call	lio_OW_write_byte
 539      E7800000 
 540              	.LVL56:
 132:lioonewire.c  ****         first_read = 0;
 541              		.loc 1 132 9
 542              		.loc 1 132 20 is_stmt 0
 543 0056 23200400 		sw	zero,0(s0)
 544              	.L32:
 133:lioonewire.c  ****     }
 134:lioonewire.c  **** 
 135:lioonewire.c  ****     lio_OW_touch_reset();
 545              		.loc 1 135 5 is_stmt 1
 546 005a 97000000 		call	lio_OW_touch_reset
 546      E7800000 
 547              	.LVL57:
 136:lioonewire.c  ****     lio_OW_write_byte(SKIP_ROM);
 548              		.loc 1 136 5
 549 0062 1305C00C 		li	a0,204
 550 0066 97000000 		call	lio_OW_write_byte
 550      E7800000 
 551              	.LVL58:
 137:lioonewire.c  ****     lio_OW_write_byte(START_CONVERSION);
 552              		.loc 1 137 5
 553 006e 13054004 		li	a0,68
 554 0072 97000000 		call	lio_OW_write_byte
 554      E7800000 
 555              	.LVL59:
 138:lioonewire.c  ****     usb_delay_1ms(750); // DS18B20 behöver 750ms för 12-bit konvertering
 556              		.loc 1 138 5
 557 007a 1305E02E 		li	a0,750
 558 007e 97000000 		call	usb_delay_1ms
 558      E7800000 
 559              	.LVL60:
GAS LISTING C:\Users\abdul\AppData\Local\Temp\ccN9puu7.s 			page 14


 139:lioonewire.c  ****     lio_OW_touch_reset();
 560              		.loc 1 139 5
 561 0086 97000000 		call	lio_OW_touch_reset
 561      E7800000 
 562              	.LVL61:
 140:lioonewire.c  ****     lio_OW_write_byte(SKIP_ROM);
 563              		.loc 1 140 5
 564 008e 1305C00C 		li	a0,204
 565 0092 97000000 		call	lio_OW_write_byte
 565      E7800000 
 566              	.LVL62:
 141:lioonewire.c  ****     lio_OW_write_byte(READ_SCRATCH_PAD);
 567              		.loc 1 141 5
 568 009a 1305E00B 		li	a0,190
 569 009e 97000000 		call	lio_OW_write_byte
 569      E7800000 
 570              	.LVL63:
 142:lioonewire.c  ****     temp_L = lio_OW_read_byte();
 571              		.loc 1 142 5
 572              		.loc 1 142 14 is_stmt 0
 573 00a6 97000000 		call	lio_OW_read_byte
 573      E7800000 
 574              	.LVL64:
 575 00ae 2A84     		mv	s0,a0
 576              	.LVL65:
 143:lioonewire.c  ****     temp_H = lio_OW_read_byte();
 577              		.loc 1 143 5 is_stmt 1
 578              		.loc 1 143 14 is_stmt 0
 579 00b0 97000000 		call	lio_OW_read_byte
 579      E7800000 
 580              	.LVL66:
 144:lioonewire.c  ****     return (int16_t)(((temp_H << 8) & 0xFF00) | temp_L);
 581              		.loc 1 144 5 is_stmt 1
 582              		.loc 1 144 31 is_stmt 0
 583 00b8 2205     		slli	a0,a0,8
 584              	.LVL67:
 585              		.loc 1 144 12
 586 00ba 418D     		or	a0,a0,s0
 145:lioonewire.c  **** }
 587              		.loc 1 145 1
 588 00bc B240     		lw	ra,12(sp)
 589              		.cfi_restore 1
 590 00be 2244     		lw	s0,8(sp)
 591              		.cfi_restore 8
 592              	.LVL68:
 593 00c0 4205     		slli	a0,a0,16
 594 00c2 4185     		srai	a0,a0,16
 595 00c4 4101     		addi	sp,sp,16
 596              	.LCFI19:
 597              		.cfi_def_cfa_offset 0
 598 00c6 8280     		jr	ra
 599              		.cfi_endproc
 600              	.LFE12:
 602              		.globl	first_read
 603              		.section	.sdata.first_read,"aw"
 604              		.align	2
 605              		.set	.LANCHOR0,. + 0
GAS LISTING C:\Users\abdul\AppData\Local\Temp\ccN9puu7.s 			page 15


 608              	first_read:
 609 0000 01000000 		.word	1
 610              		.text
 611              	.Letext0:
 612              		.file 2 "c:\\users\\abdul\\onedrive\\documents\\toolchain-gd32v-v202-win\\compiler\\riscv64-unknow
 613              		.file 3 "c:\\users\\abdul\\onedrive\\documents\\toolchain-gd32v-v202-win\\compiler\\riscv64-unknow
 614              		.file 4 "./../../firmware/GD32VF103_standard_peripheral/system_gd32vf103.h"
 615              		.file 5 "lib/usbcdc/include/usb_delay.h"
 616              		.file 6 "./../../firmware/GD32VF103_standard_peripheral/Include/gd32vf103_rcu.h"
 617              		.file 7 "./../../firmware/GD32VF103_standard_peripheral/Include/gd32vf103_gpio.h"
GAS LISTING C:\Users\abdul\AppData\Local\Temp\ccN9puu7.s 			page 16


DEFINED SYMBOLS
                            *ABS*:0000000000000000 lioonewire.c
C:\Users\abdul\AppData\Local\Temp\ccN9puu7.s:12     .text.delay_us:0000000000000000 delay_us
C:\Users\abdul\AppData\Local\Temp\ccN9puu7.s:16     .text.delay_us:0000000000000000 .L0 
C:\Users\abdul\AppData\Local\Temp\ccN9puu7.s:18     .text.delay_us:0000000000000000 .L0 
C:\Users\abdul\AppData\Local\Temp\ccN9puu7.s:20     .text.delay_us:0000000000000000 .L0 
C:\Users\abdul\AppData\Local\Temp\ccN9puu7.s:22     .text.delay_us:0000000000000000 .L0 
C:\Users\abdul\AppData\Local\Temp\ccN9puu7.s:23     .text.delay_us:0000000000000000 .L0 
C:\Users\abdul\AppData\Local\Temp\ccN9puu7.s:25     .text.delay_us:0000000000000002 .L0 
C:\Users\abdul\AppData\Local\Temp\ccN9puu7.s:28     .text.delay_us:0000000000000002 .L0 
C:\Users\abdul\AppData\Local\Temp\ccN9puu7.s:30     .text.delay_us:0000000000000004 .L0 
C:\Users\abdul\AppData\Local\Temp\ccN9puu7.s:34     .text.delay_us:0000000000000006 .L0 
C:\Users\abdul\AppData\Local\Temp\ccN9puu7.s:36     .text.delay_us:0000000000000008 .L0 
C:\Users\abdul\AppData\Local\Temp\ccN9puu7.s:39     .text.delay_us:000000000000000c .L0 
C:\Users\abdul\AppData\Local\Temp\ccN9puu7.s:41     .text.delay_us:000000000000000e .L0 
C:\Users\abdul\AppData\Local\Temp\ccN9puu7.s:42     .text.delay_us:000000000000000e .L0 
C:\Users\abdul\AppData\Local\Temp\ccN9puu7.s:46     .text.delay_us:0000000000000010 .L0 
        lioonewire.c:46     .text.delay_us:0000000000000010 .L0 
C:\Users\abdul\AppData\Local\Temp\ccN9puu7.s:55     .text.delay_us:0000000000000012 .L0 
C:\Users\abdul\AppData\Local\Temp\ccN9puu7.s:60     .text.delay_us:000000000000001a .L0 
C:\Users\abdul\AppData\Local\Temp\ccN9puu7.s:67     .text.dpin_drive:0000000000000000 dpin_drive
C:\Users\abdul\AppData\Local\Temp\ccN9puu7.s:70     .text.dpin_drive:0000000000000000 .L0 
C:\Users\abdul\AppData\Local\Temp\ccN9puu7.s:71     .text.dpin_drive:0000000000000000 .L0 
C:\Users\abdul\AppData\Local\Temp\ccN9puu7.s:72     .text.dpin_drive:0000000000000000 .L0 
C:\Users\abdul\AppData\Local\Temp\ccN9puu7.s:77     .text.dpin_drive:0000000000000014 .L0 
C:\Users\abdul\AppData\Local\Temp\ccN9puu7.s:84     .text.dpin_release:0000000000000000 dpin_release
C:\Users\abdul\AppData\Local\Temp\ccN9puu7.s:87     .text.dpin_release:0000000000000000 .L0 
C:\Users\abdul\AppData\Local\Temp\ccN9puu7.s:88     .text.dpin_release:0000000000000000 .L0 
C:\Users\abdul\AppData\Local\Temp\ccN9puu7.s:89     .text.dpin_release:0000000000000000 .L0 
C:\Users\abdul\AppData\Local\Temp\ccN9puu7.s:94     .text.dpin_release:0000000000000014 .L0 
C:\Users\abdul\AppData\Local\Temp\ccN9puu7.s:101    .text.dpin_sample:0000000000000000 dpin_sample
C:\Users\abdul\AppData\Local\Temp\ccN9puu7.s:104    .text.dpin_sample:0000000000000000 .L0 
C:\Users\abdul\AppData\Local\Temp\ccN9puu7.s:105    .text.dpin_sample:0000000000000000 .L0 
C:\Users\abdul\AppData\Local\Temp\ccN9puu7.s:106    .text.dpin_sample:0000000000000000 .L0 
C:\Users\abdul\AppData\Local\Temp\ccN9puu7.s:107    .text.dpin_sample:0000000000000000 .L0 
C:\Users\abdul\AppData\Local\Temp\ccN9puu7.s:109    .text.dpin_sample:0000000000000004 .L0 
C:\Users\abdul\AppData\Local\Temp\ccN9puu7.s:111    .text.dpin_sample:0000000000000006 .L0 
C:\Users\abdul\AppData\Local\Temp\ccN9puu7.s:113    .text.dpin_sample:0000000000000006 .L0 
C:\Users\abdul\AppData\Local\Temp\ccN9puu7.s:116    .text.dpin_sample:000000000000000e .L0 
C:\Users\abdul\AppData\Local\Temp\ccN9puu7.s:117    .text.dpin_sample:0000000000000010 .L0 
C:\Users\abdul\AppData\Local\Temp\ccN9puu7.s:119    .text.dpin_sample:0000000000000010 .L0 
C:\Users\abdul\AppData\Local\Temp\ccN9puu7.s:122    .text.dpin_sample:0000000000000018 .L0 
C:\Users\abdul\AppData\Local\Temp\ccN9puu7.s:123    .text.dpin_sample:000000000000001a .L0 
C:\Users\abdul\AppData\Local\Temp\ccN9puu7.s:127    .text.dpin_sample:0000000000000020 .L0 
C:\Users\abdul\AppData\Local\Temp\ccN9puu7.s:129    .text.dpin_sample:0000000000000022 .L0 
C:\Users\abdul\AppData\Local\Temp\ccN9puu7.s:136    .text.lio_init_OW:0000000000000000 lio_init_OW
C:\Users\abdul\AppData\Local\Temp\ccN9puu7.s:139    .text.lio_init_OW:0000000000000000 .L0 
C:\Users\abdul\AppData\Local\Temp\ccN9puu7.s:140    .text.lio_init_OW:0000000000000000 .L0 
C:\Users\abdul\AppData\Local\Temp\ccN9puu7.s:141    .text.lio_init_OW:0000000000000000 .L0 
C:\Users\abdul\AppData\Local\Temp\ccN9puu7.s:142    .text.lio_init_OW:0000000000000000 .L0 
C:\Users\abdul\AppData\Local\Temp\ccN9puu7.s:144    .text.lio_init_OW:0000000000000002 .L0 
C:\Users\abdul\AppData\Local\Temp\ccN9puu7.s:146    .text.lio_init_OW:0000000000000002 .L0 
C:\Users\abdul\AppData\Local\Temp\ccN9puu7.s:148    .text.lio_init_OW:0000000000000006 .L0 
C:\Users\abdul\AppData\Local\Temp\ccN9puu7.s:149    .text.lio_init_OW:0000000000000008 .L0 
C:\Users\abdul\AppData\Local\Temp\ccN9puu7.s:151    .text.lio_init_OW:0000000000000008 .L0 
C:\Users\abdul\AppData\Local\Temp\ccN9puu7.s:154    .text.lio_init_OW:0000000000000010 .L0 
C:\Users\abdul\AppData\Local\Temp\ccN9puu7.s:155    .text.lio_init_OW:0000000000000010 .L0 
GAS LISTING C:\Users\abdul\AppData\Local\Temp\ccN9puu7.s 			page 17


C:\Users\abdul\AppData\Local\Temp\ccN9puu7.s:156    .text.lio_init_OW:0000000000000012 .L0 
C:\Users\abdul\AppData\Local\Temp\ccN9puu7.s:158    .text.lio_init_OW:0000000000000012 .L0 
C:\Users\abdul\AppData\Local\Temp\ccN9puu7.s:160    .text.lio_init_OW:0000000000000016 .L0 
C:\Users\abdul\AppData\Local\Temp\ccN9puu7.s:161    .text.lio_init_OW:0000000000000016 .L0 
C:\Users\abdul\AppData\Local\Temp\ccN9puu7.s:166    .text.lio_init_OW:0000000000000022 .L0 
C:\Users\abdul\AppData\Local\Temp\ccN9puu7.s:168    .text.lio_init_OW:0000000000000024 .L0 
C:\Users\abdul\AppData\Local\Temp\ccN9puu7.s:170    .text.lio_init_OW:0000000000000024 .L0 
C:\Users\abdul\AppData\Local\Temp\ccN9puu7.s:172    .text.lio_init_OW:000000000000002c .L0 
C:\Users\abdul\AppData\Local\Temp\ccN9puu7.s:179    .text.lio_OW_write_bit:0000000000000000 lio_OW_write_bit
C:\Users\abdul\AppData\Local\Temp\ccN9puu7.s:182    .text.lio_OW_write_bit:0000000000000000 .L0 
C:\Users\abdul\AppData\Local\Temp\ccN9puu7.s:184    .text.lio_OW_write_bit:0000000000000000 .L0 
C:\Users\abdul\AppData\Local\Temp\ccN9puu7.s:185    .text.lio_OW_write_bit:0000000000000000 .L0 
C:\Users\abdul\AppData\Local\Temp\ccN9puu7.s:186    .text.lio_OW_write_bit:0000000000000000 .L0 
C:\Users\abdul\AppData\Local\Temp\ccN9puu7.s:188    .text.lio_OW_write_bit:0000000000000002 .L0 
C:\Users\abdul\AppData\Local\Temp\ccN9puu7.s:190    .text.lio_OW_write_bit:0000000000000004 .L0 
C:\Users\abdul\AppData\Local\Temp\ccN9puu7.s:192    .text.lio_OW_write_bit:0000000000000004 .L0 
C:\Users\abdul\AppData\Local\Temp\ccN9puu7.s:197    .text.lio_OW_write_bit:0000000000000006 .L0 
C:\Users\abdul\AppData\Local\Temp\ccN9puu7.s:200    .text.lio_OW_write_bit:000000000000000e .L0 
C:\Users\abdul\AppData\Local\Temp\ccN9puu7.s:204    .text.lio_OW_write_bit:0000000000000018 .L0 
C:\Users\abdul\AppData\Local\Temp\ccN9puu7.s:207    .text.lio_OW_write_bit:0000000000000020 .L0 
C:\Users\abdul\AppData\Local\Temp\ccN9puu7.s:212    .text.lio_OW_write_bit:0000000000000024 .L0 
C:\Users\abdul\AppData\Local\Temp\ccN9puu7.s:213    .text.lio_OW_write_bit:0000000000000026 .L0 
C:\Users\abdul\AppData\Local\Temp\ccN9puu7.s:214    .text.lio_OW_write_bit:0000000000000026 .L0 
C:\Users\abdul\AppData\Local\Temp\ccN9puu7.s:217    .text.lio_OW_write_bit:0000000000000028 .L0 
C:\Users\abdul\AppData\Local\Temp\ccN9puu7.s:219    .text.lio_OW_write_bit:0000000000000028 .L0 
C:\Users\abdul\AppData\Local\Temp\ccN9puu7.s:223    .text.lio_OW_write_bit:0000000000000030 .L0 
C:\Users\abdul\AppData\Local\Temp\ccN9puu7.s:225    .text.lio_OW_write_bit:0000000000000030 .L0 
C:\Users\abdul\AppData\Local\Temp\ccN9puu7.s:228    .text.lio_OW_write_bit:0000000000000038 .L0 
C:\Users\abdul\AppData\Local\Temp\ccN9puu7.s:232    .text.lio_OW_write_bit:0000000000000044 .L0 
C:\Users\abdul\AppData\Local\Temp\ccN9puu7.s:235    .text.lio_OW_write_bit:000000000000004c .L0 
C:\Users\abdul\AppData\Local\Temp\ccN9puu7.s:237    .text.lio_OW_write_bit:0000000000000050 .L0 
C:\Users\abdul\AppData\Local\Temp\ccN9puu7.s:244    .text.lio_OW_read_bit:0000000000000000 lio_OW_read_bit
C:\Users\abdul\AppData\Local\Temp\ccN9puu7.s:247    .text.lio_OW_read_bit:0000000000000000 .L0 
C:\Users\abdul\AppData\Local\Temp\ccN9puu7.s:248    .text.lio_OW_read_bit:0000000000000000 .L0 
C:\Users\abdul\AppData\Local\Temp\ccN9puu7.s:250    .text.lio_OW_read_bit:0000000000000000 .L0 
C:\Users\abdul\AppData\Local\Temp\ccN9puu7.s:251    .text.lio_OW_read_bit:0000000000000000 .L0 
C:\Users\abdul\AppData\Local\Temp\ccN9puu7.s:252    .text.lio_OW_read_bit:0000000000000000 .L0 
C:\Users\abdul\AppData\Local\Temp\ccN9puu7.s:254    .text.lio_OW_read_bit:0000000000000002 .L0 
C:\Users\abdul\AppData\Local\Temp\ccN9puu7.s:257    .text.lio_OW_read_bit:0000000000000006 .L0 
C:\Users\abdul\AppData\Local\Temp\ccN9puu7.s:258    .text.lio_OW_read_bit:0000000000000006 .L0 
C:\Users\abdul\AppData\Local\Temp\ccN9puu7.s:260    .text.lio_OW_read_bit:0000000000000006 .L0 
C:\Users\abdul\AppData\Local\Temp\ccN9puu7.s:263    .text.lio_OW_read_bit:000000000000000e .L0 
C:\Users\abdul\AppData\Local\Temp\ccN9puu7.s:267    .text.lio_OW_read_bit:0000000000000018 .L0 
C:\Users\abdul\AppData\Local\Temp\ccN9puu7.s:270    .text.lio_OW_read_bit:0000000000000020 .L0 
C:\Users\abdul\AppData\Local\Temp\ccN9puu7.s:274    .text.lio_OW_read_bit:000000000000002a .L0 
C:\Users\abdul\AppData\Local\Temp\ccN9puu7.s:275    .text.lio_OW_read_bit:000000000000002a .L0 
C:\Users\abdul\AppData\Local\Temp\ccN9puu7.s:280    .text.lio_OW_read_bit:0000000000000034 .L0 
C:\Users\abdul\AppData\Local\Temp\ccN9puu7.s:284    .text.lio_OW_read_bit:0000000000000040 .L0 
C:\Users\abdul\AppData\Local\Temp\ccN9puu7.s:285    .text.lio_OW_read_bit:0000000000000040 .L0 
C:\Users\abdul\AppData\Local\Temp\ccN9puu7.s:287    .text.lio_OW_read_bit:0000000000000044 .L0 
C:\Users\abdul\AppData\Local\Temp\ccN9puu7.s:289    .text.lio_OW_read_bit:0000000000000046 .L0 
C:\Users\abdul\AppData\Local\Temp\ccN9puu7.s:293    .text.lio_OW_read_bit:0000000000000048 .L0 
C:\Users\abdul\AppData\Local\Temp\ccN9puu7.s:295    .text.lio_OW_read_bit:000000000000004a .L0 
C:\Users\abdul\AppData\Local\Temp\ccN9puu7.s:302    .text.lio_OW_read_byte:0000000000000000 lio_OW_read_byte
C:\Users\abdul\AppData\Local\Temp\ccN9puu7.s:305    .text.lio_OW_read_byte:0000000000000000 .L0 
C:\Users\abdul\AppData\Local\Temp\ccN9puu7.s:306    .text.lio_OW_read_byte:0000000000000000 .L0 
C:\Users\abdul\AppData\Local\Temp\ccN9puu7.s:308    .text.lio_OW_read_byte:0000000000000000 .L0 
GAS LISTING C:\Users\abdul\AppData\Local\Temp\ccN9puu7.s 			page 18


C:\Users\abdul\AppData\Local\Temp\ccN9puu7.s:310    .text.lio_OW_read_byte:0000000000000000 .L0 
C:\Users\abdul\AppData\Local\Temp\ccN9puu7.s:312    .text.lio_OW_read_byte:0000000000000000 .L0 
C:\Users\abdul\AppData\Local\Temp\ccN9puu7.s:313    .text.lio_OW_read_byte:0000000000000000 .L0 
C:\Users\abdul\AppData\Local\Temp\ccN9puu7.s:315    .text.lio_OW_read_byte:0000000000000002 .L0 
C:\Users\abdul\AppData\Local\Temp\ccN9puu7.s:319    .text.lio_OW_read_byte:0000000000000008 .L0 
C:\Users\abdul\AppData\Local\Temp\ccN9puu7.s:320    .text.lio_OW_read_byte:0000000000000008 .L0 
C:\Users\abdul\AppData\Local\Temp\ccN9puu7.s:321    .text.lio_OW_read_byte:0000000000000008 .L0 
C:\Users\abdul\AppData\Local\Temp\ccN9puu7.s:323    .text.lio_OW_read_byte:0000000000000008 .L0 
C:\Users\abdul\AppData\Local\Temp\ccN9puu7.s:325    .text.lio_OW_read_byte:000000000000000a .L0 
C:\Users\abdul\AppData\Local\Temp\ccN9puu7.s:330    .text.lio_OW_read_byte:000000000000000c .L0 
C:\Users\abdul\AppData\Local\Temp\ccN9puu7.s:331    .text.lio_OW_read_byte:000000000000000c .L0 
C:\Users\abdul\AppData\Local\Temp\ccN9puu7.s:334    .text.lio_OW_read_byte:000000000000000e .L0 
C:\Users\abdul\AppData\Local\Temp\ccN9puu7.s:335    .text.lio_OW_read_byte:000000000000000e .L0 
C:\Users\abdul\AppData\Local\Temp\ccN9puu7.s:338    .text.lio_OW_read_byte:0000000000000016 .L0 
C:\Users\abdul\AppData\Local\Temp\ccN9puu7.s:340    .text.lio_OW_read_byte:0000000000000018 .L0 
C:\Users\abdul\AppData\Local\Temp\ccN9puu7.s:341    .text.lio_OW_read_byte:0000000000000018 .L0 
C:\Users\abdul\AppData\Local\Temp\ccN9puu7.s:350    .text.lio_OW_read_byte:0000000000000026 .L0 
C:\Users\abdul\AppData\Local\Temp\ccN9puu7.s:353    .text.lio_OW_read_byte:0000000000000028 .L0 
C:\Users\abdul\AppData\Local\Temp\ccN9puu7.s:354    .text.lio_OW_read_byte:0000000000000028 .L0 
C:\Users\abdul\AppData\Local\Temp\ccN9puu7.s:356    .text.lio_OW_read_byte:000000000000002c .L0 
C:\Users\abdul\AppData\Local\Temp\ccN9puu7.s:358    .text.lio_OW_read_byte:000000000000002e .L0 
C:\Users\abdul\AppData\Local\Temp\ccN9puu7.s:361    .text.lio_OW_read_byte:0000000000000030 .L0 
C:\Users\abdul\AppData\Local\Temp\ccN9puu7.s:364    .text.lio_OW_read_byte:0000000000000032 .L0 
C:\Users\abdul\AppData\Local\Temp\ccN9puu7.s:366    .text.lio_OW_read_byte:0000000000000034 .L0 
C:\Users\abdul\AppData\Local\Temp\ccN9puu7.s:373    .text.lio_OW_write_byte:0000000000000000 lio_OW_write_byte
C:\Users\abdul\AppData\Local\Temp\ccN9puu7.s:376    .text.lio_OW_write_byte:0000000000000000 .L0 
C:\Users\abdul\AppData\Local\Temp\ccN9puu7.s:378    .text.lio_OW_write_byte:0000000000000000 .L0 
C:\Users\abdul\AppData\Local\Temp\ccN9puu7.s:380    .text.lio_OW_write_byte:0000000000000000 .L0 
C:\Users\abdul\AppData\Local\Temp\ccN9puu7.s:382    .text.lio_OW_write_byte:0000000000000000 .L0 
C:\Users\abdul\AppData\Local\Temp\ccN9puu7.s:383    .text.lio_OW_write_byte:0000000000000000 .L0 
C:\Users\abdul\AppData\Local\Temp\ccN9puu7.s:385    .text.lio_OW_write_byte:0000000000000002 .L0 
C:\Users\abdul\AppData\Local\Temp\ccN9puu7.s:389    .text.lio_OW_write_byte:0000000000000008 .L0 
C:\Users\abdul\AppData\Local\Temp\ccN9puu7.s:390    .text.lio_OW_write_byte:0000000000000008 .L0 
C:\Users\abdul\AppData\Local\Temp\ccN9puu7.s:391    .text.lio_OW_write_byte:0000000000000008 .L0 
C:\Users\abdul\AppData\Local\Temp\ccN9puu7.s:393    .text.lio_OW_write_byte:0000000000000008 .L0 
C:\Users\abdul\AppData\Local\Temp\ccN9puu7.s:400    .text.lio_OW_write_byte:000000000000000c .L0 
C:\Users\abdul\AppData\Local\Temp\ccN9puu7.s:406    .text.lio_OW_write_byte:000000000000001a .L0 
C:\Users\abdul\AppData\Local\Temp\ccN9puu7.s:407    .text.lio_OW_write_byte:000000000000001a .L0 
C:\Users\abdul\AppData\Local\Temp\ccN9puu7.s:410    .text.lio_OW_write_byte:000000000000001c .L0 
C:\Users\abdul\AppData\Local\Temp\ccN9puu7.s:413    .text.lio_OW_write_byte:000000000000001e .L0 
C:\Users\abdul\AppData\Local\Temp\ccN9puu7.s:414    .text.lio_OW_write_byte:0000000000000020 .L0 
C:\Users\abdul\AppData\Local\Temp\ccN9puu7.s:416    .text.lio_OW_write_byte:0000000000000022 .L0 
C:\Users\abdul\AppData\Local\Temp\ccN9puu7.s:418    .text.lio_OW_write_byte:0000000000000024 .L0 
C:\Users\abdul\AppData\Local\Temp\ccN9puu7.s:422    .text.lio_OW_write_byte:0000000000000026 .L0 
C:\Users\abdul\AppData\Local\Temp\ccN9puu7.s:424    .text.lio_OW_write_byte:0000000000000028 .L0 
C:\Users\abdul\AppData\Local\Temp\ccN9puu7.s:431    .text.lio_OW_touch_reset:0000000000000000 lio_OW_touch_reset
C:\Users\abdul\AppData\Local\Temp\ccN9puu7.s:434    .text.lio_OW_touch_reset:0000000000000000 .L0 
C:\Users\abdul\AppData\Local\Temp\ccN9puu7.s:435    .text.lio_OW_touch_reset:0000000000000000 .L0 
C:\Users\abdul\AppData\Local\Temp\ccN9puu7.s:437    .text.lio_OW_touch_reset:0000000000000000 .L0 
C:\Users\abdul\AppData\Local\Temp\ccN9puu7.s:438    .text.lio_OW_touch_reset:0000000000000000 .L0 
C:\Users\abdul\AppData\Local\Temp\ccN9puu7.s:439    .text.lio_OW_touch_reset:0000000000000000 .L0 
C:\Users\abdul\AppData\Local\Temp\ccN9puu7.s:441    .text.lio_OW_touch_reset:0000000000000002 .L0 
C:\Users\abdul\AppData\Local\Temp\ccN9puu7.s:443    .text.lio_OW_touch_reset:0000000000000002 .L0 
C:\Users\abdul\AppData\Local\Temp\ccN9puu7.s:445    .text.lio_OW_touch_reset:0000000000000004 .L0 
C:\Users\abdul\AppData\Local\Temp\ccN9puu7.s:447    .text.lio_OW_touch_reset:0000000000000008 .L0 
C:\Users\abdul\AppData\Local\Temp\ccN9puu7.s:448    .text.lio_OW_touch_reset:0000000000000008 .L0 
C:\Users\abdul\AppData\Local\Temp\ccN9puu7.s:450    .text.lio_OW_touch_reset:0000000000000008 .L0 
GAS LISTING C:\Users\abdul\AppData\Local\Temp\ccN9puu7.s 			page 19


C:\Users\abdul\AppData\Local\Temp\ccN9puu7.s:453    .text.lio_OW_touch_reset:0000000000000010 .L0 
C:\Users\abdul\AppData\Local\Temp\ccN9puu7.s:456    .text.lio_OW_touch_reset:0000000000000018 .L0 
C:\Users\abdul\AppData\Local\Temp\ccN9puu7.s:460    .text.lio_OW_touch_reset:0000000000000024 .L0 
C:\Users\abdul\AppData\Local\Temp\ccN9puu7.s:463    .text.lio_OW_touch_reset:000000000000002c .L0 
C:\Users\abdul\AppData\Local\Temp\ccN9puu7.s:467    .text.lio_OW_touch_reset:0000000000000038 .L0 
C:\Users\abdul\AppData\Local\Temp\ccN9puu7.s:468    .text.lio_OW_touch_reset:0000000000000038 .L0 
C:\Users\abdul\AppData\Local\Temp\ccN9puu7.s:473    .text.lio_OW_touch_reset:0000000000000042 .L0 
C:\Users\abdul\AppData\Local\Temp\ccN9puu7.s:477    .text.lio_OW_touch_reset:000000000000004e .L0 
C:\Users\abdul\AppData\Local\Temp\ccN9puu7.s:478    .text.lio_OW_touch_reset:000000000000004e .L0 
C:\Users\abdul\AppData\Local\Temp\ccN9puu7.s:480    .text.lio_OW_touch_reset:0000000000000052 .L0 
C:\Users\abdul\AppData\Local\Temp\ccN9puu7.s:482    .text.lio_OW_touch_reset:0000000000000054 .L0 
C:\Users\abdul\AppData\Local\Temp\ccN9puu7.s:486    .text.lio_OW_touch_reset:0000000000000056 .L0 
C:\Users\abdul\AppData\Local\Temp\ccN9puu7.s:488    .text.lio_OW_touch_reset:0000000000000058 .L0 
C:\Users\abdul\AppData\Local\Temp\ccN9puu7.s:495    .text.lio_read_temp:0000000000000000 lio_read_temp
C:\Users\abdul\AppData\Local\Temp\ccN9puu7.s:498    .text.lio_read_temp:0000000000000000 .L0 
C:\Users\abdul\AppData\Local\Temp\ccN9puu7.s:499    .text.lio_read_temp:0000000000000000 .L0 
C:\Users\abdul\AppData\Local\Temp\ccN9puu7.s:501    .text.lio_read_temp:0000000000000000 .L0 
C:\Users\abdul\AppData\Local\Temp\ccN9puu7.s:502    .text.lio_read_temp:0000000000000000 .L0 
C:\Users\abdul\AppData\Local\Temp\ccN9puu7.s:503    .text.lio_read_temp:0000000000000000 .L0 
C:\Users\abdul\AppData\Local\Temp\ccN9puu7.s:505    .text.lio_read_temp:0000000000000002 .L0 
C:\Users\abdul\AppData\Local\Temp\ccN9puu7.s:507    .text.lio_read_temp:0000000000000004 .L0 
C:\Users\abdul\AppData\Local\Temp\ccN9puu7.s:509    .text.lio_read_temp:0000000000000004 .L0 
C:\Users\abdul\AppData\Local\Temp\ccN9puu7.s:512    .text.lio_read_temp:000000000000000c .L0 
C:\Users\abdul\AppData\Local\Temp\ccN9puu7.s:514    .text.lio_read_temp:000000000000000e .L0 
C:\Users\abdul\AppData\Local\Temp\ccN9puu7.s:515    .text.lio_read_temp:0000000000000010 .L0 
C:\Users\abdul\AppData\Local\Temp\ccN9puu7.s:517    .text.lio_read_temp:0000000000000010 .L0 
C:\Users\abdul\AppData\Local\Temp\ccN9puu7.s:519    .text.lio_read_temp:0000000000000012 .L0 
C:\Users\abdul\AppData\Local\Temp\ccN9puu7.s:522    .text.lio_read_temp:000000000000001a .L0 
C:\Users\abdul\AppData\Local\Temp\ccN9puu7.s:526    .text.lio_read_temp:0000000000000026 .L0 
C:\Users\abdul\AppData\Local\Temp\ccN9puu7.s:530    .text.lio_read_temp:0000000000000032 .L0 
C:\Users\abdul\AppData\Local\Temp\ccN9puu7.s:534    .text.lio_read_temp:000000000000003e .L0 
C:\Users\abdul\AppData\Local\Temp\ccN9puu7.s:538    .text.lio_read_temp:000000000000004a .L0 
C:\Users\abdul\AppData\Local\Temp\ccN9puu7.s:542    .text.lio_read_temp:0000000000000056 .L0 
C:\Users\abdul\AppData\Local\Temp\ccN9puu7.s:543    .text.lio_read_temp:0000000000000056 .L0 
C:\Users\abdul\AppData\Local\Temp\ccN9puu7.s:546    .text.lio_read_temp:000000000000005a .L0 
C:\Users\abdul\AppData\Local\Temp\ccN9puu7.s:549    .text.lio_read_temp:0000000000000062 .L0 
C:\Users\abdul\AppData\Local\Temp\ccN9puu7.s:553    .text.lio_read_temp:000000000000006e .L0 
C:\Users\abdul\AppData\Local\Temp\ccN9puu7.s:557    .text.lio_read_temp:000000000000007a .L0 
C:\Users\abdul\AppData\Local\Temp\ccN9puu7.s:561    .text.lio_read_temp:0000000000000086 .L0 
C:\Users\abdul\AppData\Local\Temp\ccN9puu7.s:564    .text.lio_read_temp:000000000000008e .L0 
C:\Users\abdul\AppData\Local\Temp\ccN9puu7.s:568    .text.lio_read_temp:000000000000009a .L0 
C:\Users\abdul\AppData\Local\Temp\ccN9puu7.s:572    .text.lio_read_temp:00000000000000a6 .L0 
C:\Users\abdul\AppData\Local\Temp\ccN9puu7.s:573    .text.lio_read_temp:00000000000000a6 .L0 
C:\Users\abdul\AppData\Local\Temp\ccN9puu7.s:578    .text.lio_read_temp:00000000000000b0 .L0 
C:\Users\abdul\AppData\Local\Temp\ccN9puu7.s:579    .text.lio_read_temp:00000000000000b0 .L0 
C:\Users\abdul\AppData\Local\Temp\ccN9puu7.s:582    .text.lio_read_temp:00000000000000b8 .L0 
C:\Users\abdul\AppData\Local\Temp\ccN9puu7.s:583    .text.lio_read_temp:00000000000000b8 .L0 
C:\Users\abdul\AppData\Local\Temp\ccN9puu7.s:586    .text.lio_read_temp:00000000000000ba .L0 
C:\Users\abdul\AppData\Local\Temp\ccN9puu7.s:588    .text.lio_read_temp:00000000000000bc .L0 
C:\Users\abdul\AppData\Local\Temp\ccN9puu7.s:589    .text.lio_read_temp:00000000000000be .L0 
C:\Users\abdul\AppData\Local\Temp\ccN9puu7.s:591    .text.lio_read_temp:00000000000000c0 .L0 
C:\Users\abdul\AppData\Local\Temp\ccN9puu7.s:597    .text.lio_read_temp:00000000000000c6 .L0 
C:\Users\abdul\AppData\Local\Temp\ccN9puu7.s:599    .text.lio_read_temp:00000000000000c8 .L0 
C:\Users\abdul\AppData\Local\Temp\ccN9puu7.s:608    .sdata.first_read:0000000000000000 first_read
C:\Users\abdul\AppData\Local\Temp\ccN9puu7.s:605    .sdata.first_read:0000000000000000 .LANCHOR0
C:\Users\abdul\AppData\Local\Temp\ccN9puu7.s:63     .text.delay_us:000000000000001a .L0 
C:\Users\abdul\AppData\Local\Temp\ccN9puu7.s:80     .text.dpin_drive:0000000000000014 .L0 
GAS LISTING C:\Users\abdul\AppData\Local\Temp\ccN9puu7.s 			page 20


C:\Users\abdul\AppData\Local\Temp\ccN9puu7.s:97     .text.dpin_release:0000000000000014 .L0 
C:\Users\abdul\AppData\Local\Temp\ccN9puu7.s:132    .text.dpin_sample:0000000000000022 .L0 
C:\Users\abdul\AppData\Local\Temp\ccN9puu7.s:175    .text.lio_init_OW:000000000000002c .L0 
C:\Users\abdul\AppData\Local\Temp\ccN9puu7.s:240    .text.lio_OW_write_bit:0000000000000050 .L0 
C:\Users\abdul\AppData\Local\Temp\ccN9puu7.s:298    .text.lio_OW_read_bit:000000000000004a .L0 
C:\Users\abdul\AppData\Local\Temp\ccN9puu7.s:369    .text.lio_OW_read_byte:0000000000000034 .L0 
C:\Users\abdul\AppData\Local\Temp\ccN9puu7.s:427    .text.lio_OW_write_byte:0000000000000028 .L0 
C:\Users\abdul\AppData\Local\Temp\ccN9puu7.s:491    .text.lio_OW_touch_reset:0000000000000058 .L0 
C:\Users\abdul\AppData\Local\Temp\ccN9puu7.s:603    .text.lio_read_temp:00000000000000c8 .L0 
                     .debug_frame:0000000000000000 .L0 
C:\Users\abdul\AppData\Local\Temp\ccN9puu7.s:44     .text.delay_us:0000000000000010 .L3
C:\Users\abdul\AppData\Local\Temp\ccN9puu7.s:32     .text.delay_us:0000000000000006 .L2
C:\Users\abdul\AppData\Local\Temp\ccN9puu7.s:221    .text.lio_OW_write_bit:0000000000000030 .L12
C:\Users\abdul\AppData\Local\Temp\ccN9puu7.s:208    .text.lio_OW_write_bit:0000000000000024 .L14
C:\Users\abdul\AppData\Local\Temp\ccN9puu7.s:345    .text.lio_OW_read_byte:0000000000000020 .L18
C:\Users\abdul\AppData\Local\Temp\ccN9puu7.s:327    .text.lio_OW_read_byte:000000000000000c .L19
C:\Users\abdul\AppData\Local\Temp\ccN9puu7.s:397    .text.lio_OW_write_byte:000000000000000c .L26
C:\Users\abdul\AppData\Local\Temp\ccN9puu7.s:544    .text.lio_read_temp:000000000000005a .L32
C:\Users\abdul\AppData\Local\Temp\ccN9puu7.s:1512   .debug_abbrev:0000000000000000 .Ldebug_abbrev0
C:\Users\abdul\AppData\Local\Temp\ccN9puu7.s:2497   .debug_str:000000000000001a .LASF74
C:\Users\abdul\AppData\Local\Temp\ccN9puu7.s:2585   .debug_str:00000000000002cd .LASF75
C:\Users\abdul\AppData\Local\Temp\ccN9puu7.s:2567   .debug_str:000000000000020b .LASF76
C:\Users\abdul\AppData\Local\Temp\ccN9puu7.s:2445   .debug_ranges:0000000000000000 .Ldebug_ranges0
C:\Users\abdul\AppData\Local\Temp\ccN9puu7.s:2491   .debug_line:0000000000000000 .Ldebug_line0
C:\Users\abdul\AppData\Local\Temp\ccN9puu7.s:2579   .debug_str:00000000000002a1 .LASF0
C:\Users\abdul\AppData\Local\Temp\ccN9puu7.s:2649   .debug_str:0000000000000435 .LASF2
C:\Users\abdul\AppData\Local\Temp\ccN9puu7.s:2569   .debug_str:0000000000000257 .LASF1
C:\Users\abdul\AppData\Local\Temp\ccN9puu7.s:2631   .debug_str:00000000000003d4 .LASF3
C:\Users\abdul\AppData\Local\Temp\ccN9puu7.s:2521   .debug_str:0000000000000120 .LASF4
C:\Users\abdul\AppData\Local\Temp\ccN9puu7.s:2595   .debug_str:000000000000030c .LASF5
C:\Users\abdul\AppData\Local\Temp\ccN9puu7.s:2537   .debug_str:0000000000000175 .LASF6
C:\Users\abdul\AppData\Local\Temp\ccN9puu7.s:2515   .debug_str:0000000000000100 .LASF7
C:\Users\abdul\AppData\Local\Temp\ccN9puu7.s:2619   .debug_str:0000000000000384 .LASF8
C:\Users\abdul\AppData\Local\Temp\ccN9puu7.s:2513   .debug_str:00000000000000f2 .LASF9
C:\Users\abdul\AppData\Local\Temp\ccN9puu7.s:2581   .debug_str:00000000000002ad .LASF10
C:\Users\abdul\AppData\Local\Temp\ccN9puu7.s:2587   .debug_str:00000000000002da .LASF11
C:\Users\abdul\AppData\Local\Temp\ccN9puu7.s:2525   .debug_str:0000000000000135 .LASF12
C:\Users\abdul\AppData\Local\Temp\ccN9puu7.s:2603   .debug_str:0000000000000340 .LASF13
C:\Users\abdul\AppData\Local\Temp\ccN9puu7.s:2583   .debug_str:00000000000002c4 .LASF14
C:\Users\abdul\AppData\Local\Temp\ccN9puu7.s:2499   .debug_str:00000000000000a2 .LASF53
C:\Users\abdul\AppData\Local\Temp\ccN9puu7.s:2607   .debug_str:0000000000000351 .LASF15
C:\Users\abdul\AppData\Local\Temp\ccN9puu7.s:2609   .debug_str:000000000000035a .LASF16
C:\Users\abdul\AppData\Local\Temp\ccN9puu7.s:2647   .debug_str:000000000000042d .LASF17
C:\Users\abdul\AppData\Local\Temp\ccN9puu7.s:2643   .debug_str:000000000000041b .LASF18
C:\Users\abdul\AppData\Local\Temp\ccN9puu7.s:2639   .debug_str:0000000000000403 .LASF19
C:\Users\abdul\AppData\Local\Temp\ccN9puu7.s:2553   .debug_str:00000000000001bf .LASF20
C:\Users\abdul\AppData\Local\Temp\ccN9puu7.s:2555   .debug_str:00000000000001ca .LASF21
C:\Users\abdul\AppData\Local\Temp\ccN9puu7.s:2557   .debug_str:00000000000001d5 .LASF22
C:\Users\abdul\AppData\Local\Temp\ccN9puu7.s:2559   .debug_str:00000000000001e0 .LASF23
C:\Users\abdul\AppData\Local\Temp\ccN9puu7.s:2561   .debug_str:00000000000001eb .LASF24
C:\Users\abdul\AppData\Local\Temp\ccN9puu7.s:2545   .debug_str:0000000000000197 .LASF25
C:\Users\abdul\AppData\Local\Temp\ccN9puu7.s:2533   .debug_str:000000000000015f .LASF26
C:\Users\abdul\AppData\Local\Temp\ccN9puu7.s:2563   .debug_str:00000000000001f6 .LASF27
C:\Users\abdul\AppData\Local\Temp\ccN9puu7.s:2543   .debug_str:000000000000018e .LASF28
C:\Users\abdul\AppData\Local\Temp\ccN9puu7.s:2627   .debug_str:00000000000003be .LASF29
C:\Users\abdul\AppData\Local\Temp\ccN9puu7.s:2629   .debug_str:00000000000003c9 .LASF30
C:\Users\abdul\AppData\Local\Temp\ccN9puu7.s:2635   .debug_str:00000000000003ef .LASF31
GAS LISTING C:\Users\abdul\AppData\Local\Temp\ccN9puu7.s 			page 21


C:\Users\abdul\AppData\Local\Temp\ccN9puu7.s:2637   .debug_str:00000000000003f9 .LASF32
C:\Users\abdul\AppData\Local\Temp\ccN9puu7.s:2597   .debug_str:000000000000031f .LASF33
C:\Users\abdul\AppData\Local\Temp\ccN9puu7.s:2599   .debug_str:0000000000000328 .LASF34
C:\Users\abdul\AppData\Local\Temp\ccN9puu7.s:2529   .debug_str:000000000000014d .LASF35
C:\Users\abdul\AppData\Local\Temp\ccN9puu7.s:2531   .debug_str:0000000000000156 .LASF36
C:\Users\abdul\AppData\Local\Temp\ccN9puu7.s:2577   .debug_str:0000000000000298 .LASF37
C:\Users\abdul\AppData\Local\Temp\ccN9puu7.s:2593   .debug_str:0000000000000304 .LASF38
C:\Users\abdul\AppData\Local\Temp\ccN9puu7.s:2613   .debug_str:0000000000000368 .LASF39
C:\Users\abdul\AppData\Local\Temp\ccN9puu7.s:2519   .debug_str:0000000000000118 .LASF40
C:\Users\abdul\AppData\Local\Temp\ccN9puu7.s:2615   .debug_str:0000000000000370 .LASF41
C:\Users\abdul\AppData\Local\Temp\ccN9puu7.s:2501   .debug_str:00000000000000b2 .LASF42
C:\Users\abdul\AppData\Local\Temp\ccN9puu7.s:2503   .debug_str:00000000000000bc .LASF43
C:\Users\abdul\AppData\Local\Temp\ccN9puu7.s:2505   .debug_str:00000000000000c6 .LASF44
C:\Users\abdul\AppData\Local\Temp\ccN9puu7.s:2507   .debug_str:00000000000000d0 .LASF45
C:\Users\abdul\AppData\Local\Temp\ccN9puu7.s:2509   .debug_str:00000000000000da .LASF46
C:\Users\abdul\AppData\Local\Temp\ccN9puu7.s:2605   .debug_str:0000000000000348 .LASF47
C:\Users\abdul\AppData\Local\Temp\ccN9puu7.s:2575   .debug_str:000000000000028f .LASF48
C:\Users\abdul\AppData\Local\Temp\ccN9puu7.s:2551   .debug_str:00000000000001b4 .LASF49
C:\Users\abdul\AppData\Local\Temp\ccN9puu7.s:2539   .debug_str:000000000000017e .LASF50
C:\Users\abdul\AppData\Local\Temp\ccN9puu7.s:2625   .debug_str:00000000000003b3 .LASF51
C:\Users\abdul\AppData\Local\Temp\ccN9puu7.s:2565   .debug_str:00000000000001ff .LASF52
C:\Users\abdul\AppData\Local\Temp\ccN9puu7.s:2523   .debug_str:000000000000012a .LASF54
C:\Users\abdul\AppData\Local\Temp\ccN9puu7.s:2641   .debug_str:000000000000040d .LASF57
C:\Users\abdul\AppData\Local\Temp\ccN9puu7.s:496    .text.lio_read_temp:0000000000000000 .LFB12
C:\Users\abdul\AppData\Local\Temp\ccN9puu7.s:600    .text.lio_read_temp:00000000000000c8 .LFE12
C:\Users\abdul\AppData\Local\Temp\ccN9puu7.s:2076   .debug_loc:0000000000000000 .LLST17
C:\Users\abdul\AppData\Local\Temp\ccN9puu7.s:2547   .debug_str:00000000000001a2 .LASF55
C:\Users\abdul\AppData\Local\Temp\ccN9puu7.s:2094   .debug_loc:000000000000002c .LLST18
C:\Users\abdul\AppData\Local\Temp\ccN9puu7.s:2541   .debug_str:0000000000000187 .LASF56
C:\Users\abdul\AppData\Local\Temp\ccN9puu7.s:2101   .debug_loc:000000000000003f .LLST19
C:\Users\abdul\AppData\Local\Temp\ccN9puu7.s:520    .text.lio_read_temp:000000000000001a .LVL51
C:\Users\abdul\AppData\Local\Temp\ccN9puu7.s:524    .text.lio_read_temp:0000000000000026 .LVL52
C:\Users\abdul\AppData\Local\Temp\ccN9puu7.s:528    .text.lio_read_temp:0000000000000032 .LVL53
C:\Users\abdul\AppData\Local\Temp\ccN9puu7.s:532    .text.lio_read_temp:000000000000003e .LVL54
C:\Users\abdul\AppData\Local\Temp\ccN9puu7.s:536    .text.lio_read_temp:000000000000004a .LVL55
C:\Users\abdul\AppData\Local\Temp\ccN9puu7.s:540    .text.lio_read_temp:0000000000000056 .LVL56
C:\Users\abdul\AppData\Local\Temp\ccN9puu7.s:547    .text.lio_read_temp:0000000000000062 .LVL57
C:\Users\abdul\AppData\Local\Temp\ccN9puu7.s:551    .text.lio_read_temp:000000000000006e .LVL58
C:\Users\abdul\AppData\Local\Temp\ccN9puu7.s:555    .text.lio_read_temp:000000000000007a .LVL59
C:\Users\abdul\AppData\Local\Temp\ccN9puu7.s:559    .text.lio_read_temp:0000000000000086 .LVL60
C:\Users\abdul\AppData\Local\Temp\ccN9puu7.s:562    .text.lio_read_temp:000000000000008e .LVL61
C:\Users\abdul\AppData\Local\Temp\ccN9puu7.s:566    .text.lio_read_temp:000000000000009a .LVL62
C:\Users\abdul\AppData\Local\Temp\ccN9puu7.s:570    .text.lio_read_temp:00000000000000a6 .LVL63
C:\Users\abdul\AppData\Local\Temp\ccN9puu7.s:574    .text.lio_read_temp:00000000000000ae .LVL64
C:\Users\abdul\AppData\Local\Temp\ccN9puu7.s:580    .text.lio_read_temp:00000000000000b8 .LVL66
C:\Users\abdul\AppData\Local\Temp\ccN9puu7.s:2623   .debug_str:00000000000003a0 .LASF58
C:\Users\abdul\AppData\Local\Temp\ccN9puu7.s:432    .text.lio_OW_touch_reset:0000000000000000 .LFB11
C:\Users\abdul\AppData\Local\Temp\ccN9puu7.s:489    .text.lio_OW_touch_reset:0000000000000058 .LFE11
C:\Users\abdul\AppData\Local\Temp\ccN9puu7.s:2113   .debug_loc:000000000000005e .LLST15
C:\Users\abdul\AppData\Local\Temp\ccN9puu7.s:2131   .debug_loc:000000000000008a .LLST16
C:\Users\abdul\AppData\Local\Temp\ccN9puu7.s:451    .text.lio_OW_touch_reset:0000000000000010 .LVL41
C:\Users\abdul\AppData\Local\Temp\ccN9puu7.s:454    .text.lio_OW_touch_reset:0000000000000018 .LVL42
C:\Users\abdul\AppData\Local\Temp\ccN9puu7.s:458    .text.lio_OW_touch_reset:0000000000000024 .LVL43
C:\Users\abdul\AppData\Local\Temp\ccN9puu7.s:461    .text.lio_OW_touch_reset:000000000000002c .LVL44
C:\Users\abdul\AppData\Local\Temp\ccN9puu7.s:465    .text.lio_OW_touch_reset:0000000000000038 .LVL45
C:\Users\abdul\AppData\Local\Temp\ccN9puu7.s:469    .text.lio_OW_touch_reset:0000000000000040 .LVL46
C:\Users\abdul\AppData\Local\Temp\ccN9puu7.s:475    .text.lio_OW_touch_reset:000000000000004e .LVL48
GAS LISTING C:\Users\abdul\AppData\Local\Temp\ccN9puu7.s 			page 22


C:\Users\abdul\AppData\Local\Temp\ccN9puu7.s:2573   .debug_str:000000000000027d .LASF62
C:\Users\abdul\AppData\Local\Temp\ccN9puu7.s:374    .text.lio_OW_write_byte:0000000000000000 .LFB10
C:\Users\abdul\AppData\Local\Temp\ccN9puu7.s:425    .text.lio_OW_write_byte:0000000000000028 .LFE10
C:\Users\abdul\AppData\Local\Temp\ccN9puu7.s:2143   .debug_loc:00000000000000a9 .LLST12
C:\Users\abdul\AppData\Local\Temp\ccN9puu7.s:2611   .debug_str:0000000000000363 .LASF67
C:\Users\abdul\AppData\Local\Temp\ccN9puu7.s:2161   .debug_loc:00000000000000d5 .LLST13
C:\Users\abdul\AppData\Local\Temp\ccN9puu7.s:2172   .debug_loc:00000000000000f3 .LLST14
C:\Users\abdul\AppData\Local\Temp\ccN9puu7.s:404    .text.lio_OW_write_byte:000000000000001a .LVL37
C:\Users\abdul\AppData\Local\Temp\ccN9puu7.s:2633   .debug_str:00000000000003de .LASF59
C:\Users\abdul\AppData\Local\Temp\ccN9puu7.s:303    .text.lio_OW_read_byte:0000000000000000 .LFB9
C:\Users\abdul\AppData\Local\Temp\ccN9puu7.s:367    .text.lio_OW_read_byte:0000000000000034 .LFE9
C:\Users\abdul\AppData\Local\Temp\ccN9puu7.s:2196   .debug_loc:0000000000000125 .LLST9
C:\Users\abdul\AppData\Local\Temp\ccN9puu7.s:2495   .debug_str:0000000000000013 .LASF60
C:\Users\abdul\AppData\Local\Temp\ccN9puu7.s:2214   .debug_loc:0000000000000151 .LLST10
C:\Users\abdul\AppData\Local\Temp\ccN9puu7.s:2230   .debug_loc:000000000000017b .LLST11
C:\Users\abdul\AppData\Local\Temp\ccN9puu7.s:336    .text.lio_OW_read_byte:0000000000000016 .LVL28
C:\Users\abdul\AppData\Local\Temp\ccN9puu7.s:2527   .debug_str:000000000000013d .LASF61
C:\Users\abdul\AppData\Local\Temp\ccN9puu7.s:245    .text.lio_OW_read_bit:0000000000000000 .LFB8
C:\Users\abdul\AppData\Local\Temp\ccN9puu7.s:296    .text.lio_OW_read_bit:000000000000004a .LFE8
C:\Users\abdul\AppData\Local\Temp\ccN9puu7.s:2254   .debug_loc:00000000000001ad .LLST7
C:\Users\abdul\AppData\Local\Temp\ccN9puu7.s:2272   .debug_loc:00000000000001d9 .LLST8
C:\Users\abdul\AppData\Local\Temp\ccN9puu7.s:261    .text.lio_OW_read_bit:000000000000000e .LVL17
C:\Users\abdul\AppData\Local\Temp\ccN9puu7.s:265    .text.lio_OW_read_bit:0000000000000018 .LVL18
C:\Users\abdul\AppData\Local\Temp\ccN9puu7.s:268    .text.lio_OW_read_bit:0000000000000020 .LVL19
C:\Users\abdul\AppData\Local\Temp\ccN9puu7.s:272    .text.lio_OW_read_bit:000000000000002a .LVL20
C:\Users\abdul\AppData\Local\Temp\ccN9puu7.s:276    .text.lio_OW_read_bit:0000000000000032 .LVL21
C:\Users\abdul\AppData\Local\Temp\ccN9puu7.s:282    .text.lio_OW_read_bit:0000000000000040 .LVL23
C:\Users\abdul\AppData\Local\Temp\ccN9puu7.s:2591   .debug_str:00000000000002f3 .LASF77
C:\Users\abdul\AppData\Local\Temp\ccN9puu7.s:2589   .debug_str:00000000000002e7 .LASF64
C:\Users\abdul\AppData\Local\Temp\ccN9puu7.s:137    .text.lio_init_OW:0000000000000000 .LFB6
C:\Users\abdul\AppData\Local\Temp\ccN9puu7.s:173    .text.lio_init_OW:000000000000002c .LFE6
C:\Users\abdul\AppData\Local\Temp\ccN9puu7.s:2284   .debug_loc:00000000000001f8 .LLST3
C:\Users\abdul\AppData\Local\Temp\ccN9puu7.s:152    .text.lio_init_OW:0000000000000010 .LVL5
C:\Users\abdul\AppData\Local\Temp\ccN9puu7.s:171    .text.lio_init_OW:000000000000002c .LVL6
C:\Users\abdul\AppData\Local\Temp\ccN9puu7.s:2535   .debug_str:0000000000000169 .LASF63
C:\Users\abdul\AppData\Local\Temp\ccN9puu7.s:102    .text.dpin_sample:0000000000000000 .LFB5
C:\Users\abdul\AppData\Local\Temp\ccN9puu7.s:130    .text.dpin_sample:0000000000000022 .LFE5
C:\Users\abdul\AppData\Local\Temp\ccN9puu7.s:2302   .debug_loc:0000000000000224 .LLST2
C:\Users\abdul\AppData\Local\Temp\ccN9puu7.s:120    .text.dpin_sample:0000000000000018 .LVL4
C:\Users\abdul\AppData\Local\Temp\ccN9puu7.s:2617   .debug_str:0000000000000377 .LASF65
C:\Users\abdul\AppData\Local\Temp\ccN9puu7.s:85     .text.dpin_release:0000000000000000 .LFB4
C:\Users\abdul\AppData\Local\Temp\ccN9puu7.s:95     .text.dpin_release:0000000000000014 .LFE4
C:\Users\abdul\AppData\Local\Temp\ccN9puu7.s:93     .text.dpin_release:0000000000000014 .LVL3
C:\Users\abdul\AppData\Local\Temp\ccN9puu7.s:2549   .debug_str:00000000000001a9 .LASF66
C:\Users\abdul\AppData\Local\Temp\ccN9puu7.s:68     .text.dpin_drive:0000000000000000 .LFB3
C:\Users\abdul\AppData\Local\Temp\ccN9puu7.s:78     .text.dpin_drive:0000000000000014 .LFE3
C:\Users\abdul\AppData\Local\Temp\ccN9puu7.s:76     .text.dpin_drive:0000000000000014 .LVL2
C:\Users\abdul\AppData\Local\Temp\ccN9puu7.s:2645   .debug_str:0000000000000424 .LASF78
C:\Users\abdul\AppData\Local\Temp\ccN9puu7.s:13     .text.delay_us:0000000000000000 .LFB2
C:\Users\abdul\AppData\Local\Temp\ccN9puu7.s:61     .text.delay_us:000000000000001a .LFE2
C:\Users\abdul\AppData\Local\Temp\ccN9puu7.s:2320   .debug_loc:0000000000000250 .LLST0
C:\Users\abdul\AppData\Local\Temp\ccN9puu7.s:2343   .debug_loc:0000000000000288 .LLST1
C:\Users\abdul\AppData\Local\Temp\ccN9puu7.s:180    .text.lio_OW_write_bit:0000000000000000 .LFB7
C:\Users\abdul\AppData\Local\Temp\ccN9puu7.s:238    .text.lio_OW_write_bit:0000000000000050 .LFE7
C:\Users\abdul\AppData\Local\Temp\ccN9puu7.s:2357   .debug_loc:00000000000002a9 .LLST4
C:\Users\abdul\AppData\Local\Temp\ccN9puu7.s:2380   .debug_loc:00000000000002e1 .LLST5
C:\Users\abdul\AppData\Local\Temp\ccN9puu7.s:194    .text.lio_OW_write_bit:0000000000000006 .LBB7
GAS LISTING C:\Users\abdul\AppData\Local\Temp\ccN9puu7.s 			page 23


C:\Users\abdul\AppData\Local\Temp\ccN9puu7.s:210    .text.lio_OW_write_bit:0000000000000024 .LBE7
C:\Users\abdul\AppData\Local\Temp\ccN9puu7.s:2405   .debug_loc:000000000000031b .LLST6
C:\Users\abdul\AppData\Local\Temp\ccN9puu7.s:198    .text.lio_OW_write_bit:000000000000000e .LVL9
C:\Users\abdul\AppData\Local\Temp\ccN9puu7.s:202    .text.lio_OW_write_bit:0000000000000018 .LVL10
C:\Users\abdul\AppData\Local\Temp\ccN9puu7.s:205    .text.lio_OW_write_bit:0000000000000020 .LVL11
C:\Users\abdul\AppData\Local\Temp\ccN9puu7.s:220    .text.lio_OW_write_bit:0000000000000030 .LVL12
C:\Users\abdul\AppData\Local\Temp\ccN9puu7.s:226    .text.lio_OW_write_bit:0000000000000038 .LVL13
C:\Users\abdul\AppData\Local\Temp\ccN9puu7.s:230    .text.lio_OW_write_bit:0000000000000044 .LVL14
C:\Users\abdul\AppData\Local\Temp\ccN9puu7.s:233    .text.lio_OW_write_bit:000000000000004c .LVL15
C:\Users\abdul\AppData\Local\Temp\ccN9puu7.s:2511   .debug_str:00000000000000e4 .LASF68
C:\Users\abdul\AppData\Local\Temp\ccN9puu7.s:2571   .debug_str:0000000000000265 .LASF69
C:\Users\abdul\AppData\Local\Temp\ccN9puu7.s:2621   .debug_str:0000000000000396 .LASF70
C:\Users\abdul\AppData\Local\Temp\ccN9puu7.s:2493   .debug_str:0000000000000000 .LASF71
C:\Users\abdul\AppData\Local\Temp\ccN9puu7.s:2517   .debug_str:000000000000010b .LASF72
C:\Users\abdul\AppData\Local\Temp\ccN9puu7.s:2601   .debug_str:0000000000000331 .LASF73
C:\Users\abdul\AppData\Local\Temp\ccN9puu7.s:504    .text.lio_read_temp:0000000000000002 .LCFI18
C:\Users\abdul\AppData\Local\Temp\ccN9puu7.s:596    .text.lio_read_temp:00000000000000c6 .LCFI19
C:\Users\abdul\AppData\Local\Temp\ccN9puu7.s:576    .text.lio_read_temp:00000000000000b0 .LVL65
C:\Users\abdul\AppData\Local\Temp\ccN9puu7.s:592    .text.lio_read_temp:00000000000000c0 .LVL68
C:\Users\abdul\AppData\Local\Temp\ccN9puu7.s:500    .text.lio_read_temp:0000000000000000 .LVL50
C:\Users\abdul\AppData\Local\Temp\ccN9puu7.s:584    .text.lio_read_temp:00000000000000ba .LVL67
C:\Users\abdul\AppData\Local\Temp\ccN9puu7.s:440    .text.lio_OW_touch_reset:0000000000000002 .LCFI16
C:\Users\abdul\AppData\Local\Temp\ccN9puu7.s:485    .text.lio_OW_touch_reset:0000000000000056 .LCFI17
C:\Users\abdul\AppData\Local\Temp\ccN9puu7.s:436    .text.lio_OW_touch_reset:0000000000000000 .LVL40
C:\Users\abdul\AppData\Local\Temp\ccN9puu7.s:471    .text.lio_OW_touch_reset:0000000000000042 .LVL47
C:\Users\abdul\AppData\Local\Temp\ccN9puu7.s:483    .text.lio_OW_touch_reset:0000000000000054 .LVL49
C:\Users\abdul\AppData\Local\Temp\ccN9puu7.s:384    .text.lio_OW_write_byte:0000000000000002 .LCFI14
C:\Users\abdul\AppData\Local\Temp\ccN9puu7.s:421    .text.lio_OW_write_byte:0000000000000026 .LCFI15
C:\Users\abdul\AppData\Local\Temp\ccN9puu7.s:377    .text.lio_OW_write_byte:0000000000000000 .LVL33
C:\Users\abdul\AppData\Local\Temp\ccN9puu7.s:394    .text.lio_OW_write_byte:000000000000000a .LVL34
C:\Users\abdul\AppData\Local\Temp\ccN9puu7.s:419    .text.lio_OW_write_byte:0000000000000024 .LVL39
C:\Users\abdul\AppData\Local\Temp\ccN9puu7.s:396    .text.lio_OW_write_byte:000000000000000c .LVL35
C:\Users\abdul\AppData\Local\Temp\ccN9puu7.s:402    .text.lio_OW_write_byte:0000000000000012 .LVL36
C:\Users\abdul\AppData\Local\Temp\ccN9puu7.s:408    .text.lio_OW_write_byte:000000000000001c .LVL38
C:\Users\abdul\AppData\Local\Temp\ccN9puu7.s:314    .text.lio_OW_read_byte:0000000000000002 .LCFI12
C:\Users\abdul\AppData\Local\Temp\ccN9puu7.s:363    .text.lio_OW_read_byte:0000000000000032 .LCFI13
C:\Users\abdul\AppData\Local\Temp\ccN9puu7.s:307    .text.lio_OW_read_byte:0000000000000000 .LVL25
C:\Users\abdul\AppData\Local\Temp\ccN9puu7.s:326    .text.lio_OW_read_byte:000000000000000c .LVL26
C:\Users\abdul\AppData\Local\Temp\ccN9puu7.s:342    .text.lio_OW_read_byte:000000000000001c .LVL29
C:\Users\abdul\AppData\Local\Temp\ccN9puu7.s:344    .text.lio_OW_read_byte:0000000000000020 .LVL30
C:\Users\abdul\AppData\Local\Temp\ccN9puu7.s:359    .text.lio_OW_read_byte:000000000000002e .LVL32
C:\Users\abdul\AppData\Local\Temp\ccN9puu7.s:347    .text.lio_OW_read_byte:0000000000000022 .LVL31
C:\Users\abdul\AppData\Local\Temp\ccN9puu7.s:253    .text.lio_OW_read_bit:0000000000000002 .LCFI10
C:\Users\abdul\AppData\Local\Temp\ccN9puu7.s:292    .text.lio_OW_read_bit:0000000000000048 .LCFI11
C:\Users\abdul\AppData\Local\Temp\ccN9puu7.s:249    .text.lio_OW_read_bit:0000000000000000 .LVL16
C:\Users\abdul\AppData\Local\Temp\ccN9puu7.s:278    .text.lio_OW_read_bit:0000000000000034 .LVL22
C:\Users\abdul\AppData\Local\Temp\ccN9puu7.s:290    .text.lio_OW_read_bit:0000000000000046 .LVL24
C:\Users\abdul\AppData\Local\Temp\ccN9puu7.s:143    .text.lio_init_OW:0000000000000002 .LCFI5
C:\Users\abdul\AppData\Local\Temp\ccN9puu7.s:167    .text.lio_init_OW:0000000000000024 .LCFI6
C:\Users\abdul\AppData\Local\Temp\ccN9puu7.s:110    .text.dpin_sample:0000000000000006 .LCFI3
C:\Users\abdul\AppData\Local\Temp\ccN9puu7.s:126    .text.dpin_sample:0000000000000020 .LCFI4
C:\Users\abdul\AppData\Local\Temp\ccN9puu7.s:24     .text.delay_us:0000000000000002 .LCFI0
C:\Users\abdul\AppData\Local\Temp\ccN9puu7.s:40     .text.delay_us:000000000000000e .LCFI1
C:\Users\abdul\AppData\Local\Temp\ccN9puu7.s:45     .text.delay_us:0000000000000010 .LCFI2
C:\Users\abdul\AppData\Local\Temp\ccN9puu7.s:17     .text.delay_us:0000000000000000 .LVL0
C:\Users\abdul\AppData\Local\Temp\ccN9puu7.s:31     .text.delay_us:0000000000000006 .LVL1
C:\Users\abdul\AppData\Local\Temp\ccN9puu7.s:187    .text.lio_OW_write_bit:0000000000000002 .LCFI7
GAS LISTING C:\Users\abdul\AppData\Local\Temp\ccN9puu7.s 			page 24


C:\Users\abdul\AppData\Local\Temp\ccN9puu7.s:216    .text.lio_OW_write_bit:0000000000000028 .LCFI8
C:\Users\abdul\AppData\Local\Temp\ccN9puu7.s:222    .text.lio_OW_write_bit:0000000000000030 .LCFI9
C:\Users\abdul\AppData\Local\Temp\ccN9puu7.s:183    .text.lio_OW_write_bit:0000000000000000 .LVL7
C:\Users\abdul\AppData\Local\Temp\ccN9puu7.s:193    .text.lio_OW_write_bit:0000000000000006 .LVL8
C:\Users\abdul\AppData\Local\Temp\ccN9puu7.s:619    .debug_info:0000000000000000 .Ldebug_info0
C:\Users\abdul\AppData\Local\Temp\ccN9puu7.s:19     .text.delay_us:0000000000000000 .LBB2
C:\Users\abdul\AppData\Local\Temp\ccN9puu7.s:21     .text.delay_us:0000000000000000 .LBE2
C:\Users\abdul\AppData\Local\Temp\ccN9puu7.s:26     .text.delay_us:0000000000000002 .LBB3
C:\Users\abdul\AppData\Local\Temp\ccN9puu7.s:37     .text.delay_us:000000000000000c .LBE3
C:\Users\abdul\AppData\Local\Temp\ccN9puu7.s:47     .text.delay_us:0000000000000010 .LBB4
C:\Users\abdul\AppData\Local\Temp\ccN9puu7.s:59     .text.delay_us:000000000000001a .LBE4
C:\Users\abdul\AppData\Local\Temp\ccN9puu7.s:309    .text.lio_OW_read_byte:0000000000000000 .LBB9
C:\Users\abdul\AppData\Local\Temp\ccN9puu7.s:311    .text.lio_OW_read_byte:0000000000000000 .LBE9
C:\Users\abdul\AppData\Local\Temp\ccN9puu7.s:328    .text.lio_OW_read_byte:000000000000000c .LBB10
C:\Users\abdul\AppData\Local\Temp\ccN9puu7.s:351    .text.lio_OW_read_byte:0000000000000028 .LBE10
C:\Users\abdul\AppData\Local\Temp\ccN9puu7.s:379    .text.lio_OW_write_byte:0000000000000000 .LBB11
C:\Users\abdul\AppData\Local\Temp\ccN9puu7.s:381    .text.lio_OW_write_byte:0000000000000000 .LBE11
C:\Users\abdul\AppData\Local\Temp\ccN9puu7.s:398    .text.lio_OW_write_byte:000000000000000c .LBB12
C:\Users\abdul\AppData\Local\Temp\ccN9puu7.s:411    .text.lio_OW_write_byte:000000000000001e .LBE12

UNDEFINED SYMBOLS
gpio_bit_reset
gpio_bit_set
gpio_input_bit_get
rcu_periph_clock_enable
gpio_init
usb_delay_1ms
